warning: plausible: repository '/home/mrnob0dy666/imsgct/p4rakernel/p4ramill/.lake/packages/plausible' has local changes
warning: LeanSearchClient: repository '/home/mrnob0dy666/imsgct/p4rakernel/p4ramill/.lake/packages/LeanSearchClient' has local changes
warning: importGraph: repository '/home/mrnob0dy666/imsgct/p4rakernel/p4ramill/.lake/packages/importGraph' has local changes
warning: proofwidgets: repository '/home/mrnob0dy666/imsgct/p4rakernel/p4ramill/.lake/packages/proofwidgets' has local changes
warning: aesop: repository '/home/mrnob0dy666/imsgct/p4rakernel/p4ramill/.lake/packages/aesop' has local changes
warning: Qq: repository '/home/mrnob0dy666/imsgct/p4rakernel/p4ramill/.lake/packages/Qq' has local changes
warning: Cli: repository '/home/mrnob0dy666/imsgct/p4rakernel/p4ramill/.lake/packages/Cli' has local changes
'Imscribing.Paraconsistent.CombinatoryReentry.lattice_apply' does not depend on any axioms
'Imscribing.Paraconsistent.CombinatoryReentry.after_unfold' does not depend on any axioms
'Imscribing.Paraconsistent.CombinatoryReentry.after_apply' does not depend on any axioms
'Imscribing.Paraconsistent.TrilatticePrograms.lattice_idempotent' does not depend on any axioms
'Imscribing.Paraconsistent.TrilatticePrograms.seedPoint_fixed' does not depend on any axioms
'Imscribing.Paraconsistent.TrilatticePrograms.seedPoint_least' does not depend on any axioms
'Imscribing.Paraconsistent.TrilatticePrograms.diagonal_apply' does not depend on any axioms
'Imscribing.Paraconsistent.TrilatticePrograms.retainAfterInject_apply' does not depend on any axioms
'Imscribing.Paraconsistent.TrilatticePrograms.injectAfterRetain_apply' does not depend on any axioms
trilattice checks passed: 1536 binary inputs, 96 diagonal inputs, 96 seeded maps, 6 diagonal maps
composition checks passed: 8192 data inputs and 512 native fixed-point maps
some { hasN := false, hasT := false, hasF := false, hasB := false }
some { hasN := false, hasT := false, hasF := false, hasB := true }
