warning: plausible: repository '/home/mrnob0dy666/imsgct/p4rakernel/p4ramill/.lake/packages/plausible' has local changes
warning: LeanSearchClient: repository '/home/mrnob0dy666/imsgct/p4rakernel/p4ramill/.lake/packages/LeanSearchClient' has local changes
warning: importGraph: repository '/home/mrnob0dy666/imsgct/p4rakernel/p4ramill/.lake/packages/importGraph' has local changes
warning: proofwidgets: repository '/home/mrnob0dy666/imsgct/p4rakernel/p4ramill/.lake/packages/proofwidgets' has local changes
warning: aesop: repository '/home/mrnob0dy666/imsgct/p4rakernel/p4ramill/.lake/packages/aesop' has local changes
warning: Qq: repository '/home/mrnob0dy666/imsgct/p4rakernel/p4ramill/.lake/packages/Qq' has local changes
warning: Cli: repository '/home/mrnob0dy666/imsgct/p4rakernel/p4ramill/.lake/packages/Cli' has local changes
'Imscribing.Paraconsistent.CombinatoryReentry.abstract_apply' depends on axioms: [propext]
'Imscribing.Paraconsistent.CombinatoryReentry.duplicate_apply' does not depend on any axioms
'Imscribing.Paraconsistent.CombinatoryReentry.SKK_identity' does not depend on any axioms
'Imscribing.Paraconsistent.CombinatoryReentry.Y_fixedpoint' depends on axioms: [propext]
'Imscribing.Paraconsistent.CombinatoryReentry.Y_constant' depends on axioms: [propext]
'Imscribing.Paraconsistent.CombinatoryReentry.hold_apply' does not depend on any axioms
'Imscribing.Paraconsistent.CombinatoryReentry.seededOperator_apply' depends on axioms: [propext]
'Imscribing.Paraconsistent.CombinatoryReentry.run_reduces' depends on axioms: [propext]
'Imscribing.Paraconsistent.CombinatoryReentry.run_add' depends on axioms: [propext]
'Imscribing.Paraconsistent.CombinatoryReentry.executionSignal_tick' depends on axioms: [propext]
[Imscribing.Paraconsistent.CombinatoryReentry.Term.app
   (Imscribing.Paraconsistent.CombinatoryReentry.Term.app
     (Imscribing.Paraconsistent.CombinatoryReentry.Term.app
       (Imscribing.Paraconsistent.CombinatoryReentry.Term.s)
       (Imscribing.Paraconsistent.CombinatoryReentry.Term.informationJoin))
     (Imscribing.Paraconsistent.CombinatoryReentry.Term.negation))
   (Imscribing.Paraconsistent.CombinatoryReentry.Term.datum
     { hasN := false, hasT := true, hasF := false, hasB := false }),
 Imscribing.Paraconsistent.CombinatoryReentry.Term.app
   (Imscribing.Paraconsistent.CombinatoryReentry.Term.app
     (Imscribing.Paraconsistent.CombinatoryReentry.Term.informationJoin)
     (Imscribing.Paraconsistent.CombinatoryReentry.Term.datum
       { hasN := false, hasT := true, hasF := false, hasB := false }))
   (Imscribing.Paraconsistent.CombinatoryReentry.Term.app
     (Imscribing.Paraconsistent.CombinatoryReentry.Term.negation)
     (Imscribing.Paraconsistent.CombinatoryReentry.Term.datum
       { hasN := false, hasT := true, hasF := false, hasB := false })),
 Imscribing.Paraconsistent.CombinatoryReentry.Term.app
   (Imscribing.Paraconsistent.CombinatoryReentry.Term.app
     (Imscribing.Paraconsistent.CombinatoryReentry.Term.informationJoin)
     (Imscribing.Paraconsistent.CombinatoryReentry.Term.datum
       { hasN := false, hasT := true, hasF := false, hasB := false }))
   (Imscribing.Paraconsistent.CombinatoryReentry.Term.datum
     { hasN := false, hasT := false, hasF := true, hasB := false }),
 Imscribing.Paraconsistent.CombinatoryReentry.Term.datum { hasN := false, hasT := true, hasF := true, hasB := false },
 Imscribing.Paraconsistent.CombinatoryReentry.Term.datum { hasN := false, hasT := true, hasF := true, hasB := false }]
Imscribing.Paraconsistent.CombinatoryReentry.Term.datum { hasN := false, hasT := true, hasF := false, hasB := false }
Imscribing.Paraconsistent.CombinatoryReentry.Term.datum { hasN := false, hasT := true, hasF := true, hasB := false }
Imscribing.Paraconsistent.CombinatoryReentry.Term.datum { hasN := false, hasT := false, hasF := false, hasB := true }
