[  1%] Built target leanshell
[  1%] Built target initialize
[  3%] Built target constructions
[ 16%] Built target util
Consolidate compiler generated dependencies of target kernel
[ 16%] Built target copy-cadical
[ 31%] Built target library
[ 32%] Building CXX object kernel/CMakeFiles/kernel.dir/declaration.cpp.o
[ 34%] Built target leanmain
[ 59%] Built target leanrt_initial-exec
[ 60%] Built target leanmanifest
[ 60%] Built target leaninitialize
[ 86%] Built target leanrt
✔ [1963/2209] Built Lean.Meta.Constructions (460ms)
[ 98%] Built target kernel
[ 99%] Linking CXX static library lib/lean/libleancpp.a
[100%] Linking CXX static library lib/temp/libleancpp_1.a
✔ [1967/2210] Built Lean.Server.FileWorker.Utils (747ms)
[100%] Built target leancpp_1
[100%] Built target leancpp
✔ [1968/2210] Built Lean.Elab.Deriving.Nonempty (1.3s)
✔ [1969/2211] Built Lean.Elab.BinderPredicates (2.3s)
✔ [1970/2211] Built Lean.Elab.Tactic.SolveByElim (2.4s)
✔ [1971/2214] Built Lean.Elab.PreDefinition.Basic (2.8s)
✔ [1972/2214] Built Lean.Elab.Print (2.6s)
✔ [1973/2214] Built Lean.Elab.Deriving.TypeName (980ms)
✔ [1974/2214] Built Lean.Elab.Deriving.Inhabited (2.0s)
✔ [1975/2214] Built Lean.Elab.Tactic.ElabTerm (3.6s)
✔ [1976/2215] Built Lean.Elab.PreDefinition.Structural.SmartUnfolding (1.1s)
✔ [1978/2215] Built Lean.Elab.PreDefinition.Mutual (768ms)
✔ [1979/2215] Built Lean.Server.Requests (2.8s)
✔ [1980/2215] Built Lean.Elab.PreDefinition.WF.Unfold (2.1s)
✔ [1981/2215] Built Lean.Elab.Tactic.Do.ProofMode.Exact (850ms)
✔ [1982/2215] Built Lean.Elab.PreDefinition.WF.Fix (2.4s)
✔ [1983/2215] Built Lean.Elab.Tactic.Injection (742ms)
✔ [1984/2215] Built Lean.Elab.Tactic.Calc (1.1s)
✔ [1985/2216] Built Lean.Elab.Tactic.Location (834ms)
✔ [1986/2217] Built Lean.Elab.Tactic.Do.ProofMode.Specialize (1.9s)
✔ [1987/2217] Built Lean.Elab.ElabRules (6.4s)
✔ [1988/2217] Built Lean.Elab.PreDefinition.FixedParams (3.4s)
✔ [1989/2217] Built Lean.Server.Rpc.RequestHandling (1.3s)
✔ [1990/2217] Built Lean.Elab.Tactic.Do.ProofMode.Assumption (776ms)
✔ [1991/2217] Built Lean.Server.CodeActions.Basic (1.4s)
✔ [1992/2217] Built Lean.Elab.Tactic.Symm (822ms)
✔ [1993/2217] Built Lean.Elab.Tactic.Unfold (918ms)
✔ [1994/2217] Built Lean.Elab.Tactic.Delta (682ms)
✔ [1995/2217] Built Lean.Elab.Tactic.Generalize (1.5s)
✔ [1996/2217] Built Lean.Elab.Deriving.Repr (3.0s)
✔ [1997/2217] Built Lean.Elab.Tactic.Split (1.5s)
✔ [1998/2218] Built Lean.Elab.Tactic.Change (1.1s)
✔ [1999/2218] Built Lean.Elab.Tactic.Lets (1.3s)
✔ [2000/2218] Built Lean.Elab.Deriving.SizeOf (548ms)
✔ [2001/2219] Built Lean.Elab.Tactic.Do.ProofMode.Have (1.1s)
✔ [2002/2219] Built Lean.Elab.Tactic.Rewrite (2.0s)
✔ [2003/2219] Built Lean.Elab.Deriving.BEq (9.8s)
✔ [2004/2219] Built Lean.Elab.PreDefinition.WF.Eqns (926ms)
✔ [2005/2219] Built Lean.Elab.PreDefinition.WF.Rel (1.2s)
✔ [2006/2219] Built Lean.Elab.Deriving.DecEq (6.7s)
✔ [2007/2219] Built Lean.Elab.PreDefinition.Structural.RecArgInfo (698ms)
✔ [2008/2219] Built Lean.Elab.PreDefinition.Structural.Eqns (1.7s)
✔ [2009/2219] Built Lean.Elab.Deriving.Hashable (3.5s)
✔ [2010/2219] Built Lean.Elab.Tactic.Do.ProofMode.Refine (1.5s)
✔ [2011/2219] Built Lean.Widget.UserWidget (2.2s)
✔ [2012/2220] Built Lean.Elab.Tactic.Show (699ms)
✔ [2013/2222] Built Lean.Server.CodeActions.Attr (1.5s)
✔ [2014/2222] Built Lean.Elab.Tactic.BuiltinTactic (10s)
✔ [2015/2222] Built Lean.Elab.Tactic.Do.Spec (3.2s)
✔ [2016/2222] Built Lean.Elab.Deriving.FromToJson (9.9s)
✔ [2017/2222] Built Lean.Elab.PreDefinition.WF.PackMutual (1.4s)
✔ [2018/2222] Built Lean.Elab.ComputedFields (1.9s)
✔ [2019/2222] Built Lean.Elab.Tactic.Simp (7.9s)
✔ [2020/2222] Built Lean.Elab.PreDefinition.Structural.BRecOn (2.4s)
✔ [2021/2223] Built Lean.Elab.Tactic.Do.ProofMode (453ms)
✔ [2022/2223] Built Lean.Elab.PreDefinition.Structural.IndPred (1.6s)
✔ [2023/2223] Built Lean.Meta.Tactic.AC.Main (3.6s)
✔ [2024/2224] Built Lean.Elab.Deriving.ToExpr (3.0s)
✔ [2025/2224] Built Lean.Elab.Deriving.ReflBEq (1.1s)
✔ [2026/2224] Built Lean.Elab.Deriving.LawfulBEq (1.1s)
✔ [2027/2224] Built Lean.Elab.Deriving.Ord (5.2s)
✔ [2028/2226] Built Lean.Elab.PreDefinition.Structural.FindRecArg (3.5s)
✔ [2031/2226] Built Lean.Elab.Tactic.BVDecide.Frontend.Attr (1.6s)
✔ [2032/2227] Built Lean.Server.CodeActions.Provider (2.9s)
✔ [2034/2227] Built Lean.Elab.PreDefinition.WF.Preprocess (1.7s)
✔ [2035/2227] Built Lean.Elab.Deriving (625ms)
✔ [2036/2227] Built Lean.Elab.Tactic.Conv.Basic (2.4s)
✔ [2037/2229] Built Lean.Server.CodeActions (451ms)
✔ [2039/2229] Built Lean.Elab.Tactic.BVDecide.Frontend.LRAT (998ms)
✔ [2040/2229] Built Lean.Elab.Tactic.BVDecide.Frontend.Normalize.Basic (1.4s)
✔ [2041/2229] Built Lean.Elab.Tactic.Conv.Rewrite (685ms)
✔ [2042/2229] Built Lean.Elab.Tactic.Conv.Pattern (1.5s)
✔ [2043/2229] Built Lean.Elab.Tactic.Conv.Change (822ms)
✔ [2044/2229] Built Lean.Elab.Tactic.Do.VCGen.Basic (4.4s)
✔ [2045/2230] Built Lean.Elab.Tactic.Conv.Lets (1.1s)
✔ [2046/2230] Built Lean.Elab.Tactic.Induction (9.9s)
✔ [2049/2230] Built Lean.Elab.Tactic.Conv.Delta (703ms)
✔ [2050/2230] Built Lean.Elab.Macro (2.0s)
✔ [2051/2230] Built Lean.Elab.Tactic.BVDecide.Frontend.Normalize.ShortCircuit (627ms)
✔ [2052/2230] Built Lean.Elab.Tactic.Guard (2.9s)
✔ [2053/2230] Built Lean.Elab.Tactic.BVDecide.Frontend.Normalize.AC (2.7s)
✔ [2054/2230] Built Lean.Elab.Tactic.BVDecide.Frontend.Normalize.IntToBitVec (2.7s)
✔ [2055/2230] Built Lean.Meta.Tactic.TryThis (2.9s)
✔ [2056/2230] Built Lean.Elab.Tactic.Conv.Congr (3.4s)
✔ [2057/2231] Built Lean.Elab.Tactic.BVDecide.Frontend.Normalize.TypeAnalysis (2.6s)
✔ [2059/2231] Built Lean.Elab.Tactic.BVDecide.Frontend.Normalize.EmbeddedConstraint (1.0s)
✔ [2060/2231] Built Lean.Elab.Tactic.BVDecide.Frontend.Normalize.Rewrite (822ms)
✔ [2061/2231] Built Lean.Elab.Tactic.BVDecide.Frontend.Normalize.AndFlatten (1.3s)
✔ [2062/2231] Built Lean.Elab.Tactic.SimpArith (888ms)
✔ [2063/2231] Built Lean.Elab.PreDefinition.Structural.Main (1.6s)
✔ [2064/2231] Built Lean.Elab.Tactic.ShowTerm (718ms)
✔ [2065/2231] Built Lean.Elab.Tactic.Match (2.2s)
✔ [2066/2231] Built Lean.Elab.Tactic.Omega.Frontend (11s)
✔ [2067/2233] Built Lean.Elab.Tactic.RCases (3.9s)
✔ [2069/2233] Built Lean.Elab.Tactic.BVDecide.Frontend.Normalize.Simproc (9.9s)
✔ [2070/2234] Built Lean.Elab.Tactic.SimpTrace (3.4s)
✔ [2071/2234] Built Lean.Meta.Tactic.Rewrites (2.2s)
✔ [2072/2235] Built Lean.Elab.Tactic.Omega (445ms)
✔ [2074/2235] Built Lean.Elab.PreDefinition.Structural (549ms)
✔ [2075/2235] Built Lean.Elab.Tactic.BVDecide.Frontend.Normalize.Structures (1.0s)
✔ [2077/2238] Built Lean.Elab.Tactic.Simpa (2.7s)
✔ [2078/2241] Built Lean.Elab.Tactic.Conv.Simp (1.2s)
✔ [2079/2241] Built Lean.Elab.Tactic.Rewrites (1.2s)
✔ [2083/2241] Built Lean.Elab.Tactic.Conv.Unfold (772ms)
✔ [2084/2243] Built Lean.Elab.CheckTactic (1.2s)
✔ [2087/2243] Built Lean.Elab.Tactic.Ext (3.1s)
✔ [2089/2250] Built Lean.Elab.GuardMsgs (2.9s)
✔ [2095/2251] Built Lean.Elab.Tactic.Conv (709ms)
✔ [2097/2253] Built Lean.Elab.Tactic.BVDecide.Frontend.Normalize.Enums (2.9s)
✔ [2098/2253] Built Lean.Elab.PreDefinition.WF.GuessLex (5.2s)
✔ [2100/2254] Built Lean.Elab.PreDefinition.PartialFixpoint.Eqns (1.2s)
✔ [2102/2254] Built Lean.Elab.Tactic.BVDecide.Frontend.Normalize (1.6s)
✔ [2103/2255] Built Lean.Elab.Tactic.NormCast (3.4s)
✔ [2104/2255] Built Lean.Elab.PreDefinition.WF.Main (1.7s)
✔ [2105/2255] Built Lean.Elab.ErrorExplanation (3.2s)
✔ [2106/2255] Built Lean.Meta.Tactic.AC (588ms)
✔ [2107/2296] Built Lean.Elab.PreDefinition.WF (738ms)
✔ [2114/2350] Built Lean.Elab.PreDefinition.PartialFixpoint.Main (2.5s)
✔ [2164/2350] Built Lean.Elab.PreDefinition.PartialFixpoint.Induction (3.3s)
✔ [2165/2350] Built Lean.Elab.Tactic.BVDecide.Frontend.BVDecide (3.6s)
✔ [2167/2350] Built Lean.Elab.Tactic.Do.VCGen (13s)
✔ [2168/2350] Built Lean.Elab.PreDefinition.PartialFixpoint (510ms)
✔ [2169/2350] Built Lean.Server.FileWorker.InlayHints (1.8s)
✔ [2170/2350] Built Lean.Elab.Tactic.BVDecide.Frontend.BVCheck (976ms)
✔ [2171/2353] Built Lean.Elab.Tactic.Do (524ms)
✔ [2172/2357] Built Lean.Meta.Tactic.Grind.EMatchTheorem (13s)
✔ [2174/2357] Built Lean.Meta.Tactic.Grind.EMatchTheoremPtr (636ms)
✔ [2175/2365] Built Lean.Server.FileWorker.SemanticHighlighting (5.2s)
✔ [2186/2367] Built Lean.Elab.Coinductive (1.9s)
✔ [2187/2367] Built Lean.Elab.Tactic.BVDecide.Frontend.BVTrace (1.8s)
✔ [2188/2367] Built Lean.Meta.Tactic.Grind.Injective (1.1s)
✔ [2189/2368] Built Lean.Elab.Tactic.BVDecide.Frontend (864ms)
✔ [2190/2368] Built Lean.Elab.PreDefinition.Main (3.5s)
✔ [2191/2368] Built Lean.Server.CodeActions.UnknownIdentifier (2.2s)
✔ [2192/2368] Built Lean.Elab.Tactic.BVDecide (608ms)
✔ [2194/2368] Built Lean.Meta.Tactic.Grind.Attr (1.9s)
✔ [2195/2371] Built Lean.Elab.PreDefinition (543ms)
✔ [2196/2373] Built Lean.Server.Watchdog (8.9s)
✔ [2197/2375] Built Lean.Server.Rpc.Deriving (4.2s)
✔ [2199/2384] Built Lean.Server.Rpc (506ms)
✔ [2206/2385] Built Lean.Widget.Commands (1.7s)
✔ [2208/2388] Built Lean.Widget (493ms)
✔ [2211/2390] Built Lean.Linter.UnusedSimpArgs (1.1s)
✔ [2212/2390] Built Lean.Meta.Tactic.FunInd (12s)
✔ [2213/2397] Built Lean.Server.FileWorker.RequestHandling (6.0s)
✔ [2214/2397] Built Lean.Linter (502ms)
✔ [2215/3952] Built Lean.LibrarySuggestions.MePo (1.4s)
✔ [2950/3952] Built Lean.LibrarySuggestions.SineQuaNon (1.5s)
✔ [2952/3952] Built Lean.Elab.BinderPredicates:c.o (2.4s)
✔ [2956/3952] Built Lean.Server.FileWorker.WidgetRequests (3.7s)
✔ [2957/3952] Built Lean.Elab.PreDefinition.Mutual:c.o (968ms)
✔ [2960/3952] Built Lean.Elab.DocString.Builtin (23s)
✔ [2963/3952] Built Lean.Elab.MutualInductive (14s)
✔ [2974/3952] Built Lean.Elab.MacroArgUtil:c.o (8.6s)
✔ [2989/3952] Built Lean.Elab.MutualDef (13s)
✔ [2990/3952] Built Lean.Meta.Tactic.Grind.Types (14s)
✔ [3007/3952] Built Lean.Elab.PreDefinition.Structural.SmartUnfolding:c.o (2.7s)
✔ [3016/3952] Built Lean.Server.CodeActions.Attr:c.o (1.9s)
✔ [3018/3952] Built Lean.Elab.PreDefinition.Structural.Eqns:c.o (4.4s)
✔ [3019/3952] Built Lean.Elab.PreDefinition.Basic:c.o (11s)
✔ [3024/3952] Built Lean.Elab.PreDefinition.WF.Eqns:c.o (1.7s)
✔ [3052/3952] Built Lean.Elab.PreDefinition.FixedParams:c.o (11s)
✔ [3053/3952] Built Lean.Widget.UserWidget:c.o (3.8s)
✔ [3055/3952] Built Lean.Meta.Tactic.TryThis:c.o (4.6s)
✔ [3056/3952] Built Lean.Elab.PreDefinition.Structural.Main:c.o (5.0s)
✔ [3057/3952] Built Lean.Elab.PreDefinition.Structural.FindRecArg:c.o (11s)
✔ [3058/3952] Built Lean.Elab.PreDefinition.Structural.BRecOn:c.o (11s)
✔ [3065/3952] Built Lean.Elab.Tactic.Config:c.o (5.9s)
✔ [3066/3952] Built Lean.Elab.PreDefinition.WF.Main:c.o (3.3s)
✔ [3068/3952] Built Lean.Elab.Deriving.Basic:c.o (23s)
✔ [3069/3952] Built Lean.Elab.PreDefinition.WF.Preprocess:c.o (6.6s)
✔ [3071/3952] Built Lean.Elab.Tactic.Change:c.o (1.1s)
✔ [3074/3952] Built Lean.Elab.Tactic.Conv.Basic:c.o (4.2s)
✔ [3076/3952] Built Lean.Elab.Tactic.ElabTerm:c.o (10s)
✔ [3078/3952] Built Lean.Elab.Tactic.Split:c.o (1.0s)
✔ [3081/3952] Built Lean.Elab.Tactic.Rewrite:c.o (3.4s)
✔ [3082/3952] Built Lean.Elab.Tactic.Lets:c.o (2.2s)
✔ [3083/3952] Built Lean.Elab.Tactic.Conv.Simp:c.o (1.4s)
✔ [3090/3952] Built Lean.Elab.Tactic.Simp:c.o (13s)
✔ [3094/3952] Built Lean.Elab.Tactic.Conv.Pattern:c.o (2.3s)
✔ [3096/3952] Built Lean.Elab.PreDefinition.PartialFixpoint.Eqns:c.o (2.1s)
✔ [3098/3952] Built Lean.Elab.Tactic.SimpTrace:c.o (5.4s)
✔ [3103/3952] Built Lean.Elab.Tactic.Conv.Congr:c.o (10s)
✔ [3104/3952] Built Lean.Elab.ElabRules:c.o (5.9s)
✔ [3109/3952] Built Lean.Elab.PreDefinition.WF.GuessLex:c.o (14s)
✔ [3115/3952] Built Lean.Elab.Frontend:c.o (1.2s)
✔ [3119/3952] Built Lean.Elab.PreDefinition.PartialFixpoint.Main:c.o (6.6s)
✔ [3127/3952] Built Lean.Meta.Constructions.CasesOnSameCtor:c.o (6.0s)
✔ [3128/3952] Built Lean.Elab.Tactic.Guard:c.o (3.1s)
✔ [3133/3952] Built Lean.Elab.PreDefinition.PartialFixpoint.Induction:c.o (11s)
✔ [3139/3952] Built Lean.Elab.PreDefinition.Main:c.o (10s)
✔ [3141/3952] Built Lean.Elab.ComputedFields:c.o (9.7s)
✔ [3143/3952] Built Lean.Meta.Constructions.NoConfusion:c.o (10s)
✔ [3145/3952] Built Lean.Elab.Tactic.SolveByElim:c.o (2.0s)
✔ [3154/3952] Built Lean.Elab.Tactic.RCases:c.o (7.4s)
✔ [3155/3952] Built Lean.Elab.Tactic.Simpa:c.o (4.9s)
✔ [3156/3952] Built Lean.Meta.Tactic.Grind.Injective:c.o (1.0s)
✔ [3177/3952] Built Lean.Elab.Tactic.Ext:c.o (8.7s)
✔ [3178/3952] Built Lean.Elab.Tactic.NormCast:c.o (6.7s)
✔ [3183/3952] Built Lean.Elab.Tactic.Rewrites:c.o (2.1s)
✔ [3192/3952] Built Lean.Elab.Tactic.BuiltinTactic:c.o (31s)
✔ [3194/3952] Built Lean.Elab.Tactic.BVDecide.Frontend.Attr:c.o (1.4s)
✔ [3198/3952] Built Lean.Meta.Tactic.Grind.Attr:c.o (5.1s)
✔ [3199/3952] Built Lean.Meta.Tactic.Rewrites:c.o (6.3s)
✔ [3200/3952] Built Lean.Elab.Tactic.BVDecide.Frontend.Normalize.Basic:c.o (4.2s)
✔ [3201/3952] Built Lean.Meta.Tactic.AC.Main:c.o (3.6s)
✔ [3203/3952] Built Lean.Elab.Tactic.BVDecide.Frontend.Normalize.AC:c.o (3.7s)
✔ [3206/3952] Built Lean.Elab.Tactic.Induction:c.o (23s)
✔ [3209/3952] Built Lean.Elab.Tactic.BVDecide.Frontend.LRAT:c.o (1.7s)
✔ [3251/3952] Built Lean.Elab.Tactic.BVDecide.Frontend.Normalize.IntToBitVec:c.o (3.7s)
✔ [3256/3952] Built Lean.Elab.Tactic.Do.ProofMode.Refine:c.o (3.5s)
✔ [3259/3952] Built Lean.Elab.Tactic.BVDecide.Frontend.Normalize.TypeAnalysis:c.o (8.4s)
✔ [3261/3952] Built Lean.Elab.Tactic.Omega.Frontend:c.o (20s)
✔ [3263/3952] Built Lean.Elab.Tactic.BVDecide.Frontend.Normalize.Enums:c.o (8.2s)
✔ [3265/3952] Built Lean.Elab.Tactic.BVDecide.Frontend.BVDecide:c.o (8.1s)
✔ [3266/3952] Built Lean.Elab.Tactic.Do.VCGen.Basic:c.o (6.5s)
✔ [3272/3952] Built Lean.Meta.Tactic.Grind.EMatchTheorem:c.o (24s)
✔ [3275/3952] Built Lean.Elab.Print:c.o (7.7s)
✔ [3283/3952] Built Lean.Elab.Tactic.Do.Spec:c.o (14s)
✔ [3289/3952] Built Lean.Elab.Deriving.Inhabited:c.o (5.6s)
✔ [3297/3952] Built Lean.Elab.Macro:c.o (2.8s)
✔ [3305/3952] Built Lean.Elab.Notation:c.o (5.0s)
✔ [3313/3952] Built Lean.Elab.Tactic.BVDecide.Frontend.Normalize.Simproc:c.o (29s)
✔ [3323/3952] Built Lean.Elab.GuardMsgs:c.o (5.7s)
✔ [3324/3952] Built Lean.Elab.ErrorExplanation:c.o (3.3s)
✔ [3374/3952] Built Lean.Elab.Deriving.BEq:c.o (10s)
✔ [3375/3952] Built Lean.Elab.Quotation:c.o (20s)
✔ [3385/3952] Built Lean.Server.FileWorker.InlayHints:c.o (2.8s)
✔ [3389/3952] Built Lean.Elab.Deriving.ToExpr:c.o (13s)
✔ [3393/3952] Built Lean.Server.FileWorker.SemanticHighlighting:c.o (4.0s)
✔ [3402/3952] Built Lean.Linter.UnusedSimpArgs:c.o (1.5s)
✔ [3411/3952] Built Lean.Server.CodeActions.UnknownIdentifier:c.o (4.3s)
✔ [3412/3952] Built Lean.Widget.Commands:c.o (5.3s)
✔ [3413/3952] Built Lean.LibrarySuggestions.MePo:c.o (3.8s)
✔ [3414/3952] Built Lean.LibrarySuggestions.SineQuaNon:c.o (7.4s)
✔ [3415/3952] Built Lean.Server.FileWorker.WidgetRequests:c.o (6.2s)
✔ [3416/3952] Built Lean.Elab.StructInst:c.o (38s)
✔ [3431/3952] Built Lean.Server.FileWorker.RequestHandling:c.o (19s)
✔ [3432/3952] Built Lean.LibrarySuggestions.Default (513ms)
✔ [3433/3952] Built Lean.Server.Watchdog:c.o (24s)
✔ [3434/3952] Built Lean.Server.FileWorker (4.5s)
✔ [3435/3952] Built Lean.Server.ProtocolOverview (953ms)
✔ [3436/3952] Built Lean.Elab.Tactic.Do.VCGen:c.o (51s)
✔ [3437/3952] Built Lean.Server.Test.Runner (7.2s)
✔ [3438/3952] Built Lean.Elab.BuiltinEvalCommand (4.7s)
✔ [3439/3952] Built Lean.Elab.Inductive (5.3s)
✔ [3440/3952] Built Lean.Elab.LetRec (3.8s)
✔ [3441/3952] Built Lean.Meta.Tactic.Grind.RegisterCommand (706ms)
✔ [3442/3952] Built Lean.Meta.Tactic.Grind.Order.Types (1.1s)
✔ [3443/3952] Built Lean.Meta.Tactic.Grind.Filter (851ms)
✔ [3444/3952] Built Lean.Elab.Declaration (7.2s)
✔ [3445/3952] Built Lean.Meta.Tactic.Grind.ProofUtil (614ms)
✔ [3446/3952] Built Lean.Elab.Tactic.Grind.Anchor (446ms)
✔ [3447/3952] Built Lean.Meta.Tactic.Grind.CollectParams (1.3s)
✔ [3448/3952] Built Lean.Elab.MutualInductive:c.o (30s)
✔ [3449/3952] Built Lean.Meta.Tactic.Grind.CtorIdx (1.2s)
✔ [3450/3952] Built Lean.Meta.Tactic.Grind.Diseq (828ms)
✔ [3451/3952] Built Lean.Meta.Tactic.Grind.Beta (1.3s)
✔ [3452/3952] Built Lean.Elab.Structure (19s)
✔ [3453/3952] Built Lean.Meta.Tactic.Grind.AC.Types (1.1s)
✔ [3454/3952] Built Lean.Meta.Tactic.Grind.SynthInstance (642ms)
✔ [3455/3952] Built Lean.Meta.Tactic.Grind.Arith.ModelUtil (1.1s)
✔ [3456/3952] Built Lean.Meta.Tactic.Grind.Arith.EvalNum (2.7s)
✔ [3457/3952] Built Lean.Meta.Tactic.Grind.Arith.CommRing.Types (1.2s)
✔ [3458/3952] Built Lean.Meta.Tactic.Grind.Arith.Linear.Types (1.0s)
✔ [3473/3952] Built Lean.Meta.Tactic.Grind.MarkNestedSubsingletons (1.6s)
✔ [3475/3952] Built Lean.Meta.Tactic.Grind.Action (1.0s)
✔ [3476/3952] Built Lean.Meta.Tactic.Grind.Types:c.o (30s)
✔ [3477/3952] Built Lean.Meta.Tactic.Grind.Proof (2.7s)
✔ [3478/3952] Built Lean.Elab.DocString.Builtin:c.o (44s)
✔ [3481/3952] Built Lean.Meta.Tactic.Grind.RegisterCommand:c.o (534ms)
✔ [3482/3952] Built Lean.Elab.LetRec:c.o (6.1s)
✔ [3487/3952] Built Lean.Elab.Inductive:c.o (10s)
✔ [3488/3952] Built Lean.Server.FileWorker:c.o (13s)
✔ [3508/3952] Built Lean.Meta.Tactic.Grind.CtorIdx:c.o (5.8s)
✔ [3509/3952] Built Lean.LibrarySuggestions (528ms)
✔ [3510/3952] Built Lean.Elab.MutualDef:c.o (47s)
✔ [3511/3952] Built Lean.Meta.Tactic.Grind.Beta:c.o (2.3s)
✔ [3512/3952] Built Lean.Meta.Tactic.Grind.MarkNestedSubsingletons:c.o (1.4s)
✔ [3513/3952] Built Lean.Server.Test (645ms)
✔ [3514/3952] Built Lean.Elab.Declaration:c.o (9.9s)
✔ [3515/3952] Built Lean.Shell (2.3s)
✔ [3516/3952] Built Lean.Meta.Tactic.Grind.Order.OrderM (844ms)
✔ [3517/3952] Built Lean.Meta.Tactic.Grind.LawfulEqCmp (785ms)
✔ [3518/3952] Built Lean.Meta.Tactic.Grind.Action:c.o (3.5s)
✔ [3519/3952] Built Lean.Meta.Tactic.Grind.ReflCmp (789ms)
✔ [3520/3952] Built Lean.Meta.Tactic.Grind.Ext (3.2s)
✔ [3521/3952] Built Lean.Server.Test.Runner:c.o (20s)
✔ [3522/3952] Built Lean.Meta.Tactic.Grind.OrderInsts (1.0s)
✔ [3523/3952] Built Lean.Meta.Tactic.Grind.Arith.FieldNormNum (2.5s)
✔ [3524/3952] Built Lean.Meta.Tactic.Grind.Arith.CommRing.MonadCanon (465ms)
✔ [3525/3952] Built Lean.Meta.Tactic.Grind.Arith.Insts (607ms)
✔ [3543/3952] Built Lean.Meta.Tactic.Grind.Proof:c.o (5.6s)
✔ [3545/3952] Built Lean.Elab.BuiltinEvalCommand:c.o (21s)
✔ [3546/3952] Built Lean.Meta.Tactic.Grind.PropagatorAttr (1.1s)
✔ [3550/3952] Built Lean.Meta.Tactic.Grind.Simp (1.6s)
✔ [3571/3952] Built Lean.Meta.Tactic.Grind.Anchor (1.7s)
✔ [3572/3952] Built Lean.Meta.Tactic.Grind.Canon (5.0s)
✔ [3573/3952] Built Lean.Server (612ms)
✔ [3575/3952] Built Lean.Meta.Tactic.Grind.Order.Util (818ms)
✔ [3576/3952] Built Lean.Meta.Tactic.Grind.Arith.CommRing.MonadSemiring (505ms)
✔ [3596/3952] Built Lean.Meta.Tactic.Grind.PropagatorAttr:c.o (1.8s)
✔ [3597/3952] Built Lean.Meta.Tactic.Grind.Arith.CommRing.MonadRing (693ms)
✔ [3599/3952] Built Lean.Meta.Tactic.Grind.Arith.Simproc (1.9s)
✔ [3600/3952] Built Lean.Meta.Tactic.Grind.PropagateInj (1.0s)
✔ [3601/3952] Built Lean.Meta.Tactic.Grind.Ext:c.o (6.2s)
✔ [3622/3952] Built Lean.Shell:c.o (7.2s)
✔ [3623/3952] Built Lean.Meta.Tactic.Grind.ProveEq (3.6s)
✔ [3624/3952] Built Lean.Meta.Tactic.Grind.Arith.Cutsat.Types (8.0s)
✔ [3638/3952] Built Lean.Meta.Tactic.Grind.Ctor (1.6s)
✔ [3639/3952] Built Lean.Meta.Tactic.Grind.Propagate (4.0s)
✔ [3641/3952] Built Lean.Meta.Tactic.Grind.Arith.CommRing.Functions (888ms)
✔ [3652/3952] Built Lean.Meta.Tactic.Grind.Arith.CommRing.Power (886ms)
✔ [3653/3952] Built Lean.Meta.Tactic.Grind.EMatchTheoremParam (1.7s)
✔ [3655/3952] Built Lean.Meta.Tactic.Grind.Arith.Cutsat.Util (1.9s)
✔ [3656/3952] Built Lean.Meta.Tactic.Grind.Arith.Cutsat.Model (861ms)
✔ [3666/3952] Built Lean.Meta.Tactic.Grind.MBTC (5.7s)
✔ [3669/3952] Built Lean.Meta.Tactic.Grind.Canon:c.o (11s)
✔ [3670/3952] Built Lean.Meta.Tactic.Grind.Arith.CommRing.DenoteExpr (830ms)
✔ [3671/3952] Built Lean.Meta.Tactic.Grind.Arith.CommRing.RingM (1.4s)
✔ [3679/3952] Built Lean.Meta.Tactic.Grind.Arith.Cutsat.SearchM (777ms)
✔ [3680/3952] Built Lean.Meta.Tactic.Grind.MatchCond (7.6s)
✔ [3681/3952] Built Lean.Meta.Tactic.Grind.Arith.Cutsat.Norm (825ms)
✔ [3688/3952] Built Lean.Meta.Tactic.Grind.EMatchTheoremParam:c.o (4.7s)
✔ [3689/3952] Built Lean.Meta.Tactic.Grind.Arith.Model (406ms)
✔ [3691/3952] Built Lean.Meta.Tactic.Grind.Arith.Cutsat.MBTC (1.4s)
✔ [3698/3952] Built Lean.Meta.Tactic.Grind.Arith.CommRing.PP (1.0s)
✔ [3699/3952] Built Lean.Meta.Tactic.Grind.ProveEq:c.o (12s)
✔ [3700/3952] Built Lean.Meta.Tactic.Grind.Order.Proof (1.4s)
✔ [3701/3952] Built Lean.Meta.Tactic.Grind.Arith.CommRing.RingM:c.o (4.1s)
✔ [3702/3952] Built Lean.Meta.Tactic.Grind.Arith.Linear.LinearM (945ms)
✔ [3703/3952] Built Lean.Meta.Tactic.Grind.Arith.CommRing.Inv (1.2s)
✔ [3704/3952] Built Lean.Meta.Tactic.Grind.Arith.CommRing.SemiringM (1.5s)
✔ [3705/3952] Built Lean.Meta.Tactic.Grind.Arith.CommRing.NonCommRingM (967ms)
✔ [3708/3952] Built Lean.Meta.Tactic.Grind.Arith.CommRing.SafePoly (2.2s)
✔ [3709/3952] Built Lean.Meta.Tactic.Grind.CasesMatch (957ms)
✔ [3710/3952] Built Lean.Meta.Tactic.Grind.Arith.CommRing.RingId (1.7s)
✔ [3719/3952] Built Lean.Meta.Tactic.Grind.Propagate:c.o (16s)
✔ [3724/3952] Built Lean.Meta.Tactic.Grind.Inv (2.8s)
✔ [3725/3952] Built Lean.Meta.Tactic.Grind.Order.Proof:c.o (1.7s)
✔ [3726/3952] Built Lean.Meta.Tactic.Grind.Arith.Linear.SearchM (954ms)
✔ [3727/3952] Built Lean.Meta.Tactic.Grind.Arith.Linear.OfNatModule (2.8s)
✔ [3728/3952] Built Lean.Meta.Tactic.FunInd:c.o (101s)
✔ [3729/3952] Built Lean.Meta.Tactic.Grind.MBTC:c.o (13s)
✔ [3730/3952] Built Lean.Meta.Tactic.Grind.Arith.Linear.Util (2.0s)
✔ [3735/3952] Built Lean.Meta.Tactic.Grind.Arith.CommRing.NonCommSemiringM (919ms)
✔ [3738/3952] Built Lean.Meta.Tactic.Grind.Arith.Cutsat.ToInt (5.0s)
✔ [3739/3952] Built Lean.Meta.Tactic.Grind.Arith.Linear.Var (623ms)
✔ [3743/3952] Built Lean.Meta.Tactic.Grind.Order.Assert (5.1s)
✔ [3744/3952] Built Lean.Meta.Tactic.Grind.Order.StructId (2.0s)
✔ [3745/3952] Built Lean.Meta.Tactic.Grind.Arith.Propagate (1.3s)
✔ [3746/3952] Built Lean.Meta.Tactic.Grind.AC.Util (3.2s)
✔ [3751/3952] Built Lean.Meta.Tactic.Grind.Arith.Linear.Inv (2.0s)
✔ [3754/3952] Built Lean.Meta.Tactic.Grind.Arith.Linear.Util:c.o (3.5s)
✔ [3755/3952] Built Lean.Meta.Tactic.Grind.Arith.Cutsat.Nat (1.5s)
✔ [3756/3952] Built Lean.Meta.Tactic.Grind.Arith.Linear.DenoteExpr (1.1s)
✔ [3757/3952] Built Lean.Meta.Tactic.Grind.Arith.CommRing.Reify (4.8s)
✔ [3759/3952] Built Lean.Meta.Tactic.Grind.Arith.Linear.Reify (1.7s)
✔ [3766/3952] Built Lean.Meta.Tactic.Grind.AC.Inv (1.2s)
✔ [3767/3952] Built Lean.Meta.Tactic.Grind.Arith.CommRing.Proof (9.4s)
✔ [3768/3952] Built Lean.Meta.Tactic.Grind.AC.DenoteExpr (784ms)
✔ [3769/3952] Built Lean.Meta.Tactic.Grind.MatchCond:c.o (24s)
✔ [3770/3952] Built Lean.Meta.Tactic.Grind.Arith.Cutsat.Var (1.9s)
✔ [3771/3952] Built Lean.Meta.Tactic.Grind.AC.Proof (7.9s)
✔ [3772/3952] Built Lean.Meta.Tactic.Grind.Arith.Linear.Den (723ms)
✔ [3775/3952] Built Lean.Meta.Tactic.Grind.Arith.Linear.Model (1.4s)
✔ [3777/3952] Built Lean.Meta.Tactic.Grind.Arith.CommRing.Internalize (5.7s)
✔ [3779/3952] Built Lean.Meta.Tactic.Grind.AC.Util:c.o (14s)
✔ [3784/3952] Built Lean.Meta.Tactic.Grind.Order.Assert:c.o (18s)
✔ [3785/3952] Built Lean.Elab.Structure:c.o (61s)
✔ [3786/3952] Built Lean.Meta.Tactic.Grind.Arith.Linear.Proof (9.4s)
✔ [3787/3952] Built Lean.Meta.Tactic.Grind.AC.Internalize (1.5s)
✔ [3788/3952] Built Lean.Meta.Tactic.Grind.AC.PP (1.1s)
✔ [3789/3952] Built Lean.Meta.Tactic.Grind.Arith.Cutsat.Var:c.o (5.7s)
✔ [3791/3952] Built Lean.Meta.Tactic.Grind.Arith.Cutsat.CommRing (1.0s)
✔ [3792/3952] Built Lean.Meta.Tactic.Grind.Arith.Cutsat.Inv (2.5s)
✔ [3794/3952] Built Lean.Meta.Tactic.Grind.Order.Internalize (5.8s)
✔ [3795/3952] Built Lean.Meta.Tactic.Grind.Arith.Linear.PP (831ms)
✔ [3802/3952] Built Lean.Meta.Tactic.Grind.Arith.Cutsat.ToInt:c.o (26s)
✔ [3803/3952] Built Lean.Meta.Tactic.Grind.AC.Eq (12s)
✔ [3805/3952] Built Lean.Meta.Tactic.Grind.Order (649ms)
✔ [3806/3952] Built Lean.Meta.Tactic.Grind.Arith.CommRing.EqCnstr (18s)
✔ [3807/3952] Built Lean.Meta.Tactic.Grind.PP (2.4s)
✔ [3810/3952] Built Lean.Meta.Tactic.Grind.Arith.Cutsat.Proof (16s)
✔ [3811/3952] Built Lean.Meta.Tactic.Grind.AC.Proof:c.o (25s)
✔ [3812/3952] Built Lean.Meta.Tactic.Grind.AC.Action (638ms)
✔ [3814/3952] Built Lean.Meta.Tactic.Grind.PP:c.o (4.2s)
✔ [3815/3952] Built Lean.Meta.Tactic.Grind.Arith.CommRing.Action (532ms)
✔ [3818/3952] Built Lean.Meta.Tactic.Grind.Arith.CommRing.Proof:c.o (32s)
✔ [3819/3952] Built Lean.Meta.Tactic.Grind.Arith.Cutsat.DvdCnstr (2.6s)
✔ [3821/3952] Built Lean.Meta.Tactic.Grind.AC (667ms)
✔ [3825/3952] Built Lean.Meta.Tactic.Grind.Arith.Cutsat.LeCnstr (3.3s)
✔ [3826/3952] Built Lean.Meta.Tactic.Grind.Arith.CommRing (891ms)
✔ [3828/3952] Built Lean.Meta.Tactic.Grind.Arith.Linear.Proof:c.o (28s)
✔ [3830/4181] Built Lean.Meta.Tactic.Grind.Order.Internalize:c.o (31s)
✔ [3985/4281] Built Lake.DSL.Meta (1.6s)
✔ [3990/4281] Built Lake.DSL.Meta:c.o (2.4s)
✔ [3991/4281] Built Lean.Meta.Tactic.Grind.Arith.Cutsat.LeCnstr:c.o (9.0s)
✔ [4046/4281] Built Lake.DSL.Require:c.o (2.1s)
✔ [4057/4281] Built Lean.Meta.Tactic.Grind.Arith.Cutsat.EqCnstr (11s)
✔ [4058/4281] Built Lake.Load.Lean.Elab (1.7s)
✔ [4062/4281] Built Lake.DSL.Script:c.o (1.1s)
✔ [4063/4281] Built Lean.Meta.Tactic.Grind.Arith.Linear.StructId (65s)
✔ [4064/4281] Built Lean.Meta.Tactic.Grind.Arith.Cutsat.DvdCnstr:c.o (14s)
✔ [4068/4281] Built Lake.DSL.Package:c.o (3.9s)
✔ [4069/4281] Built Lean.Meta.Tactic.Grind.Arith.Cutsat.ReorderVars (2.2s)
✔ [4073/4281] Built Lake.CLI.Translate (622ms)
✔ [4074/4281] Built Lake.Load.Lean.Elab:c.o (3.9s)
✔ [4075/4281] Built Lean.Meta.Tactic.Grind.Arith.Linear.IneqCnstr (2.0s)
✔ [4076/4281] Built Lean.Meta.Tactic.Grind.Arith.Linear.Internalize (1.6s)
✔ [4077/4281] Built Lean.Meta.Tactic.Grind.Arith.IsRelevant (601ms)
✔ [4081/4281] Built Lean.Meta.Tactic.Grind.Arith.Cutsat.ReorderVars:c.o (3.9s)
✔ [4083/4281] Built Lean.Meta.Tactic.Grind.Arith.Linear.IneqCnstr:c.o (7.6s)
✔ [4085/4281] Built Lean.Meta.Tactic.Grind.Arith.Cutsat.Proof:c.o (36s)
✔ [4086/4281] Built Lean.Meta.Tactic.Grind.AC.Eq:c.o (43s)
✔ [4100/4281] Built Lake.CLI.Translate.Lean:c.o (19s)
✔ [4101/4281] Built Lean.Meta.Tactic.Grind.Arith.Linear.PropagateEq (5.7s)
✔ [4102/4281] Built Lake.Build.Job.Monad:c.o (3.1s)
✔ [4103/4281] Built Lake.Config.Workspace (1.4s)
✔ [4104/4281] Built Lake.Build.Job (485ms)
✔ [4105/4281] Built Lean.Meta.Tactic.Grind.Internalize (9.5s)
✔ [4106/4281] Built Lean.Meta.Tactic.Grind.Arith.Linear.Search (10s)
✔ [4108/4281] Built Lean.Meta.Tactic.Grind.Arith.Cutsat.Search (16s)
✔ [4109/4281] Built Lake.Config.Workspace:c.o (1.7s)
✔ [4110/4281] Built Lean.Meta.Tactic.Grind.Arith.Linear.MBTC (669ms)
✔ [4111/4281] Built Lake.DSL.Targets (7.7s)
✔ [4112/4281] Built Lake.Load.Lean.Eval (1.4s)
✔ [4113/4281] Built Lake.Config.Monad (1.1s)
✔ [4114/4281] Built Lean.Meta.Tactic.Grind.Core (6.9s)
✔ [4115/4281] Built Lean.Meta.Tactic.Grind.Arith.Cutsat.EqCnstr:c.o (35s)
✔ [4116/4281] Built Lean.Meta.Tactic.Grind.Proj (1.1s)
✔ [4118/4281] Built Lean.Meta.Tactic.Grind.ForallProp (3.3s)
✔ [4119/4281] Built Lean.Meta.Tactic.Grind.Arith.CommRing.EqCnstr:c.o (67s)
✔ [4121/4281] Built Lake.Load.Lean.Eval:c.o (2.7s)
✔ [4122/4281] Built Lean.Meta.Tactic.Grind.Arith.Linear.Action (551ms)
✔ [4123/4281] Built Lean.Meta.Tactic.Grind.Arith.Main (592ms)
✔ [4124/4281] Built Lean.Meta.Tactic.Grind.Arith.Cutsat.Action (507ms)
✔ [4126/4281] Built Lake.DSL (640ms)
✔ [4127/4281] Built Lean.Meta.Tactic.Grind.Arith.Linear.StructId:c.o (45s)
✔ [4128/4281] Built Lean.Meta.Tactic.Grind.Arith.Linear.Search:c.o (19s)
✔ [4129/4281] Built Lake.Load.Lean (560ms)
✔ [4130/4281] Built Lean.Meta.Tactic.Grind.Arith.Linear.PropagateEq:c.o (24s)
✔ [4131/4281] Built Lake.CLI.Build (1.3s)
✔ [4132/4281] Built Lake.Config (480ms)
✔ [4136/4281] Built Lake.Build.Target.Fetch (2.2s)
✔ [4137/4281] Built Lake.Build.Index (979ms)
✔ [4138/4281] Built Lake.Build.Targets (1.3s)
✔ [4140/4281] Built Lean.Meta.Tactic.Grind.SimpUtil (2.0s)
✔ [4144/4281] Built Lake.Build.Index:c.o (1.4s)
✔ [4145/4281] Built Lean.Meta.Tactic.Grind.Arith.Cutsat.Search:c.o (25s)
✔ [4146/4281] Built Lean.Meta.Tactic.Grind.ForallProp:c.o (11s)
✔ [4149/4281] Built Lake.DSL.Targets:c.o (17s)
✔ [4150/4281] Built Lean.Meta.Tactic.Grind.Arith.Linear (852ms)
✔ [4151/4281] Built Lean.Meta.Tactic.Grind.Intro (5.1s)
✔ [4152/4281] Built Lake.Load.Package (691ms)
✔ [4153/4281] Built Lean.Meta.Tactic.Grind.Arith.Cutsat (904ms)
✔ [4156/4281] Built Lake.Build.Target (613ms)
✔ [4159/4281] Built Lean.Meta.Tactic.Grind.SimpUtil:c.o (3.2s)
✔ [4160/4281] Built Lake.Build.Run (2.0s)
✔ [4161/4281] Built Lean.Meta.Tactic.Grind.Core:c.o (15s)
✔ [4162/4281] Built Lean.Meta.Tactic.Grind.Arith (704ms)
✔ [4164/4281] Built Lake.Build.Run:c.o (1.7s)
✔ [4165/4281] Built Lake.Load.Resolve (3.1s)
✔ [4166/4281] Built Lean.Meta.Tactic.Grind.Split (5.3s)
✔ [4167/4281] Built Lean.Meta.Tactic.Grind.Internalize:c.o (36s)
✔ [4168/4281] Built Lean.Meta.Tactic.Grind.Intro:c.o (8.4s)
✔ [4169/4281] Built Lake.Build.Common (11s)
✔ [4170/4281] Built Lake.Build.InputFile (580ms)
✔ [4171/4281] Built Lake.Build.ExternLib (896ms)
✔ [4173/4281] Built Lake.Build.Executable (1.8s)
✔ [4174/4281] Built Lake.Build.Package (2.2s)
✔ [4176/4281] Built Lake.Load.Resolve:c.o (7.0s)
✔ [4177/4281] Built Lake.Build.ExternLib:c.o (1.3s)
✔ [4178/4281] Built Lake.Build.Library (2.4s)
✔ [4179/4281] Built Lean.Meta.Tactic.Grind.Split:c.o (10s)
✔ [4180/4281] Built Lake.Build.Executable:c.o (3.3s)
✔ [4181/4281] Built Lake.Build.Library:c.o (3.5s)
✔ [4182/4281] Built Lean.Meta.Tactic.Grind.EMatch (24s)
✔ [4183/4281] Built Lean.Meta.Tactic.Grind.EMatchAction (1.6s)
✔ [4184/4281] Built Lean.Meta.Tactic.Grind.Finish (471ms)
✔ [4186/4281] Built Lean.Meta.Tactic.Grind.Solve (438ms)
✔ [4188/4281] Built Lean.Meta.Tactic.Grind.Lookahead (1.3s)
✔ [4190/4281] Built Lake.Build.Common:c.o (11s)
✔ [4191/4281] Built Lean.Meta.Tactic.Grind.Main (2.7s)
✔ [4192/4281] Built Lean.Meta.Sym.Grind (709ms)
✔ [4194/4281] Built Lean.Meta.Tactic.Grind (1.0s)
✔ [4196/4281] Built Lean.Meta.Sym (444ms)
✔ [4197/4281] Built Lean.Meta.Tactic.Grind.EMatchAction:c.o (4.8s)
✔ [4199/4281] Built Lean.Meta.Tactic.LibrarySearch (1.7s)
✔ [4200/4281] Built Lake.Build.Module (14s)
✔ [4201/4281] Built Lake.CLI.Actions (860ms)
✔ [4202/4281] Built Lake.Build.InitFacets (584ms)
✔ [4205/4281] Built Lean.Meta.Tactic.Try.Collect (1.7s)
✔ [4206/4281] Built Lean.Elab.Tactic.LibrarySearch (1.8s)
✔ [4208/4281] Built Lean.Elab.Tactic.Grind.Basic (3.7s)
✔ [4209/4281] Built Lake.Build (398ms)
✔ [4211/4281] Built Lake.Load.Workspace (544ms)
✔ [4212/4281] Built Lean.Meta.Tactic.Try (552ms)
✔ [4214/4281] Built Lake (634ms)
✔ [4215/4281] Built Lean.Meta.Tactic.LibrarySearch:c.o (3.2s)
✔ [4216/4281] Built Lean.Elab.Tactic.Grind.Have (1.3s)
✔ [4217/4281] Built Lean.Elab.Tactic.Grind.Filter (845ms)
✔ [4219/4281] Built Lake.CLI.Serve (646ms)
✔ [4220/4281] Built Lean.Elab.Tactic.LibrarySearch:c.o (2.8s)
✔ [4224/4281] Built Lake.Load (449ms)
✔ [4225/4281] Built Lean.Meta.Tactic (678ms)
✔ [4228/4281] Built Lean.Elab.Tactic.Grind.Config (3.5s)
✔ [4231/4281] Built Lake.CLI.Init (2.3s)
✔ [4232/4281] Built Lean.Elab.Tactic.Grind.ShowState (1.7s)
✔ [4233/4281] Built Lean.Meta (590ms)
✔ [4235/4281] Built Lean.Elab.Tactic.Grind.Param (3.9s)
✔ [4236/4281] Built Lean.Meta.Tactic.Grind.Main:c.o (10s)
✔ [4237/4281] Built Lean.Elab.Tactic.Grind.Lint (2.3s)
✔ [4238/4281] Built Lake.CLI.Init:c.o (2.0s)
✔ [4239/4281] Built Lean.Elab.Tactic.Grind.ShowState:c.o (2.7s)
✔ [4240/4281] Built Lean.Elab.Tactic.Grind.Trace (1.2s)
✔ [4241/4281] Built Lean.Elab.Tactic.Grind.LintExceptions (620ms)
✔ [4242/4281] Built Lean.Elab.Tactic.Grind.Trace:c.o (1.3s)
✔ [4244/4281] Built Lean.Elab.Tactic.Grind.Lint:c.o (5.3s)
✔ [4245/4281] Built Lean.Elab.Tactic.Grind.BuiltinTactic (5.6s)
✔ [4246/4281] Built Lake.CLI.Main (8.0s)
✔ [4247/4281] Built Lake.CLI (422ms)
✔ [4249/4281] Built LakeMain (580ms)
✔ [4253/4281] Built Lake.Build.Module:c.o (18s)
✔ [4254/4281] Built Lean.Elab.Tactic.Grind.Param:c.o (10s)
✔ [4255/4281] Built Lean.Elab.Tactic.Grind.Main (6.6s)
✔ [4256/4281] Built Lean.Elab.Tactic.Grind (451ms)
✔ [4258/4281] Built Lean.Meta.Tactic.Grind.EMatch:c.o (31s)
✔ [4259/4281] Built Lean.Elab.Tactic.Grind.Basic:c.o (25s)
✔ [4260/4281] Built Lean.Elab.Tactic.Grind.Main:c.o (7.2s)
✔ [4261/4281] Built Lean.Elab.Tactic.Grind.BuiltinTactic:c.o (12s)
✔ [4262/4281] Built Lean.Elab.Tactic.Try (10s)
✔ [4263/4281] Built Lean.Elab.Tactic (423ms)
✔ [4265/4281] Built Lean.Elab (501ms)
✔ [4267/4281] Built Lean (601ms)
✔ [4269/4281] Built Init.Paraconsistent (1.4s)
✔ [4274/4281] Built Lean.Elab.Tactic.Try:c.o (12s)
✔ [4275/4281] Built Lean:static (2.1s)
✔ [4276/4281] Built Lean:static (2.1s)
✔ [4278/4281] Built Lake.CLI.Main:c.o (29s)
✔ [4279/4281] Built Lake:static (140ms)
✔ [4280/4281] Built Lake:static (144ms)
Build completed successfully (4281 jobs).
[100%] Built target make_stdlib
[    ] Building /home/mrnob0dy666/imsgct/p4rakernel/build/stage1/lib/lean/libInit_shared.so
[100%] Built target Init_shared
[    ] Building /home/mrnob0dy666/imsgct/p4rakernel/build/stage1/lib/lean/libleanshared.so
[100%] Built target leanshared
[    ] Building /home/mrnob0dy666/imsgct/p4rakernel/build/stage1/lib/lean/libLake_shared.so
[    ] Building /home/mrnob0dy666/imsgct/p4rakernel/build/stage1/bin/lean
[100%] Built target leanc
[100%] Built target lean
[100%] Built target lake_shared
[    ] Building /home/mrnob0dy666/imsgct/p4rakernel/build/stage1/bin/leanchecker
[    ] Building /home/mrnob0dy666/imsgct/p4rakernel/build/stage1/bin/lake
[100%] Built target lake
[100%] Built target leanchecker
