{"synthetic": false,
 "schemaVersion": "2025-09-10",
 "outputs":
 {"o": ["578ada425210847e.olean"],
  "i": "4f858f3027182524.ilean",
  "c": "0e5354913a929517.c"},
 "log":
 [{"message":
   ".> LEAN_PATH=/home/mrnob0dy666/imsgct/p4rakernel/p4ramill/.lake/packages/Cli/.lake/build/lib/lean:/home/mrnob0dy666/imsgct/p4rakernel/p4ramill/.lake/packages/batteries/.lake/build/lib/lean:/home/mrnob0dy666/imsgct/p4rakernel/p4ramill/.lake/packages/Qq/.lake/build/lib/lean:/home/mrnob0dy666/imsgct/p4rakernel/p4ramill/.lake/packages/aesop/.lake/build/lib/lean:/home/mrnob0dy666/imsgct/p4rakernel/p4ramill/.lake/packages/proofwidgets/.lake/build/lib/lean:/home/mrnob0dy666/imsgct/p4rakernel/p4ramill/.lake/packages/importGraph/.lake/build/lib/lean:/home/mrnob0dy666/imsgct/p4rakernel/p4ramill/.lake/packages/LeanSearchClient/.lake/build/lib/lean:/home/mrnob0dy666/imsgct/p4rakernel/p4ramill/.lake/packages/plausible/.lake/build/lib/lean:/home/mrnob0dy666/imsgct/p4rakernel/p4ramill/.lake/packages/mathlib/.lake/build/lib/lean:/home/mrnob0dy666/imsgct/p4rakernel/p4ramill/.lake/build/lib/lean /home/mrnob0dy666/.elan/toolchains/leanprover--lean4---v4.28.0/bin/lean /home/mrnob0dy666/imsgct/p4rakernel/p4ramill/Imscribing/PublishedNS/BorelExtension.lean -o /home/mrnob0dy666/imsgct/p4rakernel/p4ramill/.lake/build/lib/lean/Imscribing/PublishedNS/BorelExtension.olean -i /home/mrnob0dy666/imsgct/p4rakernel/p4ramill/.lake/build/lib/lean/Imscribing/PublishedNS/BorelExtension.ilean -c /home/mrnob0dy666/imsgct/p4rakernel/p4ramill/.lake/build/ir/Imscribing/PublishedNS/BorelExtension.c --setup /home/mrnob0dy666/imsgct/p4rakernel/p4ramill/.lake/build/ir/Imscribing/PublishedNS/BorelExtension.setup.json --json",
   "level": "trace"}],
 "inputs":
 [["Imscribing.PublishedNS.BorelExtension:deps",
   [["deps",
     [["«imscribing-lean»/Imscribing:extraDep",
       [["@«imscribing-lean»:extraDep", "00000000000006bb"]]],
      ["imports",
       [["Imscribing.PublishedNS.SmoothCutoffs transitive imports (legacy)",
         "bf35ec1536f5c66f"],
        ["Imscribing.PublishedNS.SmoothCutoffs:importAllArts",
         "2652242e02cf85a9"],
        ["Imscribing.PublishedNS.DiagonalScale transitive imports (legacy)",
         "0f94c5ee010ceea9"],
        ["Imscribing.PublishedNS.DiagonalScale:importAllArts",
         "a96d6f344424684c"],
        ["Mathlib.Analysis.Calculus.SmoothSeries transitive imports (legacy)",
         "768a6d99c1bd9143"],
        ["Mathlib.Analysis.Calculus.SmoothSeries:importAllArts",
         "4827224701cd004a"],
        ["Mathlib.Analysis.Calculus.Deriv.Pow transitive imports (legacy)",
         "8835bc2a96c7d104"],
        ["Mathlib.Analysis.Calculus.Deriv.Pow:importAllArts",
         "2da58f97658ccf8d"]]]]],
    ["libs",
     [["import dynlibs", "00000000000006bb"],
      ["package external libraries", "00000000000006bb"],
      ["module dynlibs", "00000000000006bb"],
      ["module plugins", "00000000000006bb"]]]]],
  ["Lean 4.28.0, commit 7e01a1bf5c70fc6167d49c345d3bf80596e9a79b",
   "a96bc04a2e5e9630"],
  ["/home/mrnob0dy666/imsgct/p4rakernel/p4ramill/Imscribing/PublishedNS/BorelExtension.lean",
   "b2763b363ba9e05f"],
  ["options",
   [["-Dweak.linter.flexible=false", "b436595834109362"],
    ["-Dweak.linter.unusedDecidableInType=false", "6d4974ae0e6029f2"],
    ["-Dweak.linter.unusedSimpArgs=false", "e8b2a2e80140d892"],
    ["-DmaxSynthPendingDepth=3", "c78e353d34de85d4"],
    ["-Dweak.linter.mathlibStandardSet=false", "28605bbdbbe35f32"],
    ["-Dweak.linter.unnecessarySeqFocus=false", "e4723c913e3eecdd"],
    ["-Dweak.linter.unusedSectionVars=false", "93460bff8bc594c0"],
    ["-Dweak.linter.dupNamespace=false", "062cb7277673a740"],
    ["-DrelaxedAutoImplicit=false", "74a2b5546b55be80"],
    ["-Dpp.unicode.fun=true", "9b94070140457fab"],
    ["-Dweak.linter.unusedVariables=false", "d91d3884cfdc2bb2"],
    ["-Dweak.linter.unnecessarySimpa=false", "6fc6a87b610f9026"],
    ["-Dweak.linter.unusedTactic=false", "2c0c91147b5951fc"],
    ["-Dweak.linter.unreachableTactic=false", "2355f8e03e0a6acc"]]],
  ["Module.leanArgs: #[]", "00000000000006bb"]],
 "depHash": "6424515dbe00c7ed"}