{"synthetic": false,
 "schemaVersion": "2025-09-10",
 "outputs":
 {"o": ["45699a6c082eec58.olean"],
  "i": "079397d90c5d388f.ilean",
  "c": "9c81ac9ec21632d0.c"},
 "log":
 [{"message":
   ".> LEAN_PATH=/home/mrnob0dy666/imsgct/p4rakernel/p4ramill/.lake/packages/Cli/.lake/build/lib/lean:/home/mrnob0dy666/imsgct/p4rakernel/p4ramill/.lake/packages/batteries/.lake/build/lib/lean:/home/mrnob0dy666/imsgct/p4rakernel/p4ramill/.lake/packages/Qq/.lake/build/lib/lean:/home/mrnob0dy666/imsgct/p4rakernel/p4ramill/.lake/packages/aesop/.lake/build/lib/lean:/home/mrnob0dy666/imsgct/p4rakernel/p4ramill/.lake/packages/proofwidgets/.lake/build/lib/lean:/home/mrnob0dy666/imsgct/p4rakernel/p4ramill/.lake/packages/importGraph/.lake/build/lib/lean:/home/mrnob0dy666/imsgct/p4rakernel/p4ramill/.lake/packages/LeanSearchClient/.lake/build/lib/lean:/home/mrnob0dy666/imsgct/p4rakernel/p4ramill/.lake/packages/plausible/.lake/build/lib/lean:/home/mrnob0dy666/imsgct/p4rakernel/p4ramill/.lake/packages/mathlib/.lake/build/lib/lean:/home/mrnob0dy666/imsgct/p4rakernel/p4ramill/.lake/build/lib/lean /home/mrnob0dy666/imsgct/p4rakernel/build/stage1/bin/lean /home/mrnob0dy666/imsgct/p4rakernel/p4ramill/Imscribing/PublishedNS/DiagonalScale.lean -o /home/mrnob0dy666/imsgct/p4rakernel/p4ramill/.lake/build/lib/lean/Imscribing/PublishedNS/DiagonalScale.olean -i /home/mrnob0dy666/imsgct/p4rakernel/p4ramill/.lake/build/lib/lean/Imscribing/PublishedNS/DiagonalScale.ilean -c /home/mrnob0dy666/imsgct/p4rakernel/p4ramill/.lake/build/ir/Imscribing/PublishedNS/DiagonalScale.c --setup /home/mrnob0dy666/imsgct/p4rakernel/p4ramill/.lake/build/ir/Imscribing/PublishedNS/DiagonalScale.setup.json --json",
   "level": "trace"}],
 "inputs":
 [["Imscribing.PublishedNS.DiagonalScale:deps",
   [["deps",
     [["«imscribing-lean»/Imscribing:extraDep",
       [["@«imscribing-lean»:extraDep", "00000000000006bb"]]],
      ["imports",
       [["Mathlib.Analysis.SpecialFunctions.Pow.Asymptotics transitive imports (legacy)",
         "83cc93ce35ca8855"],
        ["Mathlib.Analysis.SpecialFunctions.Pow.Asymptotics:importAllArts",
         "8c17e07aee64f756"],
        ["Mathlib.Analysis.SpecificLimits.Normed transitive imports (legacy)",
         "5f2e186f2fa5db2f"],
        ["Mathlib.Analysis.SpecificLimits.Normed:importAllArts",
         "3d6065ac32fe29fb"],
        ["Mathlib.Topology.Order.LeftRightNhds transitive imports (legacy)",
         "11031f5a611320fa"],
        ["Mathlib.Topology.Order.LeftRightNhds:importAllArts",
         "f41edba62222f313"],
        ["Mathlib.Tactic.Linarith transitive imports (legacy)",
         "94e5190e7d148c88"],
        ["Mathlib.Tactic.Linarith:importAllArts", "cc405ef84dc05d5d"],
        ["Mathlib.Tactic.NormNum transitive imports (legacy)",
         "b199cffc6e3ff4df"],
        ["Mathlib.Tactic.NormNum:importAllArts", "47a5be7f59e0d1ef"],
        ["Mathlib.Tactic.Ring transitive imports (legacy)", "5c9cce3900514794"],
        ["Mathlib.Tactic.Ring:importAllArts", "d5c1c13066985dce"]]]]],
    ["libs",
     [["import dynlibs", "00000000000006bb"],
      ["package external libraries", "00000000000006bb"],
      ["module dynlibs", "00000000000006bb"],
      ["module plugins", "00000000000006bb"]]]]],
  ["Lean 4.28.0, commit a8e1a3a202b5105b5cc956f5648149562afe9015",
   "162ec648f0bcd1d1"],
  ["/home/mrnob0dy666/imsgct/p4rakernel/p4ramill/Imscribing/PublishedNS/DiagonalScale.lean",
   "5409fe4ae869668b"],
  ["options",
   [["-Dweak.linter.flexible=false", "b436595834109362"],
    ["-Dweak.linter.unusedDecidableInType=false", "6d4974ae0e6029f2"],
    ["-Dweak.linter.unusedSimpArgs=false", "e8b2a2e80140d892"],
    ["-DmaxSynthPendingDepth=3", "c78e353d34de85d4"],
    ["-Dweak.linter.mathlibStandardSet=false", "28605bbdbbe35f32"],
    ["-Dweak.linter.unnecessarySeqFocus=false", "e4723c913e3eecdd"],
    ["-Dweak.linter.unusedSectionVars=false", "93460bff8bc594c0"],
    ["-Dweak.linter.dupNamespace=false", "062cb7277673a740"],
    ["-DrelaxedAutoImplicit=false", "74a2b5546b55be80"],
    ["-Dpp.unicode.fun=true", "9b94070140457fab"],
    ["-Dweak.linter.unusedVariables=false", "d91d3884cfdc2bb2"],
    ["-Dweak.linter.unnecessarySimpa=false", "6fc6a87b610f9026"],
    ["-Dweak.linter.unusedTactic=false", "2c0c91147b5951fc"],
    ["-Dweak.linter.unreachableTactic=false", "2355f8e03e0a6acc"]]],
  ["Module.leanArgs: #[]", "00000000000006bb"]],
 "depHash": "b8918dc65e2f568f"}