{"synthetic": false,
 "schemaVersion": "2025-09-10",
 "outputs":
 {"o": ["7520059b1d67bda4.olean"],
  "i": "b44ce17de5020cf1.ilean",
  "c": "0d5e3b28b1259018.c"},
 "log":
 [{"message":
   ".> LEAN_PATH=/home/mrnob0dy666/imsgct/p4rakernel/p4ramill/.lake/packages/Cli/.lake/build/lib/lean:/home/mrnob0dy666/imsgct/p4rakernel/p4ramill/.lake/packages/batteries/.lake/build/lib/lean:/home/mrnob0dy666/imsgct/p4rakernel/p4ramill/.lake/packages/Qq/.lake/build/lib/lean:/home/mrnob0dy666/imsgct/p4rakernel/p4ramill/.lake/packages/aesop/.lake/build/lib/lean:/home/mrnob0dy666/imsgct/p4rakernel/p4ramill/.lake/packages/proofwidgets/.lake/build/lib/lean:/home/mrnob0dy666/imsgct/p4rakernel/p4ramill/.lake/packages/importGraph/.lake/build/lib/lean:/home/mrnob0dy666/imsgct/p4rakernel/p4ramill/.lake/packages/LeanSearchClient/.lake/build/lib/lean:/home/mrnob0dy666/imsgct/p4rakernel/p4ramill/.lake/packages/plausible/.lake/build/lib/lean:/home/mrnob0dy666/imsgct/p4rakernel/p4ramill/.lake/packages/mathlib/.lake/build/lib/lean:/home/mrnob0dy666/imsgct/p4rakernel/p4ramill/.lake/build/lib/lean /home/mrnob0dy666/imsgct/p4rakernel/build/stage1/bin/lean /home/mrnob0dy666/imsgct/p4rakernel/p4ramill/Imscribing/PublishedNS/GenericEndpointExtension.lean -o /home/mrnob0dy666/imsgct/p4rakernel/p4ramill/.lake/build/lib/lean/Imscribing/PublishedNS/GenericEndpointExtension.olean -i /home/mrnob0dy666/imsgct/p4rakernel/p4ramill/.lake/build/lib/lean/Imscribing/PublishedNS/GenericEndpointExtension.ilean -c /home/mrnob0dy666/imsgct/p4rakernel/p4ramill/.lake/build/ir/Imscribing/PublishedNS/GenericEndpointExtension.c --setup /home/mrnob0dy666/imsgct/p4rakernel/p4ramill/.lake/build/ir/Imscribing/PublishedNS/GenericEndpointExtension.setup.json --json",
   "level": "trace"}],
 "inputs":
 [["Imscribing.PublishedNS.GenericEndpointExtension:deps",
   [["deps",
     [["«imscribing-lean»/Imscribing:extraDep",
       [["@«imscribing-lean»:extraDep", "00000000000006bb"]]],
      ["imports",
       [["Mathlib.Analysis.Calculus.TangentCone.Prod transitive imports (legacy)",
         "8e1629d4f682a686"],
        ["Mathlib.Analysis.Calculus.TangentCone.Prod:importAllArts",
         "d7b49ed6da7e9873"],
        ["Mathlib.Analysis.Calculus.FDeriv.Symmetric transitive imports (legacy)",
         "60c6b7412efcbf1c"],
        ["Mathlib.Analysis.Calculus.FDeriv.Symmetric:importAllArts",
         "88cb673c6fbf2a49"],
        ["Mathlib.Analysis.Calculus.FDeriv.Extend transitive imports (legacy)",
         "98cfa5f644a95ee5"],
        ["Mathlib.Analysis.Calculus.FDeriv.Extend:importAllArts",
         "de2eb380269ee017"],
        ["Mathlib.Analysis.Calculus.ContDiff.FiniteDimension transitive imports (legacy)",
         "951f3321ff07e3dc"],
        ["Mathlib.Analysis.Calculus.ContDiff.FiniteDimension:importAllArts",
         "8be7b824e6724c76"],
        ["Mathlib.Analysis.Calculus.IteratedDeriv.Lemmas transitive imports (legacy)",
         "fab9312d1da2612e"],
        ["Mathlib.Analysis.Calculus.IteratedDeriv.Lemmas:importAllArts",
         "af61960a71684456"],
        ["Mathlib.Topology.ExtendFrom transitive imports (legacy)",
         "7506c07beb71d730"],
        ["Mathlib.Topology.ExtendFrom:importAllArts", "89160dbaef41bead"],
        ["Imscribing.PublishedNS.SpatialBorelExtension transitive imports (legacy)",
         "613b74c7b06778d5"],
        ["Imscribing.PublishedNS.SpatialBorelExtension:importAllArts",
         "0112b516c6f8aa84"]]]]],
    ["libs",
     [["import dynlibs", "00000000000006bb"],
      ["package external libraries", "00000000000006bb"],
      ["module dynlibs", "00000000000006bb"],
      ["module plugins", "00000000000006bb"]]]]],
  ["Lean 4.28.0, commit a8e1a3a202b5105b5cc956f5648149562afe9015",
   "162ec648f0bcd1d1"],
  ["/home/mrnob0dy666/imsgct/p4rakernel/p4ramill/Imscribing/PublishedNS/GenericEndpointExtension.lean",
   "eb7584278a702f78"],
  ["options",
   [["-Dweak.linter.flexible=false", "b436595834109362"],
    ["-Dweak.linter.unusedDecidableInType=false", "6d4974ae0e6029f2"],
    ["-Dweak.linter.unusedSimpArgs=false", "e8b2a2e80140d892"],
    ["-DmaxSynthPendingDepth=3", "c78e353d34de85d4"],
    ["-Dweak.linter.mathlibStandardSet=false", "28605bbdbbe35f32"],
    ["-Dweak.linter.unnecessarySeqFocus=false", "e4723c913e3eecdd"],
    ["-Dweak.linter.unusedSectionVars=false", "93460bff8bc594c0"],
    ["-Dweak.linter.dupNamespace=false", "062cb7277673a740"],
    ["-DrelaxedAutoImplicit=false", "74a2b5546b55be80"],
    ["-Dpp.unicode.fun=true", "9b94070140457fab"],
    ["-Dweak.linter.unusedVariables=false", "d91d3884cfdc2bb2"],
    ["-Dweak.linter.unnecessarySimpa=false", "6fc6a87b610f9026"],
    ["-Dweak.linter.unusedTactic=false", "2c0c91147b5951fc"],
    ["-Dweak.linter.unreachableTactic=false", "2355f8e03e0a6acc"]]],
  ["Module.leanArgs: #[]", "00000000000006bb"]],
 "depHash": "08c319ce03aec56f"}