{"synthetic": false,
 "schemaVersion": "2025-09-10",
 "outputs":
 {"o": ["310e0b446d42a845.olean"],
  "i": "8f32f0f6d47b1351.ilean",
  "c": "753766b4599eb2be.c"},
 "log":
 [{"message":
   ".> LEAN_PATH=/home/mrnob0dy666/imsgct/p4rakernel/p4ramill/.lake/packages/Cli/.lake/build/lib/lean:/home/mrnob0dy666/imsgct/p4rakernel/p4ramill/.lake/packages/batteries/.lake/build/lib/lean:/home/mrnob0dy666/imsgct/p4rakernel/p4ramill/.lake/packages/Qq/.lake/build/lib/lean:/home/mrnob0dy666/imsgct/p4rakernel/p4ramill/.lake/packages/aesop/.lake/build/lib/lean:/home/mrnob0dy666/imsgct/p4rakernel/p4ramill/.lake/packages/proofwidgets/.lake/build/lib/lean:/home/mrnob0dy666/imsgct/p4rakernel/p4ramill/.lake/packages/importGraph/.lake/build/lib/lean:/home/mrnob0dy666/imsgct/p4rakernel/p4ramill/.lake/packages/LeanSearchClient/.lake/build/lib/lean:/home/mrnob0dy666/imsgct/p4rakernel/p4ramill/.lake/packages/plausible/.lake/build/lib/lean:/home/mrnob0dy666/imsgct/p4rakernel/p4ramill/.lake/packages/mathlib/.lake/build/lib/lean:/home/mrnob0dy666/imsgct/p4rakernel/p4ramill/.lake/build/lib/lean /home/mrnob0dy666/.elan/toolchains/leanprover--lean4---v4.28.0/bin/lean /home/mrnob0dy666/imsgct/p4rakernel/p4ramill/Imscribing/PublishedNS/SmoothCutoffs.lean -o /home/mrnob0dy666/imsgct/p4rakernel/p4ramill/.lake/build/lib/lean/Imscribing/PublishedNS/SmoothCutoffs.olean -i /home/mrnob0dy666/imsgct/p4rakernel/p4ramill/.lake/build/lib/lean/Imscribing/PublishedNS/SmoothCutoffs.ilean -c /home/mrnob0dy666/imsgct/p4rakernel/p4ramill/.lake/build/ir/Imscribing/PublishedNS/SmoothCutoffs.c --setup /home/mrnob0dy666/imsgct/p4rakernel/p4ramill/.lake/build/ir/Imscribing/PublishedNS/SmoothCutoffs.setup.json --json",
   "level": "trace"}],
 "inputs":
 [["Imscribing.PublishedNS.SmoothCutoffs:deps",
   [["deps",
     [["«imscribing-lean»/Imscribing:extraDep",
       [["@«imscribing-lean»:extraDep", "00000000000006bb"]]],
      ["imports",
       [["Mathlib.Analysis.Calculus.BumpFunction.InnerProduct transitive imports (legacy)",
         "1050b8aaf225cbba"],
        ["Mathlib.Analysis.Calculus.BumpFunction.InnerProduct:importAllArts",
         "e1e760ac201da602"],
        ["Mathlib.Analysis.Calculus.Deriv.Support transitive imports (legacy)",
         "bde96c98e4b495c7"],
        ["Mathlib.Analysis.Calculus.Deriv.Support:importAllArts",
         "469a154becb68bf0"],
        ["Mathlib.Analysis.Calculus.IteratedDeriv.Lemmas transitive imports (legacy)",
         "0238685c5ec6a363"],
        ["Mathlib.Analysis.Calculus.IteratedDeriv.Lemmas:importAllArts",
         "d7be4621518fc6f8"],
        ["Mathlib.Analysis.Normed.Group.Bounded transitive imports (legacy)",
         "eca32406d41e4972"],
        ["Mathlib.Analysis.Normed.Group.Bounded:importAllArts",
         "e487ca7885e345d5"],
        ["Mathlib.Tactic.FieldSimp transitive imports (legacy)",
         "a8c75d6419d8b33d"],
        ["Mathlib.Tactic.FieldSimp:importAllArts", "befd733891a4179e"],
        ["Mathlib.Tactic.Linarith transitive imports (legacy)",
         "632ef3d756d705c4"],
        ["Mathlib.Tactic.Linarith:importAllArts", "7d7c5de3e6502925"],
        ["Mathlib.Tactic.NormNum transitive imports (legacy)",
         "d23971aff6fcf605"],
        ["Mathlib.Tactic.NormNum:importAllArts", "558f04b930bce694"],
        ["Mathlib.Tactic.Positivity transitive imports (legacy)",
         "4bf3f54ea981a81e"],
        ["Mathlib.Tactic.Positivity:importAllArts", "3eb5968dca9705e8"],
        ["Mathlib.Tactic.Ring transitive imports (legacy)", "bef37b57f917f087"],
        ["Mathlib.Tactic.Ring:importAllArts", "8e42f4b80ab5724c"]]]]],
    ["libs",
     [["import dynlibs", "00000000000006bb"],
      ["package external libraries", "00000000000006bb"],
      ["module dynlibs", "00000000000006bb"],
      ["module plugins", "00000000000006bb"]]]]],
  ["Lean 4.28.0, commit 7e01a1bf5c70fc6167d49c345d3bf80596e9a79b",
   "a96bc04a2e5e9630"],
  ["/home/mrnob0dy666/imsgct/p4rakernel/p4ramill/Imscribing/PublishedNS/SmoothCutoffs.lean",
   "f8e1be606927b076"],
  ["options",
   [["-Dweak.linter.flexible=false", "b436595834109362"],
    ["-Dweak.linter.unusedDecidableInType=false", "6d4974ae0e6029f2"],
    ["-Dweak.linter.unusedSimpArgs=false", "e8b2a2e80140d892"],
    ["-DmaxSynthPendingDepth=3", "c78e353d34de85d4"],
    ["-Dweak.linter.mathlibStandardSet=false", "28605bbdbbe35f32"],
    ["-Dweak.linter.unnecessarySeqFocus=false", "e4723c913e3eecdd"],
    ["-Dweak.linter.unusedSectionVars=false", "93460bff8bc594c0"],
    ["-Dweak.linter.dupNamespace=false", "062cb7277673a740"],
    ["-DrelaxedAutoImplicit=false", "74a2b5546b55be80"],
    ["-Dpp.unicode.fun=true", "9b94070140457fab"],
    ["-Dweak.linter.unusedVariables=false", "d91d3884cfdc2bb2"],
    ["-Dweak.linter.unnecessarySimpa=false", "6fc6a87b610f9026"],
    ["-Dweak.linter.unusedTactic=false", "2c0c91147b5951fc"],
    ["-Dweak.linter.unreachableTactic=false", "2355f8e03e0a6acc"]]],
  ["Module.leanArgs: #[]", "00000000000006bb"]],
 "depHash": "914c66e3a7fcc789"}