{"synthetic": false,
 "schemaVersion": "2025-09-10",
 "outputs":
 {"o": ["6eb265fbdb4bf617.olean"],
  "i": "dbc4365f11635210.ilean",
  "c": "8ca70032e12c6185.c"},
 "log":
 [{"message":
   ".> LEAN_PATH=/home/mrnob0dy666/imsgct/p4rakernel/p4ramill/.lake/packages/Cli/.lake/build/lib/lean:/home/mrnob0dy666/imsgct/p4rakernel/p4ramill/.lake/packages/batteries/.lake/build/lib/lean:/home/mrnob0dy666/imsgct/p4rakernel/p4ramill/.lake/packages/Qq/.lake/build/lib/lean:/home/mrnob0dy666/imsgct/p4rakernel/p4ramill/.lake/packages/aesop/.lake/build/lib/lean:/home/mrnob0dy666/imsgct/p4rakernel/p4ramill/.lake/packages/proofwidgets/.lake/build/lib/lean:/home/mrnob0dy666/imsgct/p4rakernel/p4ramill/.lake/packages/importGraph/.lake/build/lib/lean:/home/mrnob0dy666/imsgct/p4rakernel/p4ramill/.lake/packages/LeanSearchClient/.lake/build/lib/lean:/home/mrnob0dy666/imsgct/p4rakernel/p4ramill/.lake/packages/plausible/.lake/build/lib/lean:/home/mrnob0dy666/imsgct/p4rakernel/p4ramill/.lake/packages/mathlib/.lake/build/lib/lean:/home/mrnob0dy666/imsgct/p4rakernel/p4ramill/.lake/build/lib/lean /home/mrnob0dy666/imsgct/p4rakernel/build/stage1/bin/lean /home/mrnob0dy666/imsgct/p4rakernel/p4ramill/Imscribing/PublishedNS/SpatialBorelExtension.lean -o /home/mrnob0dy666/imsgct/p4rakernel/p4ramill/.lake/build/lib/lean/Imscribing/PublishedNS/SpatialBorelExtension.olean -i /home/mrnob0dy666/imsgct/p4rakernel/p4ramill/.lake/build/lib/lean/Imscribing/PublishedNS/SpatialBorelExtension.ilean -c /home/mrnob0dy666/imsgct/p4rakernel/p4ramill/.lake/build/ir/Imscribing/PublishedNS/SpatialBorelExtension.c --setup /home/mrnob0dy666/imsgct/p4rakernel/p4ramill/.lake/build/ir/Imscribing/PublishedNS/SpatialBorelExtension.setup.json --json",
   "level": "trace"}],
 "inputs":
 [["Imscribing.PublishedNS.SpatialBorelExtension:deps",
   [["deps",
     [["«imscribing-lean»/Imscribing:extraDep",
       [["@«imscribing-lean»:extraDep", "00000000000006bb"]]],
      ["imports",
       [["Imscribing.PublishedNS.BorelExtension transitive imports (legacy)",
         "8de7ea4200d38ac2"],
        ["Imscribing.PublishedNS.BorelExtension:importAllArts",
         "8e00c55b5f22acef"],
        ["Mathlib.Analysis.Calculus.BumpFunction.FiniteDimension transitive imports (legacy)",
         "0343a8efe981882c"],
        ["Mathlib.Analysis.Calculus.BumpFunction.FiniteDimension:importAllArts",
         "7b308be5328bcbcd"],
        ["Mathlib.Algebra.Order.Algebra transitive imports (legacy)",
         "87beb71ea6c088d2"],
        ["Mathlib.Algebra.Order.Algebra:importAllArts", "92e10dd5ca1cfefa"],
        ["Mathlib.Analysis.Normed.Group.Basic transitive imports (legacy)",
         "b19b0add7c2478c3"],
        ["Mathlib.Analysis.Normed.Group.Basic:importAllArts",
         "20fa9a84dc742dd9"],
        ["Mathlib.Analysis.SpecialFunctions.Sqrt transitive imports (legacy)",
         "846e44b6a5d9bd3e"],
        ["Mathlib.Analysis.SpecialFunctions.Sqrt:importAllArts",
         "072c594e8f4345fe"],
        ["Mathlib.Data.EReal.Inv transitive imports (legacy)",
         "e8ce934da77e2db1"],
        ["Mathlib.Data.EReal.Inv:importAllArts", "c0a9479ce3cbf05f"]]]]],
    ["libs",
     [["import dynlibs", "00000000000006bb"],
      ["package external libraries", "00000000000006bb"],
      ["module dynlibs", "00000000000006bb"],
      ["module plugins", "00000000000006bb"]]]]],
  ["Lean 4.28.0, commit a8e1a3a202b5105b5cc956f5648149562afe9015",
   "162ec648f0bcd1d1"],
  ["/home/mrnob0dy666/imsgct/p4rakernel/p4ramill/Imscribing/PublishedNS/SpatialBorelExtension.lean",
   "dfd7f14e75227ccb"],
  ["options",
   [["-Dweak.linter.flexible=false", "b436595834109362"],
    ["-Dweak.linter.unusedDecidableInType=false", "6d4974ae0e6029f2"],
    ["-Dweak.linter.unusedSimpArgs=false", "e8b2a2e80140d892"],
    ["-DmaxSynthPendingDepth=3", "c78e353d34de85d4"],
    ["-Dweak.linter.mathlibStandardSet=false", "28605bbdbbe35f32"],
    ["-Dweak.linter.unnecessarySeqFocus=false", "e4723c913e3eecdd"],
    ["-Dweak.linter.unusedSectionVars=false", "93460bff8bc594c0"],
    ["-Dweak.linter.dupNamespace=false", "062cb7277673a740"],
    ["-DrelaxedAutoImplicit=false", "74a2b5546b55be80"],
    ["-Dpp.unicode.fun=true", "9b94070140457fab"],
    ["-Dweak.linter.unusedVariables=false", "d91d3884cfdc2bb2"],
    ["-Dweak.linter.unnecessarySimpa=false", "6fc6a87b610f9026"],
    ["-Dweak.linter.unusedTactic=false", "2c0c91147b5951fc"],
    ["-Dweak.linter.unreachableTactic=false", "2355f8e03e0a6acc"]]],
  ["Module.leanArgs: #[]", "00000000000006bb"]],
 "depHash": "7fa24644e5db6240"}