warning: mathlib: repository '/home/mrnob0dy666/imsgct/p4rakernel/p4ramill/.lake/packages/mathlib' has local changes
warning: plausible: repository '/home/mrnob0dy666/imsgct/p4rakernel/p4ramill/.lake/packages/plausible' has local changes
warning: LeanSearchClient: repository '/home/mrnob0dy666/imsgct/p4rakernel/p4ramill/.lake/packages/LeanSearchClient' has local changes
warning: importGraph: repository '/home/mrnob0dy666/imsgct/p4rakernel/p4ramill/.lake/packages/importGraph' has local changes
warning: proofwidgets: repository '/home/mrnob0dy666/imsgct/p4rakernel/p4ramill/.lake/packages/proofwidgets' has local changes
warning: aesop: repository '/home/mrnob0dy666/imsgct/p4rakernel/p4ramill/.lake/packages/aesop' has local changes
warning: Qq: repository '/home/mrnob0dy666/imsgct/p4rakernel/p4ramill/.lake/packages/Qq' has local changes
warning: batteries: repository '/home/mrnob0dy666/imsgct/p4rakernel/p4ramill/.lake/packages/batteries' has local changes
warning: Cli: repository '/home/mrnob0dy666/imsgct/p4rakernel/p4ramill/.lake/packages/Cli' has local changes
'Imscribing.NSResidualExtension.bounded_residual_jets' depends on axioms: [propext, Classical.choice, Quot.sound]
'Imscribing.NSResidualExtension.cancellation_jets_tendsto_zero' depends on axioms: [propext,
 Classical.choice,
 Quot.sound]
'Imscribing.NSResidualExtension.extended_residual_smooth' depends on axioms: [propext, Classical.choice, Quot.sound]
'Imscribing.NSResidualExtension.extended_residual_eq_injection' depends on axioms: [propext,
 Classical.choice,
 Quot.sound]
'Imscribing.NSResidualExtension.extended_residual_preserves_jets' depends on axioms: [propext,
 Classical.choice,
 Quot.sound]
'Imscribing.NSResidualExtension.extended_residual_zero_fiber' depends on axioms: [propext, Classical.choice, Quot.sound]
'Imscribing.NSResidualExtension.extended_residual_zero_time' depends on axioms: [propext, Classical.choice, Quot.sound]
'Imscribing.NSResidualExtension.zero_extension_control' depends on axioms: [propext, Classical.choice, Quot.sound]
'Imscribing.NSResidualExtension.nonzero_extension_control' depends on axioms: [propext, Classical.choice, Quot.sound]
