warning: plausible: repository '/home/mrnob0dy666/imsgct/p4rakernel/p4ramill/.lake/packages/plausible' has local changes
warning: LeanSearchClient: repository '/home/mrnob0dy666/imsgct/p4rakernel/p4ramill/.lake/packages/LeanSearchClient' has local changes
warning: importGraph: repository '/home/mrnob0dy666/imsgct/p4rakernel/p4ramill/.lake/packages/importGraph' has local changes
warning: proofwidgets: repository '/home/mrnob0dy666/imsgct/p4rakernel/p4ramill/.lake/packages/proofwidgets' has local changes
warning: aesop: repository '/home/mrnob0dy666/imsgct/p4rakernel/p4ramill/.lake/packages/aesop' has local changes
warning: Qq: repository '/home/mrnob0dy666/imsgct/p4rakernel/p4ramill/.lake/packages/Qq' has local changes
warning: Cli: repository '/home/mrnob0dy666/imsgct/p4rakernel/p4ramill/.lake/packages/Cli' has local changes
✔ [3796/3873] Built Mathlib.MeasureTheory.Group.Pointwise (8.1s)
✔ [3806/3904] Built Mathlib.Analysis.SpecialFunctions.Log.Basic (25s)
✔ [3830/3948] Built Mathlib.MeasureTheory.Constructions.BorelSpace.Basic (30s)
✔ [3831/3948] Built Mathlib.MeasureTheory.Group.MeasurableEquiv (30s)
✔ [3832/3948] Built Mathlib.Analysis.SpecialFunctions.Trigonometric.Basic (32s)
✔ [3833/3948] Built Mathlib.Analysis.Convex.Mul (35s)
✔ [3834/3948] Built Mathlib.MeasureTheory.Constructions.BorelSpace.Complex (7.1s)
✔ [3835/3948] Built Mathlib.MeasureTheory.Measure.OpenPos (10s)
✔ [3836/3948] Built Mathlib.MeasureTheory.Constructions.BorelSpace.Metric (8.8s)
✔ [3837/3948] Built Mathlib.MeasureTheory.Measure.Regular (19s)
✔ [3838/3948] Built Mathlib.Analysis.SpecialFunctions.Trigonometric.Inverse (21s)
✔ [3839/3948] Built Mathlib.MeasureTheory.Constructions.BorelSpace.Order (27s)
✔ [3840/3956] Built Mathlib.Analysis.Convex.Combination (66s)
✔ [3841/3956] Built Mathlib.MeasureTheory.Measure.Content (18s)
✔ [3842/3956] Built Mathlib.MeasureTheory.Function.EssSup (16s)
✔ [3845/3957] Built Mathlib.Topology.Algebra.Module.FiniteDimension (75s)
✔ [3847/3959] Built Mathlib.MeasureTheory.Group.Action (27s)
✔ [3849/3959] Built Mathlib.MeasureTheory.Measure.Stieltjes (25s)
✔ [3850/3970] Built Mathlib.Analysis.Normed.Affine.Isometry (70s)
✔ [3857/3977] Built Mathlib.MeasureTheory.Constructions.BorelSpace.Real (17s)
✔ [3858/3977] Built Mathlib.Analysis.Seminorm (100s)
✔ [3859/3979] Built Mathlib.Analysis.Normed.Module.Convex (20s)
✔ [3860/3989] Built Mathlib.Analysis.BoxIntegral.Partition.Split (12s)
✔ [3865/3992] Built Mathlib.MeasureTheory.Constructions.BorelSpace.Metrizable (12s)
✔ [3866/3992] Built Mathlib.Analysis.BoxIntegral.Partition.Tagged (17s)
✔ [3867/3992] Built Mathlib.Topology.Algebra.Module.LocallyConvex (26s)
✔ [3868/3992] Built Mathlib.Analysis.SpecialFunctions.Trigonometric.Angle (77s)
✔ [3869/3998] Built Mathlib.RingTheory.Int.Basic (9.7s)
✔ [3870/3998] Built Mathlib.RingTheory.ZMod (10s)
✔ [3871/3998] Built Mathlib.Analysis.BoxIntegral.Partition.SubboxInduction (11s)
✔ [3872/4001] Built Mathlib.MeasureTheory.Function.SimpleFunc (46s)
✔ [3873/4001] Built Mathlib.LinearAlgebra.Quotient.Pi (16s)
✔ [3874/4002] Built Mathlib.Data.ZMod.QuotientRing (10s)
✔ [3875/4003] Built Mathlib.Analysis.LocallyConvex.Bounded (36s)
✔ [3876/4003] Built Mathlib.Analysis.SpecialFunctions.Complex.Arg (23s)
✔ [3877/4003] Built Mathlib.MeasureTheory.Function.SimpleFuncDense (15s)
✔ [3880/4004] Built Mathlib.Analysis.SumOverResidueClass (10s)
✔ [3881/4005] Built Mathlib.Analysis.BoxIntegral.Partition.Filter (18s)
✔ [3882/4005] Built Mathlib.Algebra.MonoidAlgebra.Cardinal (8.2s)
✔ [3883/4005] Built Mathlib.LinearAlgebra.Orientation (27s)
✔ [3884/4005] Built Mathlib.MeasureTheory.Integral.Lebesgue.Basic (25s)
✔ [3885/4006] Built Mathlib.LinearAlgebra.FreeModule.Finite.Quotient (17s)
✔ [3886/4006] Built Mathlib.Algebra.MonoidAlgebra.Ideal (8.0s)
✔ [3887/4007] Built Mathlib.Analysis.SpecialFunctions.Complex.Log (13s)
✔ [3888/4007] Built Mathlib.Algebra.MonoidAlgebra.Grading (21s)
✔ [3889/4007] Built Mathlib.Algebra.MonoidAlgebra.ToDirectSum (14s)
✔ [3890/4007] Built Mathlib.MeasureTheory.Integral.Lebesgue.Norm (11s)
✔ [3891/4008] Built Mathlib.MeasureTheory.Integral.Lebesgue.Add (18s)
✔ [3892/4008] Built Mathlib.Algebra.MvPolynomial.Cardinal (9.4s)
✔ [3893/4009] Built Mathlib.MeasureTheory.Function.StronglyMeasurable.Basic (34s)
✔ [3894/4009] Built Mathlib.Algebra.MvPolynomial.Comap (8.9s)
✔ [3895/4009] Built Mathlib.LinearAlgebra.FreeModule.Finite.CardQuotient (16s)
✔ [3896/4009] Built Mathlib.Analysis.SpecialFunctions.Pow.Complex (18s)
✔ [3898/4009] Built Mathlib.MeasureTheory.Integral.Lebesgue.Sub (13s)
✔ [3899/4009] Built Mathlib.Topology.Algebra.Module.Multilinear.Topology (45s)
✔ [3900/4012] Built Mathlib.MeasureTheory.Integral.Lebesgue.Map (9.6s)
✔ [3901/4012] Built Mathlib.MeasureTheory.Integral.Lebesgue.Markov (11s)
✔ [3902/4012] Built Mathlib.Analysis.LocallyConvex.WithSeminorms (61s)
✔ [3903/4012] Built Mathlib.MeasureTheory.Function.Egorov (11s)
✔ [3904/4012] Built Mathlib.Algebra.MvPolynomial.Division (17s)
✔ [3906/4015] Built Mathlib.Algebra.MvPolynomial.Nilpotent (19s)
✔ [3907/4015] Built Mathlib.MeasureTheory.Integral.Lebesgue.DominatedConvergence (14s)
✔ [3908/4015] Built Mathlib.MeasureTheory.Integral.Lebesgue.Countable (22s)
✔ [3909/4015] Built Mathlib.MeasureTheory.Function.StronglyMeasurable.AEStronglyMeasurable (31s)
✔ [3910/4015] Built Mathlib.Algebra.MvPolynomial.Polynomial (10s)
✔ [3911/4015] Built Mathlib.Algebra.MvPolynomial.Invertible (8.9s)
✔ [3912/4023] Built Mathlib.Algebra.MvPolynomial.Expand (16s)
✔ [3914/4023] Built Mathlib.Analysis.SpecialFunctions.Pow.Real (37s)
✔ [3915/4023] Built Mathlib.MeasureTheory.Measure.GiryMonad (13s)
✔ [3916/4025] Built Mathlib.Algebra.MvPolynomial.Funext (9.4s)
✔ [3917/4026] Built Mathlib.Data.DFinsupp.WellFounded (8.4s)
✔ [3919/4027] Built Mathlib.Analysis.Convex.SpecificFunctions.Basic (12s)
✔ [3920/4027] Built Mathlib.Data.Finsupp.WellFounded (6.7s)
✔ [3923/4031] Built Mathlib.RingTheory.Polynomial.Resultant.Basic (172s)
✔ [3931/4037] Built Mathlib.Analysis.InnerProductSpace.Defs (38s)
✔ [3932/4040] Built Mathlib.RingTheory.UniqueFactorizationDomain.Nat (8.4s)
✔ [3934/4041] Built Mathlib.MeasureTheory.Function.AEEqFun (31s)
✔ [3935/4042] Built Mathlib.Data.Finsupp.MonomialOrder (12s)
✔ [3938/4042] Built Mathlib.Data.Nat.Factorization.PrimePow (11s)
✔ [3939/4044] Built Mathlib.Data.Nat.Squarefree (16s)
✔ [3941/4045] Built Mathlib.MeasureTheory.Measure.Prod (35s)
✔ [3944/4045] Built Mathlib.Analysis.SpecialFunctions.Pow.NNReal (39s)
✔ [3945/4045] Built Mathlib.Data.Finsupp.MonomialOrder.DegLex (18s)
✔ [3947/4045] Built Mathlib.Algebra.MvPolynomial.SchwartzZippel (35s)
✔ [3948/4045] Built Mathlib.MeasureTheory.Group.Convolution (19s)
✔ [3949/4045] Built Mathlib.NumberTheory.ArithmeticFunction.Defs (31s)
✔ [3950/4045] Built Mathlib.Analysis.MeanInequalitiesPow (26s)
✔ [3951/4047] Built Mathlib.MeasureTheory.Function.SpecialFunctions.Basic (14s)
✔ [3952/4050] Built Mathlib.Topology.Algebra.Module.StrongTopology (158s)
✔ [3953/4050] Built Mathlib.Analysis.InnerProductSpace.Basic (60s)
✔ [3957/4051] Built Mathlib.RingTheory.MvPolynomial.MonomialOrder (42s)
✔ [3960/4052] Built Mathlib.Analysis.MeanInequalities (30s)
✔ [3962/4052] Built Mathlib.MeasureTheory.Function.LpSeminorm.Defs (11s)
✔ [3963/4053] Built Mathlib.Analysis.SpecialFunctions.Pow.Asymptotics (15s)
✔ [3965/4053] Built Mathlib.RingTheory.MvPolynomial.MonomialOrder.DegLex (10s)
✔ [3966/4054] Built Mathlib.NumberTheory.ArithmeticFunction.Zeta (13s)
✔ [3968/4055] Built Mathlib.MeasureTheory.Group.Measure (54s)
✔ [3969/4056] Built Mathlib.Algebra.MvPolynomial.NoZeroDivisors (18s)
✔ [3971/4056] Built Mathlib.MeasureTheory.Integral.MeanInequalities (25s)
✔ [3972/4056] Built Mathlib.Analysis.InnerProductSpace.Projection.Minimal (34s)
✔ [3973/4057] Built Mathlib.NumberTheory.ArithmeticFunction.Misc (21s)
✔ [3976/4065] Built Mathlib.MeasureTheory.Group.LIntegral (11s)
✔ [3985/4067] Built Mathlib.Analysis.SpecialFunctions.Pow.Continuity (34s)
✔ [3987/4079] Built Mathlib.Algebra.Order.Group.Cyclic (7.0s)
✔ [4000/4082] Built Mathlib.Algebra.Order.Antidiag.Nat (13s)
✔ [4003/4082] Built Mathlib.MeasureTheory.Function.LpSeminorm.Basic (43s)
✔ [4004/4084] Built Mathlib.Algebra.Order.Module.Algebra (6.5s)
✔ [4005/4084] Built Mathlib.MeasureTheory.Group.Prod (30s)
✔ [4007/4085] Built Mathlib.MeasureTheory.Constructions.Pi (33s)
✔ [4009/4085] Built Mathlib.MeasureTheory.Function.LpSeminorm.TriangleInequality (15s)
✔ [4010/4085] Built Mathlib.Analysis.Normed.Operator.Basic (73s)
✔ [4011/4085] Built Mathlib.Analysis.PSeries (27s)
✔ [4012/4085] Built Mathlib.MeasureTheory.Function.LpSeminorm.Monotonicity (16s)
✔ [4013/4085] Built Mathlib.Algebra.Order.Interval.Basic (25s)
✔ [4014/4085] Built Mathlib.Analysis.Normed.Lp.ProdLp (76s)
✔ [4015/4085] Built Mathlib.MeasureTheory.Function.LpSeminorm.Indicator (15s)
✔ [4016/4085] Built Mathlib.Algebra.Order.Module.Equiv (5.4s)
✔ [4017/4085] Built Mathlib.Analysis.LConvolution (15s)
✔ [4019/4085] Built Mathlib.MeasureTheory.Integral.Marginal (13s)
✔ [4020/4087] Built Mathlib.Algebra.Order.Module.Archimedean (13s)
✔ [4021/4094] Built Mathlib.MeasureTheory.Measure.Haar.Basic (27s)
✔ [4027/4096] Built Mathlib.Analysis.Normed.Operator.NNNorm (25s)
✔ [4029/4098] Built Mathlib.MeasureTheory.Function.LpSeminorm.CompareExp (23s)
✔ [4031/4108] Built Mathlib.Algebra.Order.Module.PositiveLinearMap (7.6s)
✔ [4041/4109] Built Mathlib.RingTheory.HahnSeries.Addition (22s)
✔ [4043/4110] Built Mathlib.MeasureTheory.Measure.WithDensity (28s)
✔ [4045/4110] Built Mathlib.Topology.ContinuousMap.Bounded.Normed (45s)
✔ [4047/4113] Built Mathlib.MeasureTheory.Function.L1Space.HasFiniteIntegral (18s)
✔ [4048/4113] Built Mathlib.Topology.ContinuousMap.Bounded.Star (12s)
✔ [4049/4114] Built Mathlib.Analysis.Normed.Operator.Extend (56s)
✔ [4050/4118] Built Mathlib.Algebra.Order.Ring.Prod (4.3s)
✔ [4053/4119] Built Mathlib.Algebra.Order.Ring.Archimedean (28s)
✔ [4054/4120] Built Mathlib.Algebra.Order.Ring.Ordering.Defs (9.7s)
✔ [4055/4120] Built Mathlib.Algebra.Order.Ring.Star (6.5s)
✔ [4056/4123] Built Mathlib.Data.Real.CompleteField (7.7s)
✔ [4058/4124] Built Mathlib.Algebra.Star.Conjneg (7.5s)
✔ [4059/4125] Built Mathlib.Analysis.Normed.Lp.PiLp (76s)
✔ [4060/4125] Built Mathlib.Algebra.Order.Star.Pi (6.1s)
✔ [4061/4126] Built Mathlib.Topology.ContinuousMap.Compact (28s)
✔ [4062/4126] Built Mathlib.Algebra.Order.Star.Conjneg (5.4s)
✔ [4063/4132] Built Mathlib.Algebra.Order.Star.Prod (5.8s)
✔ [4071/4132] Built Mathlib.Analysis.Normed.Lp.MeasurableSpace (7.5s)
✔ [4072/4137] Built Mathlib.Algebra.Polynomial.Basis (5.3s)
✔ [4073/4138] Built Mathlib.MeasureTheory.Function.LpSpace.Basic (66s)
✔ [4074/4138] Built Mathlib.RingTheory.HahnSeries.Multiplication (66s)
✔ [4075/4138] Built Mathlib.Algebra.Order.Ring.Ordering.Basic (30s)
✔ [4076/4139] Built Mathlib.RingTheory.Derivation.DifferentialRing (8.9s)
✔ [4077/4139] Built Mathlib.Analysis.Normed.Lp.Matrix (14s)
✔ [4078/4139] Built Mathlib.RingTheory.Valuation.ValuationSubring (43s)
✔ [4079/4141] Built Mathlib.Algebra.Polynomial.CoeffList (11s)
✔ [4081/4141] Built Mathlib.Analysis.Normed.Operator.Bilinear (107s)
✔ [4082/4142] Built Mathlib.MeasureTheory.Function.LpSpace.Complete (14s)
✔ [4083/4142] Built Mathlib.Algebra.Polynomial.Degree.CardPowDegree (16s)
✔ [4084/4143] Built Mathlib.Algebra.Polynomial.CoeffMem (20s)
✔ [4085/4143] Built Mathlib.Algebra.Polynomial.Degree.IsMonicOfDegree (11s)
✔ [4086/4146] Built Mathlib.MeasureTheory.Function.LpSpace.Indicator (21s)
✔ [4090/4147] Built Mathlib.Algebra.Polynomial.DenomsClearable (9.1s)
✔ [4091/4148] Built Mathlib.RingTheory.Derivation.MapCoeffs (29s)
✔ [4092/4148] Built Mathlib.MeasureTheory.Function.ConvergenceInMeasure (18s)
✔ [4093/4148] Built Mathlib.Algebra.Polynomial.Mirror (13s)
✔ [4094/4148] Built Mathlib.RingTheory.HahnSeries.Lex (36s)
✔ [4095/4148] Built Mathlib.Algebra.Polynomial.Module.FiniteDimensional (10s)
✔ [4096/4152] Built Mathlib.Algebra.Polynomial.Homogenize (25s)
✔ [4099/4152] Built Mathlib.Algebra.Polynomial.Module.TensorProduct (14s)
✔ [4100/4154] Built Mathlib.Analysis.Normed.Operator.NormedSpace (34s)
✔ [4101/4154] Built Mathlib.MeasureTheory.Function.LpOrder (14s)
✔ [4102/4154] Built Mathlib.Algebra.Polynomial.OfFn (8.7s)
✔ [4103/4155] Built Mathlib.Algebra.Polynomial.PartialFractions (11s)
✔ [4105/4156] Built Mathlib.Analysis.Normed.Module.RCLike.Basic (14s)
✔ [4106/4156] Built Mathlib.Algebra.Polynomial.Bivariate (33s)
✔ [4107/4157] Built Mathlib.Algebra.Polynomial.Sequence (13s)
✔ [4108/4158] Built Mathlib.Analysis.Normed.Module.RieszLemma (18s)
✔ [4109/4158] Built Mathlib.Algebra.Polynomial.Smeval (17s)
✔ [4110/4159] Built Mathlib.Algebra.Polynomial.SpecificDegree (9.2s)
✔ [4111/4160] Built Mathlib.Algebra.Polynomial.SumIteratedDerivative (11s)
✔ [4112/4160] Built Mathlib.Analysis.Normed.Operator.Mul (54s)
✔ [4114/4163] Built Mathlib.Algebra.Order.Module.HahnEmbedding (71s)
✔ [4115/4167] Built Mathlib.Algebra.Order.Ring.StandardPart (108s)
✔ [4117/4172] Built Mathlib.Analysis.Normed.Operator.Banach (62s)
✔ [4122/4177] Built Mathlib.Algebra.Polynomial.UnitTrinomial (11s)
✔ [4127/4179] Built Mathlib.Analysis.BoxIntegral.Partition.Additive (15s)
✔ [4129/4181] Built Mathlib.Algebra.Ring.Semireal.Defs (8.7s)
✔ [4131/4185] Built Mathlib.Algebra.Ring.Subring.IntPolynomial (7.6s)
✔ [4132/4189] Built Mathlib.Algebra.QuaternionBasis (23s)
✔ [4133/4189] Built Mathlib.Algebra.QuadraticAlgebra.Defs (26s)
✔ [4134/4189] Built Mathlib.Algebra.Star.NonUnitalSubsemiring (5.7s)
✔ [4135/4189] Built Mathlib.Algebra.Star.Free (7.0s)
✔ [4136/4191] Built Mathlib.Analysis.Normed.Module.FiniteDimension (49s)
✔ [4137/4192] Built Mathlib.Algebra.Star.CHSH (14s)
✔ [4138/4192] Built Mathlib.Algebra.QuadraticAlgebra (5.2s)
✔ [4139/4193] Built Mathlib.Algebra.Ring.CentroidHom (36s)
✔ [4140/4194] Built Mathlib.Algebra.Star.Subsemiring (7.1s)
✔ [4141/4194] Built Mathlib.Algebra.Star.RingQuot (6.4s)
✔ [4142/4195] Built Mathlib.Analysis.RCLike.Lemmas (11s)
✔ [4143/4195] Built Mathlib.Algebra.WithConv (8.3s)
✔ [4145/4197] Built Mathlib.Algebra.QuadraticAlgebra.Basic (23s)
✔ [4147/4199] Built Mathlib.Algebra.Polynomial.RuleOfSigns (103s)
✔ [4149/4209] Built Mathlib.Algebra.Star.CentroidHom (9.4s)
✔ [4157/4217] Built Mathlib.Algebra.Star.UnitaryStarAlgAut (14s)
✔ [4161/4221] Built Mathlib.Algebra.SkewMonoidAlgebra.Basic (42s)
✔ [4163/4221] Built Mathlib.Algebra.Symmetrized (17s)
✔ [4164/4221] Built Mathlib.Algebra.QuadraticAlgebra.NormDeterminant (11s)
✔ [4165/4221] Built Mathlib.Geometry.RingedSpace.Basic (11s)
✔ [4166/4221] Built Mathlib.Algebra.SkewPolynomial.Basic (8.0s)
✔ [4168/4221] Built Mathlib.Algebra.Vertex.HVertexOperator (17s)
✔ [4169/4221] Built Mathlib.Algebra.SkewMonoidAlgebra.Support (8.3s)
✔ [4172/4230] Built Mathlib.Algebra.Star.LinearMap (28s)
✔ [4173/4252] Built Mathlib.Algebra.SkewMonoidAlgebra.Single (11s)
✔ [4184/4255] Built Mathlib.RingTheory.Localization.InvSubmonoid (9.0s)
✔ [4185/4255] Built Mathlib.Algebra.Vertex.VertexOperator (10s)
✔ [4186/4264] Built Mathlib.Algebra.SkewMonoidAlgebra.Lift (16s)
✔ [4187/4264] Built Mathlib.Topology.Category.TopCommRingCat (8.9s)
✔ [4188/4264] Built Mathlib.RingTheory.Localization.Away.Lemmas (8.0s)
✔ [4189/4264] Built Mathlib.Geometry.RingedSpace.LocallyRingedSpace (19s)
✔ [4190/4264] Built Mathlib.RingTheory.RingHom.Surjective (9.9s)
✔ [4191/4266] Built Mathlib.Analysis.Normed.Module.Multilinear.Basic (188s)
✔ [4192/4272] Built Mathlib.RingTheory.LocalProperties.Reduced (8.0s)
✔ [4193/4273] Built Mathlib.RingTheory.Jacobson.Polynomial (8.9s)
✔ [4194/4273] Built Mathlib.RingTheory.Spectrum.Prime.TensorProduct (11s)
✔ [4195/4276] Built Mathlib.RingTheory.RingHom.EssFiniteType (11s)
✔ [4196/4276] Built Mathlib.Geometry.RingedSpace.LocallyRingedSpace.ResidueField (18s)
✔ [4197/4284] Built Mathlib.Topology.Sheaves.CommRingCat (33s)
✔ [4200/4285] Built Mathlib.RingTheory.Jacobson.Ring (36s)
✔ [4202/4288] Built Mathlib.RingTheory.RingHom.Locally (43s)
✔ [4203/4288] Built Mathlib.RingTheory.Spectrum.Prime.Noetherian (12s)
✔ [4204/4291] Built Mathlib.RingTheory.RingHom.Finite (22s)
✔ [4205/4291] Built Mathlib.RingTheory.FiniteStability (30s)
✔ [4206/4291] Built Mathlib.RingTheory.KrullDimension.Zero (9.0s)
✔ [4207/4292] Built Mathlib.RingTheory.Spectrum.Prime.Jacobson (7.7s)
✔ [4208/4298] Built Mathlib.RingTheory.RingHom.Integral (11s)
✔ [4209/4306] Built Mathlib.RingTheory.Localization.Away.AdjoinRoot (8.6s)
✔ [4211/4309] Built Mathlib.RingTheory.Localization.Finiteness (13s)
✔ [4212/4309] Built Mathlib.Analysis.Normed.Operator.BoundedLinearMaps (57s)
✔ [4213/4309] Built Mathlib.LinearAlgebra.Charpoly.BaseChange (8.4s)
✔ [4214/4312] Built Mathlib.RingTheory.Spectrum.Prime.ConstructibleSet (10s)
✔ [4215/4323] Built Mathlib.RingTheory.Noetherian.Nilpotent (4.4s)
✔ [4219/4323] Built Mathlib.RingTheory.FiniteLength (9.1s)
✔ [4220/4325] Built Mathlib.RingTheory.RingHom.FiniteType (19s)
✔ [4221/4326] Built Mathlib.Analysis.InnerProductSpace.Continuous (9.4s)
✔ [4222/4326] Built Mathlib.MeasureTheory.Function.StronglyMeasurable.Lemmas (11s)
✔ [4223/4326] Built Mathlib.AlgebraicGeometry.EllipticCurve.Weierstrass (13s)
✔ [4224/4326] Built Mathlib.LinearAlgebra.FreeModule.IdealQuotient (10s)
✔ [4225/4329] Built Mathlib.RingTheory.HopkinsLevitzki (18s)
✔ [4226/4329] Built Mathlib.AlgebraicGeometry.StructureSheaf (126s)
✔ [4227/4329] Built Mathlib.RingTheory.RingHom.FinitePresentation (34s)
✔ [4228/4329] Built Mathlib.RingTheory.Spectrum.Prime.Polynomial (47s)
✔ [4229/4329] Built Mathlib.RingTheory.UniqueFactorizationDomain.Finite (7.1s)
✔ [4230/4332] Built Mathlib.Geometry.RingedSpace.OpenImmersion (107s)
✔ [4231/4333] Built Mathlib.LinearAlgebra.FreeModule.Norm (16s)
✔ [4232/4333] Built Mathlib.AlgebraicGeometry.EllipticCurve.VariableChange (36s)
✔ [4234/4334] Built Mathlib.RingTheory.Polynomial.UniqueFactorization (13s)
✔ [4236/4339] Built Mathlib.RingTheory.ClassGroup (56s)
✔ [4239/4339] Built Mathlib.Geometry.RingedSpace.LocallyRingedSpace.HasColimits (24s)
✔ [4240/4339] Built Mathlib.AlgebraicGeometry.EllipticCurve.Affine.Basic (23s)
✔ [4241/4344] Built Mathlib.MeasureTheory.Function.L1Space.Integrable (68s)
✔ [4242/4344] Built Mathlib.AlgebraicGeometry.EllipticCurve.NormalForms (29s)
✔ [4243/4344] Built Mathlib.FieldTheory.Normal.Basic (31s)
✔ [4244/4346] Built Mathlib.Analysis.InnerProductSpace.LinearMap (91s)
✔ [4246/4346] Built Mathlib.AlgebraicGeometry.Spec (55s)
✔ [4247/4347] Built Mathlib.FieldTheory.PrimitiveElement (33s)
✔ [4249/4347] Built Mathlib.MeasureTheory.Function.L1Space.AEEqFun (20s)
✔ [4250/4348] Built Mathlib.Tactic.Ring.NamePolyVars (5.4s)
✔ [4251/4349] Built Mathlib.AlgebraicGeometry.EllipticCurve.Affine.Formula (39s)
✔ [4252/4350] Built Mathlib.FieldTheory.Normal.Closure (28s)
✔ [4253/4350] Built Mathlib.MeasureTheory.Integral.IntegrableOn (29s)
✔ [4254/4350] Built Mathlib.Analysis.InnerProductSpace.Orthonormal (30s)
✔ [4255/4351] Built Mathlib.AlgebraicGeometry.EllipticCurve.ModelsWithJ (12s)
✔ [4256/4351] Built Mathlib.Geometry.RingedSpace.PresheafedSpace.Gluing (64s)
✔ [4257/4351] Built Mathlib.AlgebraicGeometry.EllipticCurve.Jacobian.Basic (43s)
✔ [4258/4352] Built Mathlib.MeasureTheory.Function.LocallyIntegrable (34s)
✔ [4259/4352] Built Mathlib.AlgebraicGeometry.EllipticCurve.Projective.Basic (36s)
✔ [4260/4352] Built Mathlib.AlgebraicGeometry.Scheme (69s)
✔ [4261/4352] Built Mathlib.RingTheory.Spectrum.Prime.ChevalleyComplexity (139s)
✔ [4262/4352] Built Mathlib.MeasureTheory.Function.SimpleFuncDenseLp (79s)
✔ [4263/4353] Built Mathlib.Analysis.InnerProductSpace.Subspace (24s)
✔ [4264/4353] Built Mathlib.FieldTheory.Galois.Basic (63s)
✔ [4266/4354] Built Mathlib.AlgebraicGeometry.Over (11s)
✔ [4267/4354] Built Mathlib.FieldTheory.IsSepClosed (19s)
✔ [4269/4354] Built Mathlib.AlgebraicGeometry.EllipticCurve.Affine.Point (91s)
✔ [4270/4354] Built Mathlib.MeasureTheory.Integral.FinMeasAdditive (30s)
✔ [4271/4354] Built Mathlib.AlgebraicGeometry.OpenImmersion (47s)
✔ [4272/4357] Built Mathlib.RingTheory.Spectrum.Prime.Chevalley (38s)
✔ [4273/4360] Built Mathlib.Analysis.InnerProductSpace.Orthogonal (46s)
✔ [4275/4360] Built Mathlib.AlgebraicGeometry.EllipticCurve.Jacobian.Formula (66s)
✔ [4276/4360] Built Mathlib.AlgebraicGeometry.Sites.MorphismProperty (17s)
✔ [4277/4360] Built Mathlib.AlgebraicGeometry.EllipticCurve.DivisionPolynomial.Basic (26s)
✔ [4278/4360] Built Mathlib.AlgebraicGeometry.EllipticCurve.IsomOfJ (30s)
✔ [4279/4364] Built Mathlib.Topology.Algebra.WithZeroTopology (9.5s)
✔ [4280/4365] Built Mathlib.Topology.Algebra.OpenSubgroup (25s)
✔ [4281/4365] Built Mathlib.Topology.Algebra.Nonarchimedean.Basic (10s)
✔ [4282/4365] Built Mathlib.AlgebraicGeometry.Cover.MorphismProperty (18s)
✔ [4283/4366] Built Mathlib.Analysis.InnerProductSpace.Symmetric (25s)
✔ [4284/4366] Built Mathlib.Topology.Algebra.GroupCompletion (16s)
✔ [4285/4366] Built Mathlib.AlgebraicGeometry.EllipticCurve.DivisionPolynomial.Degree (24s)
✔ [4286/4366] Built Mathlib.AlgebraicGeometry.EllipticCurve.Jacobian.Point (29s)
✔ [4287/4366] Built Mathlib.Topology.Algebra.Nonarchimedean.Bases (10s)
✔ [4288/4366] Built Mathlib.LinearAlgebra.BilinearForm.DualLattice (13s)
✔ [4289/4369] Built Mathlib.Topology.Algebra.UniformRing (15s)
✔ [4290/4371] Built Mathlib.Topology.Algebra.Valued.ValuationTopology (14s)
✔ [4291/4371] Built Mathlib.Topology.Algebra.UniformField (12s)
✔ [4292/4373] Built Mathlib.RingTheory.AlgebraicIndependent.Defs (12s)
✔ [4294/4387] Built Mathlib.RingTheory.Valuation.ValuativeRel.Basic (38s)
✔ [4306/4389] Built Mathlib.RingTheory.Polynomial.GaussLemma (17s)
✔ [4307/4389] Built Mathlib.AlgebraicGeometry.Cover.Open (38s)
✔ [4308/4389] Built Mathlib.Analysis.InnerProductSpace.Projection.Basic (48s)
✔ [4309/4389] Built Mathlib.RingTheory.Algebraic.MvPolynomial (16s)
✔ [4311/4389] Built Mathlib.RingTheory.AlgebraicIndependent.Basic (19s)
✔ [4312/4393] Built Mathlib.Topology.Algebra.Valued.ValuedField (24s)
✔ [4313/4394] Built Mathlib.RingTheory.Polynomial.SeparableDegree (10s)
✔ [4314/4394] Built Mathlib.RingTheory.AlgebraicIndependent.Adjoin (28s)
✔ [4315/4396] Built Mathlib.AlgebraicGeometry.EllipticCurve.Projective.Formula (155s)
✔ [4316/4396] Built Mathlib.LinearAlgebra.Matrix.Charpoly.Minpoly (9.3s)
✔ [4318/4403] Built Mathlib.FieldTheory.Minpoly.IsIntegrallyClosed (33s)
✔ [4319/4403] Built Mathlib.RingTheory.AlgebraicIndependent.Transcendental (17s)
✔ [4320/4403] Built Mathlib.FieldTheory.AlgebraicClosure (18s)
✔ [4321/4406] Built Mathlib.Analysis.InnerProductSpace.Projection.Reflection (28s)
✔ [4322/4406] Built Mathlib.FieldTheory.Minpoly.MinpolyDiv (18s)
✔ [4323/4406] Built Mathlib.AlgebraicGeometry.EllipticCurve.Projective.Point (28s)
✔ [4324/4410] Built Mathlib.LinearAlgebra.Vandermonde (29s)
✔ [4326/4411] Built Mathlib.RingTheory.Ideal.Oka (7.7s)
✔ [4327/4412] Built Mathlib.AlgebraicGeometry.Restrict (51s)
✔ [4328/4412] Built Mathlib.RingTheory.AlgebraicIndependent.AlgebraicClosure (21s)
✔ [4329/4427] Built Mathlib.RingTheory.PrincipalIdealDomainOfPrime (8.9s)
✔ [4332/4429] Built Mathlib.MeasureTheory.Integral.SetToL1 (156s)
✔ [4333/4429] Built Mathlib.LinearAlgebra.Matrix.BilinearForm (47s)
✔ [4334/4429] Built Mathlib.RingTheory.AlgebraicIndependent.TranscendenceBasis (52s)
✔ [4335/4430] Built Mathlib.RingTheory.Unramified.Basic (19s)
✔ [4336/4430] Built Mathlib.Analysis.InnerProductSpace.Projection.FiniteDimensional (41s)
✔ [4337/4430] Built Mathlib.GroupTheory.ArchimedeanDensely (37s)
✔ [4338/4430] Built Mathlib.RingTheory.Trace.Defs (16s)
✔ [4339/4432] Built Mathlib.AlgebraicGeometry.GammaSpecAdjunction (48s)
✔ [4340/4433] Built Mathlib.AlgebraicGeometry.Gluing (50s)
✔ [4341/4433] Built Mathlib.LinearAlgebra.TensorProduct.Vanishing (20s)
✔ [4342/4433] Built Mathlib.RingTheory.LocalProperties.Projective (37s)
✔ [4343/4436] Built Mathlib.MeasureTheory.Integral.Bochner.L1 (73s)
✔ [4344/4437] Built Mathlib.RingTheory.Ideal.Quotient.ChineseRemainder (24s)
✔ [4345/4437] Built Mathlib.FieldTheory.SeparableDegree (79s)
✔ [4346/4442] Built Mathlib.RingTheory.Flat.EquationalCriterion (35s)
✔ [4347/4442] Built Mathlib.RingTheory.Kaehler.JacobiZariski (81s)
✔ [4349/4446] Built Mathlib.RingTheory.TensorProduct.IsBaseChangePi (12s)
✔ [4350/4446] Built Mathlib.RingTheory.QuotSMulTop (28s)
✔ [4351/4446] Built Mathlib.RingTheory.Smooth.Kaehler (118s)
✔ [4352/4447] Built Mathlib.RingTheory.Localization.Free (22s)
✔ [4353/4450] Built Mathlib.AlgebraicGeometry.AffineScheme (86s)
✔ [4354/4452] Built Mathlib.LinearAlgebra.Basis.Exact (11s)
✔ [4355/4452] Built Mathlib.RingTheory.Support (23s)
✔ [4356/4456] Built Mathlib.MeasureTheory.Integral.Bochner.Basic (62s)
✔ [4357/4456] Built Mathlib.FieldTheory.SeparableClosure (59s)
✔ [4358/4456] Built Mathlib.RingTheory.Extension.Presentation.Submersive (28s)
✔ [4359/4456] Built Mathlib.RingTheory.Smooth.Basic (50s)
✔ [4360/4457] Built Mathlib.RingTheory.LocalRing.ResidueField.Fiber (63s)
✔ [4361/4457] Built Mathlib.RingTheory.Smooth.StandardSmooth (11s)
✔ [4362/4462] Built Mathlib.RingTheory.Extension.Cotangent.Free (22s)
✔ [4363/4465] Built Mathlib.LinearAlgebra.SModEq.Pointwise (5.5s)
✔ [4364/4465] Built Mathlib.RingTheory.Etale.Basic (14s)
✔ [4365/4465] Built Mathlib.Analysis.InnerProductSpace.PiL2 (158s)
✔ [4366/4465] Built Mathlib.FieldTheory.PurelyInseparable.Basic (37s)
✔ [4369/4468] Built Mathlib.AlgebraicGeometry.Pullbacks (72s)
✔ [4370/4468] Built Mathlib.MeasureTheory.Integral.Bochner.Set (60s)
✔ [4372/4468] Built Mathlib.RingTheory.Smooth.StandardSmoothCotangent (24s)
✔ [4373/4469] Built Mathlib.RingTheory.Extension.Presentation.Core (38s)
✔ [4374/4469] Built Mathlib.RingTheory.Smooth.Pi (24s)
✔ [4375/4469] Built Mathlib.RingTheory.LocalRing.Module (96s)
✔ [4376/4469] Built Mathlib.RingTheory.Unramified.Pi (17s)
✔ [4377/4473] Built Mathlib.MeasureTheory.Measure.Lebesgue.Basic (27s)
✔ [4378/4477] Built Mathlib.RingTheory.Trace.Basic (39s)
✔ [4379/4477] Built Mathlib.RingTheory.Artinian.Ring (7.9s)
✔ [4380/4477] Built Mathlib.RingTheory.Etale.Pi (7.5s)
✔ [4381/4477] Built Mathlib.RingTheory.AdicCompletion.Algebra (60s)
✔ [4382/4478] Built Mathlib.RingTheory.Ideal.IdempotentFG (8.3s)
✔ [4383/4478] Built Mathlib.Analysis.BoxIntegral.Partition.Measure (11s)
✔ [4384/4478] Built Mathlib.RingTheory.Spectrum.Prime.FreeLocus (34s)
✔ [4385/4479] Built Mathlib.RingTheory.DedekindDomain.IntegralClosure (20s)
✔ [4386/4479] Built Mathlib.RingTheory.Extension.Cotangent.LocalizationAway (41s)
✔ [4387/4479] Built Mathlib.RingTheory.Smooth.AdicCompletion (13s)
✔ [4388/4479] Built Mathlib.AlgebraicGeometry.Limits (63s)
✔ [4389/4479] Built Mathlib.MeasureTheory.Measure.Lebesgue.EqHaar (48s)
✔ [4390/4479] Built Mathlib.AlgebraicGeometry.Modules.Presheaf (8.2s)
✔ [4393/4479] Built Mathlib.RingTheory.Unramified.Finite (32s)
✔ [4394/4479] Built Mathlib.FieldTheory.SeparablyGenerated (57s)
✔ [4395/4479] Built Mathlib.RingTheory.AdicCompletion.Functoriality (51s)
✔ [4396/4479] Built Mathlib.NumberTheory.NumberField.Basic (33s)
✔ [4397/4479] Built Mathlib.AlgebraicGeometry.FunctionField (16s)
✔ [4398/4479] Built Mathlib.RingTheory.Etale.Kaehler (137s)
✔ [4399/4479] Built Mathlib.MeasureTheory.Measure.Haar.InnerProductSpace (27s)
✔ [4400/4479] Built Mathlib.Analysis.BoxIntegral.Basic (49s)
✔ [4401/4479] Built Mathlib.AlgebraicGeometry.LimitsOver (15s)
✔ [4402/4479] Built Mathlib.AlgebraicGeometry.Cover.Sigma (11s)
✔ [4403/4479] Built Mathlib.MeasureTheory.Group.FundamentalDomain (114s)
✔ [4404/4482] Built Mathlib.Topology.Algebra.Valued.WithVal (15s)
✔ [4405/4487] Built Mathlib.AlgebraicGeometry.Morphisms.Constructors (23s)
✔ [4407/4487] Built Mathlib.Analysis.BoxIntegral.Integrability (18s)
✔ [4408/4489] Built Mathlib.RingTheory.Unramified.Locus (23s)
✔ [4410/4489] Built Mathlib.RingTheory.Smooth.Locus (26s)
✔ [4411/4491] Built Mathlib.RingTheory.AdicCompletion.Exactness (32s)
✔ [4414/4491] Built Mathlib.RingTheory.Extension.Cotangent.Basis (70s)
✔ [4415/4491] Built Mathlib.AlgebraicGeometry.Morphisms.UnderlyingMap (18s)
✔ [4417/4491] Built Mathlib.RingTheory.RingHom.Smooth (14s)
✔ [4418/4491] Built Mathlib.RingTheory.RingHom.Unramified (15s)
✔ [4420/4491] Built Mathlib.CategoryTheory.Limits.ConcreteCategory.WithAlgebraicStructures (12s)
✔ [4421/4493] Built Mathlib.AlgebraicGeometry.Morphisms.RingHomProperties (36s)
✔ [4423/4493] Built Mathlib.RingTheory.Unramified.Field (30s)
✔ [4425/4493] Built Mathlib.RingTheory.RingHom.Etale (11s)
✔ [4426/4495] Built Mathlib.AlgebraicGeometry.Morphisms.IsIso (12s)
✔ [4428/4495] Built Mathlib.Algebra.Module.ZLattice.Basic (73s)
✔ [4429/4495] Built Mathlib.AlgebraicGeometry.Morphisms.QuasiCompact (30s)
✔ [4433/4495] Built Mathlib.AlgebraicGeometry.Morphisms.LocalClosure (15s)
✔ [4434/4495] Built Mathlib.RingTheory.DedekindDomain.AdicValuation (69s)
✔ [4435/4495] Built Mathlib.AlgebraicGeometry.Cover.Over (41s)
✔ [4436/4498] Built Mathlib.RingTheory.Smooth.StandardSmoothOfFree (44s)
✔ [4437/4498] Built Mathlib.RingTheory.AdicCompletion.AsTensorProduct (61s)
✔ [4438/4498] Built Mathlib.AlgebraicGeometry.Morphisms.LocalIso (10s)
✔ [4439/4498] Built Mathlib.AlgebraicGeometry.Morphisms.SurjectiveOnStalks (41s)
✔ [4440/4498] Built Mathlib.Analysis.BoxIntegral.UnitPartition (26s)
✔ [4441/4498] Built Mathlib.RingTheory.Etale.Field (43s)
✔ [4443/4498] Built Mathlib.RingTheory.RingHom.StandardSmooth (21s)
✔ [4444/4498] Built Mathlib.RingTheory.Valuation.Discrete.Basic (26s)
✔ [4445/4501] Built Mathlib.AlgebraicGeometry.Morphisms.QuasiSeparated (56s)
✔ [4446/4501] Built Mathlib.AlgebraicGeometry.IdealSheaf.Basic (59s)
✔ [4447/4501] Built Mathlib.RingTheory.Smooth.Field (15s)
✔ [4448/4502] Built Mathlib.RingTheory.RingHom.LocallyStandardSmooth (10s)
✔ [4449/4503] Built Mathlib.Algebra.Module.ZLattice.Summable (70s)
✔ [4451/4503] Built Mathlib.RingTheory.Unramified.LocalRing (40s)
✔ [4452/4506] Built Mathlib.AlgebraicGeometry.Morphisms.FinitePresentation (12s)
✔ [4453/4508] Built Mathlib.AlgebraicGeometry.Stalk (27s)
✔ [4454/4508] Built Mathlib.AlgebraicGeometry.EllipticCurve.Reduction (26s)
✔ [4455/4510] Built Mathlib.RingTheory.Smooth.NoetherianDescent (64s)
✔ [4456/4510] Built Mathlib.RingTheory.Flat.FaithfullyFlat.Descent (12s)
✔ [4457/4510] Built Mathlib.Algebra.Module.ZLattice.Covolume (47s)
✔ [4458/4510] Built Mathlib.RingTheory.Jacobson.Artinian (8.6s)
✔ [4459/4512] Built Mathlib.RingTheory.RingHom.OpenImmersion (8.0s)
✔ [4460/4514] Built Mathlib.RingTheory.Smooth.Flat (10s)
✔ [4461/4514] Built Mathlib.RingTheory.Finiteness.NilpotentKer (26s)
✔ [4462/4514] Built Mathlib.RingTheory.Algebraic.StronglyTranscendental (19s)
✔ [4463/4523] Built Mathlib.RingTheory.IntegralClosure.Algebra.Ideal (14s)
✔ [4464/4525] Built Mathlib.RingTheory.Conductor (19s)
✔ [4465/4529] Built Mathlib.AlgebraicGeometry.ResidueField (28s)
✔ [4466/4529] Built Mathlib.AlgebraicGeometry.IdealSheaf.Subscheme (48s)
✔ [4467/4530] Built Mathlib.RingTheory.IntegralClosure.IsIntegral.AlmostIntegral (17s)
✔ [4468/4530] Built Mathlib.FieldTheory.RatFunc.Defs (12s)
✔ [4469/4530] Built Mathlib.RingTheory.Etale.Locus (13s)
✔ [4470/4533] Built Mathlib.RingTheory.IntegralClosure.GoingDown (19s)
✔ [4471/4536] Built Mathlib.AlgebraicGeometry.Modules.Sheaf (127s)
✔ [4472/4539] Built Mathlib.AlgebraicGeometry.PullbackCarrier (23s)
✔ [4473/4539] Built Mathlib.RingTheory.LocalRing.ResidueField.Instances (23s)
✔ [4474/4539] Built Mathlib.RingTheory.GradedAlgebra.Homogeneous.Submodule (10s)
✔ [4475/4539] Built Mathlib.RingTheory.GradedAlgebra.FiniteType (13s)
✔ [4476/4539] Built Mathlib.AlgebraicGeometry.Sites.Pretopology (13s)
✔ [4477/4539] Built Mathlib.AlgebraicGeometry.Morphisms.UniversallyInjective (14s)
✔ [4479/4539] Built Mathlib.AlgebraicGeometry.Morphisms.Affine (27s)
✔ [4480/4539] Built Mathlib.AlgebraicGeometry.Sites.BigZariski (10s)
✔ [4481/4539] Built Mathlib.AlgebraicGeometry.Cover.Directed (39s)
✔ [4482/4539] Built Mathlib.RingTheory.GradedAlgebra.Radical (15s)
✔ [4483/4539] Built Mathlib.RingTheory.Etale.StandardEtale (80s)
✔ [4484/4539] Built Mathlib.RingTheory.QuasiFinite.Basic (91s)
✔ [4485/4539] Built Mathlib.RingTheory.Polynomial.IsIntegral (85s)
✔ [4486/4539] Built Mathlib.AlgebraicGeometry.Fiber (13s)
✔ [4487/4540] Built Mathlib.AlgebraicGeometry.ProjectiveSpectrum.Topology (17s)
✔ [4488/4540] Built Mathlib.AlgebraicGeometry.GluingOneHypercover (11s)
✔ [4489/4544] Built Mathlib.AlgebraicGeometry.Cover.QuasiCompact (30s)
✔ [4490/4544] Built Mathlib.AlgebraicGeometry.Morphisms.AffineAnd (20s)
✔ [4491/4544] Built Mathlib.AlgebraicGeometry.RelativeGluing (19s)
✔ [4492/4544] Built Mathlib.FieldTheory.RatFunc.Basic (105s)
✔ [4493/4544] Built Mathlib.RingTheory.GradedAlgebra.HomogeneousLocalization (68s)
✔ [4494/4544] Built Mathlib.AlgebraicGeometry.Geometrically.Basic (10s)
✔ [4495/4544] Built Mathlib.RingTheory.Valuation.Integral (9.4s)
✔ [4496/4544] Built Mathlib.RingTheory.LocalRing.LocalSubring (17s)
✔ [4497/4544] Built Mathlib.AlgebraicGeometry.Morphisms.Descent (12s)
✔ [4498/4546] Built Mathlib.AlgebraicGeometry.Morphisms.ClosedImmersion (23s)
✔ [4499/4546] Built Mathlib.FieldTheory.RatFunc.AsPolynomial (15s)
✔ [4500/4546] Built Mathlib.AlgebraicGeometry.Sites.SmallAffineZariski (30s)
✔ [4501/4546] Built Mathlib.RingTheory.RingHom.QuasiFinite (47s)
✔ [4502/4546] Built Mathlib.RingTheory.QuasiFinite.Weakly (58s)
✔ [4503/4548] Built Mathlib.AlgebraicGeometry.Modules.Tilde (149s)
✔ [4504/4548] Built Mathlib.AlgebraicGeometry.IdealSheaf.Functorial (11s)
✔ [4505/4548] Built Mathlib.AlgebraicGeometry.ProjectiveSpectrum.StructureSheaf (29s)
✔ [4507/4552] Built Mathlib.AlgebraicGeometry.Morphisms.UniversallyClosed (21s)
✔ [4510/4554] Built Mathlib.AlgebraicGeometry.Morphisms.Separated (19s)
✔ [4511/4554] Built Mathlib.RingTheory.Valuation.LocalSubring (33s)
✔ [4512/4554] Built Mathlib.AlgebraicGeometry.Sites.Small (18s)
✔ [4513/4556] Built Mathlib.AlgebraicGeometry.Morphisms.Immersion (15s)
✔ [4515/4556] Built Mathlib.AlgebraicGeometry.Morphisms.Integral (15s)
✔ [4516/4556] Built Mathlib.CategoryTheory.Sites.Point.Basic (22s)
✔ [4517/4556] Built Mathlib.AlgebraicGeometry.Morphisms.FormallyUnramified (18s)
✔ [4520/4560] Built Mathlib.AlgebraicGeometry.PointsPi (18s)
✔ [4522/4560] Built Mathlib.AlgebraicGeometry.Noetherian (15s)
✔ [4524/4560] Built Mathlib.AlgebraicGeometry.Morphisms.Finite (14s)
✔ [4525/4560] Built Mathlib.AlgebraicGeometry.ColimitsOver (87s)
✔ [4526/4560] Built Mathlib.AlgebraicGeometry.QuasiAffine (16s)
✔ [4527/4560] Built Mathlib.AlgebraicGeometry.Morphisms.Proper (11s)
✔ [4528/4560] Built Mathlib.AlgebraicGeometry.AlgClosed.Basic (12s)
✔ [4529/4560] Built Mathlib.AlgebraicGeometry.Artinian (15s)
✔ [4530/4566] Built Mathlib.AlgebraicGeometry.ProjectiveSpectrum.Scheme (62s)
✔ [4531/4567] Built Mathlib.RingTheory.LocalRing.ResidueField.Polynomial (72s)
✔ [4532/4567] Built Mathlib.AlgebraicGeometry.SpreadingOut (19s)
✔ [4533/4567] Built Mathlib.AlgebraicTopology.DoldKan.Notations (6.0s)
✔ [4534/4567] Built Mathlib.AlgebraicGeometry.ValuativeCriterion (27s)
✔ [4535/4567] Built Mathlib.AlgebraicGeometry.Morphisms.Flat (188s)
✔ [4536/4567] Built Mathlib.AlgebraicTopology.DoldKan.Homotopies (9.5s)
✔ [4537/4567] Built Mathlib.RingTheory.QuasiFinite.Polynomial (36s)
✔ [4538/4567] Built Mathlib.AlgebraicGeometry.RationalMap (32s)
✔ [4539/4567] Built Mathlib.AlgebraicGeometry.Morphisms.SchemeTheoreticallyDominant (12s)
✔ [4540/4567] Built Mathlib.AlgebraicGeometry.Morphisms.UniversallyOpen (13s)
✔ [4541/4567] Built Mathlib.AlgebraicGeometry.ProjectiveSpectrum.Basic (56s)
✔ [4542/4567] Built Mathlib.AlgebraicTopology.DoldKan.Faces (17s)
✔ [4543/4569] Built Mathlib.AlgebraicGeometry.Geometrically.Reduced (14s)
✔ [4544/4569] Built Mathlib.AlgebraicGeometry.Geometrically.Irreducible (13s)
✔ [4545/4571] Built Mathlib.AlgebraicGeometry.Morphisms.FlatDescent (16s)
✔ [4547/4573] Built Mathlib.AlgebraicGeometry.Morphisms.Smooth (35s)
✔ [4548/4573] Built Mathlib.AlgebraicTopology.DoldKan.Projections (10s)
✔ [4549/4573] Built Mathlib.AlgebraicGeometry.Morphisms.FlatMono (11s)
✔ [4550/4573] Built Mathlib.AlgebraicGeometry.Geometrically.Integral (13s)
✔ [4552/4573] Built Mathlib.AlgebraicGeometry.AffineSpace (96s)
✔ [4557/4638] Built Mathlib.AlgebraicGeometry.Group.Smooth (13s)
✔ [4699/4739] Built Mathlib.AlgebraicGeometry.Morphisms.Etale (10s)
✔ [4700/4740] Built Mathlib.AlgebraicTopology.DoldKan.PInfty (10s)
✔ [4701/4740] Built Mathlib.AlgebraicTopology.TopologicalSimplex (7.2s)
✔ [4702/4740] Built Mathlib.AlgebraicTopology.DoldKan.FunctorN (6.0s)
✔ [4703/4743] Built Mathlib.AlgebraicGeometry.Sites.Etale (10s)
✔ [4704/4743] Built Mathlib.AlgebraicTopology.DoldKan.Decomposition (8.1s)
✔ [4705/4743] Built Mathlib.AlgebraicGeometry.ProjectiveSpectrum.Proper (51s)
✔ [4706/4743] Built Mathlib.Analysis.Normed.Ring.WithAbs (8.1s)
✔ [4707/4743] Built Mathlib.Topology.Homotopy.Basic (25s)
✔ [4708/4743] Built Mathlib.AlgebraicTopology.DoldKan.FunctorGamma (15s)
✔ [4709/4743] Built Mathlib.AlgebraicTopology.SingularSet (9.9s)
✔ [4710/4743] Built Mathlib.Topology.MetricSpace.Completion (8.9s)
✔ [4711/4743] Built Mathlib.AlgebraicTopology.DoldKan.Normalized (10s)
✔ [4712/4747] Built Mathlib.AlgebraicTopology.DoldKan.NReflectsIso (9.3s)
✔ [4713/4747] Built Mathlib.AlgebraicTopology.DoldKan.Degeneracies (12s)
✔ [4714/4747] Built Mathlib.Topology.Homotopy.Equiv (8.0s)
✔ [4715/4747] Built Mathlib.AlgebraicTopology.SingularHomology.Basic (9.3s)
✔ [4716/4756] Built Mathlib.AlgebraicTopology.DoldKan.HomotopyEquivalence (10s)
✔ [4717/4756] Built Mathlib.Analysis.Normed.Field.WithAbs (16s)
✔ [4718/4756] Built Mathlib.AlgebraicTopology.DoldKan.SplitSimplicialObject (15s)
✔ [4719/4756] Built Mathlib.Analysis.Normed.Group.Completion (9.7s)
✔ [4720/4756] Built Mathlib.AlgebraicTopology.DoldKan.GammaCompN (11s)
✔ [4721/4756] Built Mathlib.Topology.Homotopy.Path (38s)
✔ [4722/4756] Built Mathlib.Analysis.Normed.Module.Completion (13s)
✔ [4723/4756] Built Mathlib.AlgebraicGeometry.AffineTransitionLimit (171s)
✔ [4724/4760] Built Mathlib.Topology.Homotopy.Contractible (8.7s)
✔ [4725/4760] Built Mathlib.Topology.Homotopy.Product (11s)
✔ [4726/4765] Built Mathlib.AlgebraicTopology.DoldKan.NCompGamma (14s)
✔ [4727/4766] Built Mathlib.Analysis.AbsoluteValue.Equivalence (40s)
✔ [4728/4768] Built Mathlib.AlgebraicTopology.DoldKan.EquivalenceAdditive (8.4s)
✔ [4729/4781] Built Mathlib.Analysis.Normed.Operator.Asymptotics (12s)
✔ [4730/4782] Built Mathlib.Analysis.Calculus.TangentCone.Defs (8.2s)
✔ [4731/4783] Built Mathlib.Analysis.Convex.EGauge (20s)
✔ [4733/4783] Built Mathlib.AlgebraicTopology.DoldKan.EquivalencePseudoabelian (9.4s)
✔ [4735/4787] Built Mathlib.Analysis.Convex.Contractible (6.6s)
✔ [4737/4794] Built Mathlib.AlgebraicTopology.DoldKan.Equivalence (10s)
✔ [4738/4794] Built Mathlib.Analysis.Calculus.TangentCone.Basic (14s)
✔ [4739/4794] Built Mathlib.Analysis.Normed.Group.FunctionSeries (11s)
✔ [4740/4794] Built Mathlib.AlgebraicTopology.FundamentalGroupoid.Basic (41s)
✔ [4741/4794] Built Mathlib.LinearAlgebra.Complex.Determinant (6.0s)
✔ [4742/4794] Built Mathlib.RingTheory.Polynomial.UniversalFactorizationRing (231s)
✔ [4743/4794] Built Mathlib.Analysis.Calculus.TangentCone.DimOne (7.4s)
✔ [4744/4797] Built Mathlib.Analysis.Calculus.TangentCone.Real (9.6s)
✔ [4745/4801] Built Mathlib.AlgebraicTopology.FundamentalGroupoid.PUnit (7.4s)
✔ [4746/4801] Built Mathlib.AlgebraicTopology.FundamentalGroupoid.FundamentalGroup (7.8s)
✔ [4747/4804] Built Mathlib.AlgebraicTopology.FundamentalGroupoid.Product (11s)
✔ [4748/4806] Built Mathlib.Analysis.Complex.OperatorNorm (9.5s)
✔ [4750/4809] Built Mathlib.LinearAlgebra.AffineSpace.Slope (11s)
✔ [4752/4810] Built Mathlib.Topology.Algebra.Module.PerfectSpace (10s)
✔ [4753/4810] Built Mathlib.Analysis.Complex.ReImTopology (10s)
✔ [4754/4821] Built Mathlib.Topology.MetricSpace.PiNat (30s)
✔ [4755/4821] Built Mathlib.Analysis.Real.Cardinality (10s)
✔ [4756/4840] Built Mathlib.Analysis.SpecialFunctions.Complex.CircleMap (12s)
✔ [4758/4840] Built Mathlib.AlgebraicTopology.FundamentalGroupoid.InducedMaps (21s)
✔ [4759/4841] Built Mathlib.Analysis.Normed.Module.Multilinear.Curry (117s)
✔ [4760/4849] Built Mathlib.Topology.MetricSpace.CantorScheme (9.6s)
✔ [4764/4851] Built Mathlib.Topology.MetricSpace.CauSeqFilter (8.1s)
✔ [4765/4851] Built Mathlib.Topology.MetricSpace.Polish (12s)
✔ [4766/4853] Built Mathlib.RingTheory.ZariskisMainTheorem (210s)
✔ [4767/4853] Built Mathlib.Topology.MetricSpace.Perfect (10s)
✔ [4768/4853] Built Mathlib.MeasureTheory.Constructions.BorelSpace.ContinuousLinearMap (15s)
✔ [4769/4853] Built Mathlib.Topology.Algebra.Module.WeakBilin (13s)
✔ [4770/4853] Built Mathlib.Topology.Algebra.Module.Alternating.Basic (42s)
✔ [4771/4856] Built Mathlib.Analysis.Asymptotics.TVS (94s)
✔ [4772/4856] Built Mathlib.AlgebraicTopology.FundamentalGroupoid.SimplyConnected (44s)
✔ [4773/4856] Built Mathlib.Topology.Algebra.Module.Cardinality (12s)
✔ [4775/4859] Built Mathlib.Geometry.Convex.Cone.Basic (29s)
✔ [4776/4859] Built Mathlib.AlgebraicGeometry.Morphisms.QuasiFinite (45s)
✔ [4777/4860] Built Mathlib.Analysis.LocallyConvex.Polar (25s)
✔ [4778/4860] Built Mathlib.Analysis.RCLike.Extend (20s)
✔ [4779/4861] Built Mathlib.Analysis.Normed.Module.Connected (17s)
✔ [4780/4861] Built Mathlib.Analysis.Calculus.FormalMultilinearSeries (66s)
✔ [4781/4861] Built Mathlib.Analysis.Convex.TotallyBounded (9.5s)
✔ [4782/4861] Built Mathlib.Analysis.Convex.Cone.Extension (13s)
✔ [4783/4861] Built Mathlib.MeasureTheory.Integral.Bochner.FundThmCalculus (11s)
✔ [4784/4861] Built Mathlib.Analysis.Normed.Module.RCLike.Extend (10s)
✔ [4785/4861] Built Mathlib.Topology.Algebra.Module.Alternating.Topology (37s)
✔ [4786/4867] Built Mathlib.MeasureTheory.Integral.Bochner.VitaliCaratheodory (17s)
✔ [4787/4870] Built Mathlib.Analysis.LocallyConvex.AbsConvex (16s)
✔ [4788/4874] Built Mathlib.Analysis.Normed.Module.HahnBanach (21s)
✔ [4789/4874] Built Mathlib.MeasureTheory.Topology (9.4s)
✔ [4790/4875] Built Mathlib.Analysis.Convex.Gauge (36s)
✔ [4792/4875] Built Mathlib.RingTheory.Unramified.LocalStructure (112s)
✔ [4793/4880] Built Mathlib.Analysis.Analytic.ConvergenceRadius (65s)
✔ [4794/4880] Built Mathlib.Topology.ContinuousMap.ContinuousMapZero (47s)
✔ [4795/4880] Built Mathlib.Analysis.Normed.Module.Dual (31s)
✔ [4796/4880] Built Mathlib.Analysis.Calculus.FDeriv.Basic (79s)
✔ [4797/4880] Built Mathlib.MeasureTheory.Function.LpSeminorm.Prod (6.8s)
✔ [4798/4880] Built Mathlib.MeasureTheory.Measure.Lebesgue.Complex (12s)
✔ [4800/4880] Built Mathlib.Analysis.LocallyConvex.Separation (33s)
✔ [4801/4883] Built Mathlib.Analysis.Analytic.OfScalars (25s)
✔ [4802/4883] Built Mathlib.Analysis.Calculus.FDeriv.RestrictScalars (19s)
✔ [4803/4888] Built Mathlib.Analysis.Normed.Module.Alternating.Basic (95s)
✔ [4804/4895] Built Mathlib.Analysis.Calculus.FDeriv.Comp (26s)
✔ [4805/4897] Built Mathlib.Analysis.Calculus.FDeriv.Congr (21s)
✔ [4806/4900] Built Mathlib.Analysis.SpecialFunctions.OrdinaryHypergeometric (18s)
✔ [4807/4901] Built Mathlib.RingTheory.Binomial (14s)
✔ [4808/4902] Built Mathlib.Analysis.Asymptotics.Completion (6.0s)
✔ [4809/4906] Built Mathlib.Analysis.Analytic.RadiusLiminf (8.0s)
✔ [4810/4907] Built Mathlib.Analysis.LocallyConvex.SeparatingDual (36s)
✔ [4811/4908] Built Mathlib.Analysis.Calculus.FDeriv.Const (21s)
✔ [4813/4908] Built Mathlib.Analysis.Calculus.InverseFunctionTheorem.ApproximatesLinearOn (36s)
✔ [4814/4908] Built Mathlib.Analysis.SpecialFunctions.Log.ERealExp (6.8s)
✔ [4815/4908] Built Mathlib.Analysis.SpecialFunctions.Log.ENNRealLog (10s)
✔ [4816/4908] Built Mathlib.Analysis.Asymptotics.SpecificAsymptotics (11s)
✔ [4817/4908] Built Mathlib.RingTheory.Etale.QuasiFinite (213s)
✔ [4818/4908] Built Mathlib.Analysis.Asymptotics.LinearGrowth (24s)
✔ [4819/4910] Built Mathlib.Analysis.Asymptotics.SuperpolynomialDecay (15s)
✔ [4820/4911] Built Mathlib.Analysis.SpecialFunctions.Log.ENNRealLogExp (10s)
✔ [4821/4912] Built Mathlib.MeasureTheory.Integral.Bochner.ContinuousLinearMap (33s)
✔ [4822/4912] Built Mathlib.MeasureTheory.Covering.VitaliFamily (13s)
✔ [4823/4912] Built Mathlib.Analysis.Analytic.Basic (112s)
✔ [4824/4912] Built Mathlib.Analysis.Asymptotics.ExpGrowth (17s)
✔ [4825/4912] Built Mathlib.RingTheory.Smooth.IntegralClosure (130s)
✔ [4826/4913] Built Mathlib.MeasureTheory.Function.AEMeasurableOrder (15s)
✔ [4827/4913] Built Mathlib.Analysis.Calculus.Deriv.Basic (54s)
✔ [4829/4913] Built Mathlib.MeasureTheory.Covering.Vitali (19s)
✔ [4830/4915] Built Mathlib.MeasureTheory.Measure.Decomposition.Hahn (15s)
✔ [4831/4922] Built Mathlib.MeasureTheory.Function.StronglyMeasurable.ENNReal (6.8s)
✔ [4832/4922] Built Mathlib.Analysis.Calculus.FDeriv.Add (84s)
✔ [4833/4924] Built Mathlib.MeasureTheory.Measure.Sub (10.0s)
✔ [4836/4924] Built Mathlib.MeasureTheory.Integral.IntervalIntegral.Basic (52s)
✔ [4837/4924] Built Mathlib.MeasureTheory.Integral.Average (47s)
✔ [4838/4924] Built Mathlib.MeasureTheory.Function.AEEqOfLIntegral (11s)
✔ [4839/4924] Built Mathlib.Analysis.Analytic.ChangeOrigin (46s)
✔ [4840/4924] Built Mathlib.Analysis.Calculus.FDeriv.Prod (105s)
✔ [4841/4924] Built Mathlib.Analysis.Calculus.Deriv.Comp (49s)
✔ [4842/4924] Built Mathlib.Analysis.Calculus.Deriv.Add (31s)
✔ [4844/4924] Built Mathlib.MeasureTheory.Measure.Decomposition.Lebesgue (27s)
✔ [4845/4924] Built Mathlib.MeasureTheory.Integral.DominatedConvergence (30s)
✔ [4846/4924] Built Mathlib.Topology.EMetricSpace.BoundedVariation (34s)
✔ [4847/4924] Built Mathlib.Analysis.Normed.Algebra.Exponential (33s)
✔ [4848/4925] Built Mathlib.Analysis.Calculus.Deriv.AffineMap (12s)
✔ [4849/4925] Built Mathlib.Analysis.Calculus.LocalExtr.Basic (14s)
✔ [4850/4925] Built Mathlib.Analysis.Calculus.Deriv.Slope (17s)
✔ [4851/4925] Built Mathlib.Analysis.Calculus.FDeriv.Bilinear (28s)
✔ [4853/4925] Built Mathlib.Analysis.Calculus.Deriv.Prod (32s)
✔ [4854/4925] Built Mathlib.Analysis.Calculus.FDeriv.Equiv (63s)
✔ [4855/4925] Built Mathlib.Analysis.Complex.Spectrum (9.0s)
✔ [4856/4925] Built Mathlib.Analysis.Calculus.Deriv.Inverse (16s)
✔ [4857/4925] Built Mathlib.MeasureTheory.Covering.Differentiation (32s)
✔ [4858/4927] Built Mathlib.MeasureTheory.Integral.Prod (35s)
✔ [4859/4929] Built Mathlib.Analysis.Analytic.CPolynomialDef (71s)
✔ [4860/4929] Built Mathlib.MeasureTheory.Covering.DensityTheorem (15s)
✔ [4861/4929] Built Mathlib.Analysis.Calculus.InverseFunctionTheorem.FDeriv (20s)
✔ [4862/4931] Built Mathlib.RingTheory.MvPolynomial.Symmetric.Defs (14s)
✔ [4864/4931] Built Mathlib.Analysis.Calculus.FDeriv.Measurable (57s)
✔ [4866/4935] Built Mathlib.MeasureTheory.Covering.OneDim (11s)
✔ [4867/4935] Built Mathlib.Data.NNReal.Star (5.7s)
✔ [4868/4935] Built Mathlib.Analysis.Analytic.Linear (30s)
✔ [4869/4935] Built Mathlib.RingTheory.Polynomial.Vieta (12s)
✔ [4870/4935] Built Mathlib.MeasureTheory.Integral.DivergenceTheorem (50s)
✔ [4871/4935] Built Mathlib.AlgebraicGeometry.Normalization (176s)
✔ [4872/4936] Built Mathlib.Topology.Algebra.Star.Real (6.6s)
✔ [4873/4936] Built Mathlib.Analysis.Calculus.Monotone (18s)
✔ [4874/4936] Built Mathlib.Analysis.Analytic.WithLp (9.8s)
✔ [4875/4936] Built Mathlib.Topology.ContinuousMap.StarOrdered (18s)
✔ [4876/4938] Built Mathlib.Topology.Algebra.Polynomial (13s)
✔ [4877/4939] Built Mathlib.Analysis.BoundedVariation (14s)
✔ [4878/4939] Built Mathlib.Topology.Algebra.StarSubalgebra (18s)
✔ [4879/4939] Built Mathlib.Analysis.Analytic.Composition (64s)
✔ [4880/4939] Built Mathlib.Topology.ContinuousMap.Lattice (7.8s)
✔ [4881/4939] Built Mathlib.Topology.Algebra.NonUnitalAlgebra (16s)
✔ [4882/4945] Built Mathlib.Analysis.Calculus.FDeriv.CompCLM (123s)
✔ [4885/4948] Built Mathlib.MeasureTheory.Integral.IntervalIntegral.FundThmCalculus (60s)
✔ [4886/4948] Built Mathlib.Analysis.Calculus.ContDiff.FTaylorSeries (121s)
✔ [4888/4952] Built Mathlib.Topology.Algebra.NonUnitalStarAlgebra (22s)
✔ [4889/4952] Built Mathlib.AlgebraicGeometry.ZariskisMainTheorem (58s)
✔ [4891/4957] Built Mathlib.Analysis.Normed.Algebra.UnitizationL1 (24s)
✔ [4893/4958] Built Mathlib.Topology.Algebra.Module.CharacterSpace (16s)
✔ [4894/4958] Built Mathlib.Analysis.SpecialFunctions.Bernstein (36s)
✔ [4895/4960] Built Mathlib.Analysis.Normed.Algebra.Unitization (36s)
✔ [4896/4967] Built Mathlib.Analysis.Complex.Convex (13s)
✔ [4898/4967] Built Mathlib.Analysis.CStarAlgebra.ContinuousFunctionalCalculus.Unital (73s)
✔ [4899/4967] Built Mathlib.Topology.ContinuousMap.Weierstrass (10s)
✔ [4900/4967] Built Mathlib.LinearAlgebra.Complex.FiniteDimensional (7.2s)
✔ [4901/4971] Built Mathlib.Analysis.Analytic.Inverse (69s)
✔ [4902/4971] Built Mathlib.FieldTheory.PolynomialGaloisGroup (18s)
✔ [4903/4971] Built Mathlib.Analysis.Normed.Operator.Completeness (13s)
✔ [4904/4976] Built Mathlib.Topology.ContinuousMap.Units (10s)
✔ [4905/4976] Built Mathlib.Analysis.CStarAlgebra.Classes (52s)
✔ [4906/4976] Built Mathlib.Topology.ContinuousMap.ZeroAtInfty (37s)
✔ [4907/4976] Built Mathlib.Analysis.Normed.Affine.AddTorsor (17s)
✔ [4908/4980] Built Mathlib.Analysis.Normed.Algebra.Spectrum (52s)
✔ [4909/4983] Built Mathlib.Analysis.Normed.Module.WeakDual (29s)
✔ [4910/4985] Built Mathlib.Data.Real.StarOrdered (7.7s)
✔ [4911/4987] Built Mathlib.LinearAlgebra.AffineSpace.Ordered (30s)
✔ [4912/4987] Built Mathlib.Topology.ContinuousMap.ContinuousSqrt (10s)
✔ [4913/4991] Built Mathlib.Analysis.Normed.Algebra.Basic (13s)
✔ [4914/4992] Built Mathlib.Topology.ApproximateUnit (9.1s)
✔ [4915/4994] Built Mathlib.Topology.UrysohnsLemma (15s)
✔ [4916/4994] Built Mathlib.Topology.ContinuousMap.StoneWeierstrass (67s)
✔ [4917/4994] Built Mathlib.Analysis.CStarAlgebra.Unitization (38s)
✔ [4918/5000] Built Mathlib.Analysis.CStarAlgebra.Module.Synonym (13s)
✔ [4920/5004] Built Mathlib.Analysis.CStarAlgebra.ContinuousMap (35s)
✔ [4921/5006] Built Mathlib.Topology.MetricSpace.Bilipschitz (6.7s)
✔ [4923/5011] Built Mathlib.Topology.UniformSpace.Matrix (5.0s)
✔ [4924/5012] Built Mathlib.Analysis.CStarAlgebra.ContinuousFunctionalCalculus.Unitary (9.0s)
✔ [4925/5012] Built Mathlib.Analysis.Analytic.Constructions (143s)
✔ [4926/5012] Built Mathlib.MeasureTheory.SpecificCodomains.ContinuousMap (11s)
✔ [4927/5012] Built Mathlib.Analysis.Normed.Group.NullSubmodule (10s)
✔ [4928/5012] Built Mathlib.Analysis.CStarAlgebra.Exponential (11s)
✔ [4929/5012] Built Mathlib.Topology.MetricSpace.UniformConvergence (25s)
✔ [4931/5015] Built Mathlib.Topology.Algebra.Module.PerfectPairing (14s)
✔ [4932/5015] Built Mathlib.Analysis.Matrix.Normed (30s)
✔ [4933/5016] Built Mathlib.Analysis.Analytic.Polynomial (13s)
✔ [4934/5019] Built Mathlib.Analysis.Analytic.Uniqueness (16s)
✔ [4935/5019] Built Mathlib.Topology.ContinuousMap.Ideals (32s)
✔ [4936/5035] Built Mathlib.Analysis.Analytic.Within (10s)
✔ [4945/5037] Built Mathlib.Topology.Algebra.LinearMapCompletion (9.9s)
✔ [4946/5037] Built Mathlib.Analysis.Normed.Group.BallSphere (9.2s)
✔ [4947/5040] Built Mathlib.Analysis.CStarAlgebra.ContinuousFunctionalCalculus.NonUnital (117s)
✔ [4948/5040] Built Mathlib.Analysis.InnerProductSpace.Completion (19s)
✔ [4949/5040] Built Mathlib.Analysis.Normed.Module.Normalize (7.8s)
✔ [4950/5040] Built Mathlib.Topology.Covering.Quotient (19s)
✔ [4951/5040] Built Mathlib.Analysis.Normed.Field.UnitBall (23s)
✔ [4952/5040] Built Mathlib.Analysis.InnerProductSpace.Dual (40s)
✔ [4953/5041] Built Mathlib.Topology.Covering.AddCircle (8.8s)
✔ [4954/5046] Built Mathlib.Analysis.CStarAlgebra.ContinuousFunctionalCalculus.Integral (32s)
✔ [4956/5046] Built Mathlib.Analysis.Complex.Circle (13s)
✔ [4957/5048] Built Mathlib.Analysis.Analytic.CPolynomial (61s)
✔ [4958/5048] Built Mathlib.Analysis.SpecialFunctions.Complex.Circle (13s)
✔ [4959/5052] Built Mathlib.Analysis.CStarAlgebra.ContinuousFunctionalCalculus.Restrict (52s)
✔ [4960/5055] Built Mathlib.LinearAlgebra.AffineSpace.Simplex.Centroid (30s)
✔ [4961/5055] Built Mathlib.MeasureTheory.Group.Integral (22s)
✔ [4962/5055] Built Mathlib.Analysis.CStarAlgebra.ContinuousFunctionalCalculus.Unique (74s)
✔ [4963/5055] Built Mathlib.Analysis.CStarAlgebra.Multiplier (93s)
✔ [4964/5058] Built Mathlib.Analysis.Normed.Module.Ball.Homeomorph (18s)
✔ [4965/5058] Built Mathlib.Analysis.Calculus.FDeriv.WithLp (19s)
✔ [4966/5058] Built Mathlib.LinearAlgebra.AffineSpace.FiniteDimensional (29s)
✔ [4967/5062] Built Mathlib.Analysis.CStarAlgebra.ContinuousFunctionalCalculus.Pi (21s)
✔ [4968/5062] Built Mathlib.Analysis.SpecialFunctions.PolynomialExp (9.8s)
✔ [4969/5064] Built Mathlib.Topology.MetricSpace.ProperSpace.Lemmas (9.7s)
✔ [4971/5068] Built Mathlib.Analysis.Normed.Lp.lpSpace (116s)
✔ [4972/5068] Built Mathlib.Analysis.Normed.Affine.AddTorsorBases (17s)
✔ [4973/5069] Built Mathlib.MeasureTheory.Measure.Haar.NormedSpace (30s)
✔ [4974/5072] Built Mathlib.MeasureTheory.Measure.EverywherePos (22s)
✔ [4975/5073] Built Mathlib.Analysis.Calculus.FDeriv.Analytic (107s)
✔ [4976/5073] Built Mathlib.Analysis.CStarAlgebra.lpSpace (33s)
✔ [4977/5073] Built Mathlib.Topology.Metrizable.Urysohn (10s)
✔ [4978/5073] Built Mathlib.Analysis.SpecialFunctions.ContinuousFunctionalCalculus.PosPart.Basic (72s)
✔ [4979/5077] Built Mathlib.MeasureTheory.Covering.Besicovitch (53s)
✔ [4980/5077] Built Mathlib.Analysis.SpecialFunctions.Exponential (46s)
✔ [4981/5077] Built Mathlib.Analysis.CStarAlgebra.ContinuousFunctionalCalculus.Instances (168s)
✔ [4983/5077] Built Mathlib.MeasureTheory.Covering.BesicovitchVectorSpace (186s)
✔ [4984/5077] Built Mathlib.Analysis.Convolution (365s)
✔ [4985/5077] Built Mathlib.Analysis.Calculus.ContDiff.Defs (629s)
✔ [4986/5077] Built Mathlib.Analysis.CStarAlgebra.Projection (541s)
✔ [4987/5077] Built Mathlib.MeasureTheory.Measure.Haar.Unique (610s)
✔ [4989/5080] Built Mathlib.Analysis.Calculus.Conformal.NormedSpace (34s)
✔ [4990/5081] Built Mathlib.Analysis.Calculus.ContDiff.FaaDiBruno (702s)
✔ [4991/5081] Built Mathlib.Analysis.InnerProductSpace.Adjoint (829s)
✔ [4992/5081] Built Mathlib.Analysis.Calculus.ContDiff.CPolynomial (8.7s)
✔ [4993/5082] Built Mathlib.Analysis.CStarAlgebra.ContinuousFunctionalCalculus.Commute (422s)
✔ [4995/5083] Built Mathlib.Analysis.CStarAlgebra.ContinuousFunctionalCalculus.Range (469s)
✔ [4996/5083] Built Mathlib.Analysis.Calculus.Conformal.InnerProduct (10s)
✔ [4997/5083] Built Mathlib.Analysis.Calculus.IteratedDeriv.Defs (18s)
✖ [4998/5083] Building Mathlib.Analysis.CStarAlgebra.ContinuousFunctionalCalculus.Isometric (85s)
trace: .> LEAN_PATH=/home/mrnob0dy666/imsgct/p4rakernel/p4ramill/.lake/packages/Cli/.lake/build/lib/lean:/home/mrnob0dy666/imsgct/p4rakernel/p4ramill/.lake/packages/batteries/.lake/build/lib/lean:/home/mrnob0dy666/imsgct/p4rakernel/p4ramill/.lake/packages/Qq/.lake/build/lib/lean:/home/mrnob0dy666/imsgct/p4rakernel/p4ramill/.lake/packages/aesop/.lake/build/lib/lean:/home/mrnob0dy666/imsgct/p4rakernel/p4ramill/.lake/packages/proofwidgets/.lake/build/lib/lean:/home/mrnob0dy666/imsgct/p4rakernel/p4ramill/.lake/packages/importGraph/.lake/build/lib/lean:/home/mrnob0dy666/imsgct/p4rakernel/p4ramill/.lake/packages/LeanSearchClient/.lake/build/lib/lean:/home/mrnob0dy666/imsgct/p4rakernel/p4ramill/.lake/packages/plausible/.lake/build/lib/lean:/home/mrnob0dy666/imsgct/p4rakernel/p4ramill/.lake/packages/mathlib/.lake/build/lib/lean:/home/mrnob0dy666/imsgct/p4rakernel/p4ramill/.lake/build/lib/lean /home/mrnob0dy666/imsgct/p4rakernel/build/stage1/bin/lean /home/mrnob0dy666/imsgct/p4rakernel/p4ramill/.lake/packages/mathlib/Mathlib/Analysis/CStarAlgebra/ContinuousFunctionalCalculus/Isometric.lean -o /home/mrnob0dy666/imsgct/p4rakernel/p4ramill/.lake/packages/mathlib/.lake/build/lib/lean/Mathlib/Analysis/CStarAlgebra/ContinuousFunctionalCalculus/Isometric.olean -i /home/mrnob0dy666/imsgct/p4rakernel/p4ramill/.lake/packages/mathlib/.lake/build/lib/lean/Mathlib/Analysis/CStarAlgebra/ContinuousFunctionalCalculus/Isometric.ilean -c /home/mrnob0dy666/imsgct/p4rakernel/p4ramill/.lake/packages/mathlib/.lake/build/ir/Mathlib/Analysis/CStarAlgebra/ContinuousFunctionalCalculus/Isometric.c --setup /home/mrnob0dy666/imsgct/p4rakernel/p4ramill/.lake/packages/mathlib/.lake/build/ir/Mathlib/Analysis/CStarAlgebra/ContinuousFunctionalCalculus/Isometric.setup.json --json
error: Lean exited with code 137
✔ [4999/5083] Built Mathlib.Analysis.CStarAlgebra.ContinuousLinearMap (11s)
✔ [5003/5087] Built Mathlib.Data.Nat.Choose.Multinomial (12s)
✔ [5004/5090] Built Mathlib.Analysis.Calculus.InverseFunctionTheorem.Analytic (11s)
✔ [5005/5093] Built Mathlib.Analysis.Calculus.IteratedDeriv.ConvergenceOnBall (10s)
✔ [5006/5093] Built Mathlib.Analysis.Convex.NNReal (7.7s)
✔ [5007/5093] Built Mathlib.Analysis.Calculus.ContDiff.RestrictScalars (21s)
✔ [5008/5095] Built Mathlib.Analysis.Calculus.FDeriv.Pi (9.6s)
✔ [5009/5095] Built Mathlib.Analysis.Calculus.Deriv.Support (7.4s)
✔ [5011/5100] Built Mathlib.Analysis.Calculus.Deriv.Pi (9.6s)
✔ [5013/5103] Built Mathlib.Analysis.Calculus.FDeriv.Star (18s)
✔ [5014/5103] Built Mathlib.Topology.MetricSpace.Holder (15s)
✔ [5015/5108] Built Mathlib.Analysis.Normed.Module.Alternating.Curry (15s)
✔ [5016/5110] Built Mathlib.Analysis.Calculus.ContDiff.Basic (59s)
✔ [5017/5110] Built Mathlib.Analysis.Calculus.FDeriv.Mul (763s)
✔ [5018/5112] Built Mathlib.Analysis.Calculus.Deriv.Star (11s)
✔ [5019/5112] Built Mathlib.LinearAlgebra.Alternating.Uncurry.Fin (15s)
✔ [5020/5112] Built Mathlib.Analysis.Calculus.DSlope (6.0s)
✔ [5021/5112] Built Mathlib.Analysis.Calculus.DiffContOnCl (8.8s)
✔ [5022/5113] Built Mathlib.Analysis.Calculus.Gradient.Basic (20s)
✔ [5023/5113] Built Mathlib.Analysis.Normed.Module.Complemented (16s)
