warning: mathlib: repository '/home/mrnob0dy666/imsgct/p4rakernel/p4ramill/.lake/packages/mathlib' has local changes
warning: plausible: repository '/home/mrnob0dy666/imsgct/p4rakernel/p4ramill/.lake/packages/plausible' has local changes
warning: LeanSearchClient: repository '/home/mrnob0dy666/imsgct/p4rakernel/p4ramill/.lake/packages/LeanSearchClient' has local changes
warning: importGraph: repository '/home/mrnob0dy666/imsgct/p4rakernel/p4ramill/.lake/packages/importGraph' has local changes
warning: proofwidgets: repository '/home/mrnob0dy666/imsgct/p4rakernel/p4ramill/.lake/packages/proofwidgets' has local changes
warning: aesop: repository '/home/mrnob0dy666/imsgct/p4rakernel/p4ramill/.lake/packages/aesop' has local changes
warning: Qq: repository '/home/mrnob0dy666/imsgct/p4rakernel/p4ramill/.lake/packages/Qq' has local changes
warning: batteries: repository '/home/mrnob0dy666/imsgct/p4rakernel/p4ramill/.lake/packages/batteries' has local changes
warning: Cli: repository '/home/mrnob0dy666/imsgct/p4rakernel/p4ramill/.lake/packages/Cli' has local changes
✔ [638/761] Built Mathlib.Algebra.Order.Monoid.Unbundled.ExistsOfLE (2.9s)
✔ [670/763] Built Mathlib.Data.Set.Subsingleton (4.1s)
✔ [671/764] Built Mathlib.Algebra.Order.Sub.Defs (4.3s)
✔ [673/765] Built Batteries.Tactic.PrintDependents (2.6s)
✔ [674/767] Built Batteries.Tactic.PrintOpaques (1.8s)
✔ [675/769] Built Mathlib.Order.SymmDiff (6.4s)
✔ [677/773] Built Mathlib.Order.BooleanAlgebra.Set (6.5s)
✔ [678/773] Built Batteries.Tactic.ShowUnused (1.7s)
✔ [679/773] Built Mathlib.Data.Set.SymmDiff (2.1s)
✔ [680/773] Built Mathlib.Algebra.Order.Sub.Unbundled.Basic (4.4s)
✔ [681/779] Built Mathlib.Algebra.Notation.Pi.Basic (2.6s)
✔ [682/779] Built Mathlib.Algebra.Group.Prod (10s)
✔ [683/780] Built Batteries.Data.RBMap.Lemmas (10s)
✔ [684/780] Built Batteries.Tactic.SqueezeScope (5.2s)
✔ [685/787] Built Batteries.Data.RBMap (651ms)
✔ [686/792] Built Batteries (913ms)
✔ [687/792] Built Mathlib.Algebra.Group.Action.Defs (6.4s)
✔ [688/792] Built Mathlib.Algebra.Group.Equiv.Basic (4.5s)
✔ [689/792] Built Mathlib.Algebra.Group.Pi.Basic (3.4s)
✔ [690/793] Built Mathlib.Algebra.GroupWithZero.Defs (2.9s)
✔ [691/794] Built Mathlib.Tactic.StacksAttribute (1.7s)
✔ [692/796] Built Mathlib.Algebra.Group.TypeTags.Basic (4.9s)
✔ [693/796] Built Mathlib.Data.Nat.Cast.Defs (2.5s)
✔ [694/796] Built Mathlib.Algebra.Group.Action.Faithful (2.5s)
✔ [695/796] Built Mathlib.Algebra.GroupWithZero.NeZero (1.6s)
✔ [696/796] Built Mathlib.Algebra.Group.Action.Opposite (3.5s)
✔ [697/800] Built Mathlib.Data.Int.Basic (2.2s)
✔ [698/800] Built Mathlib.Algebra.Group.Units.Equiv (3.3s)
✔ [699/803] Built Mathlib.Data.Int.Cast.Defs (1.8s)
✔ [700/803] Built Mathlib.Algebra.Group.TypeTags.Hom (3.2s)
✔ [701/803] Built Mathlib.Algebra.GroupWithZero.InjSurj (2.7s)
✔ [702/804] Built Mathlib.Algebra.CharZero.Defs (1.8s)
✔ [703/804] Built Mathlib.Algebra.GroupWithZero.Basic (3.8s)
✔ [704/804] Built Mathlib.Data.Int.Cast.Basic (2.5s)
✔ [705/804] Built Mathlib.Data.List.Basic (20s)
✔ [706/804] Built Mathlib.Data.Set.Image (12s)
✔ [707/804] Built Mathlib.Algebra.Group.Equiv.Opposite (4.2s)
✔ [708/804] Built Mathlib.Data.Nat.Sqrt (4.1s)
✔ [709/804] Built Mathlib.Algebra.Divisibility.Hom (1.8s)
✔ [710/804] Built Mathlib.Algebra.GroupWithZero.Opposite (2.0s)
✔ [711/804] Built Mathlib.Data.List.Enum (1.9s)
✔ [712/804] Built Mathlib.Algebra.Group.Nat.Hom (2.2s)
✔ [713/804] Built Mathlib.Algebra.Ring.Defs (4.0s)
✔ [714/804] Built Mathlib.Data.List.Lex (2.6s)
✔ [715/804] Built Mathlib.Algebra.Group.Equiv.TypeTags (4.2s)
✔ [716/804] Built Mathlib.Algebra.GroupWithZero.Hom (3.7s)
✔ [717/804] Built Mathlib.Data.List.Infix (3.4s)
✔ [718/804] Built Mathlib.Data.List.Perm.Subperm (2.5s)
✔ [719/804] Built Mathlib.Data.Set.List (2.1s)
✔ [720/806] Built Mathlib.Data.List.Forall2 (3.2s)
✔ [721/806] Built Mathlib.Data.List.Lattice (4.2s)
✔ [722/806] Built Mathlib.Data.Set.Restrict (3.3s)
✔ [723/806] Built Mathlib.Order.Directed (4.3s)
✔ [724/806] Built Mathlib.Data.Int.Sqrt (2.3s)
✔ [725/806] Built Mathlib.Algebra.Ring.Int.Defs (2.5s)
✔ [726/806] Built Mathlib.Algebra.Group.Even (4.5s)
✔ [727/807] Built Mathlib.Data.Multiset.Defs (4.9s)
✔ [728/811] Built Mathlib.Algebra.GroupWithZero.Action.Defs (6.6s)
✔ [729/811] Built Mathlib.Tactic.FastInstance (4.2s)
✔ [730/811] Built Mathlib.Data.List.Perm.Basic (5.8s)
✔ [731/811] Built Mathlib.Data.List.Nodup (7.8s)
✔ [732/814] Built Mathlib.Algebra.Group.End (10s)
✔ [733/814] Built Mathlib.Util.AtomM (3.0s)
✔ [734/814] Built Mathlib.Data.List.TFAE (2.2s)
✔ [735/814] Built Mathlib.Algebra.Group.Nat.Even (6.8s)
✔ [736/814] Built Mathlib.Data.Multiset.ZeroCons (7.8s)
✔ [737/814] Built Mathlib.Algebra.Module.Defs (7.3s)
✔ [738/814] Built Mathlib.Data.List.Chain (15s)
✔ [739/814] Built Mathlib.Data.Set.Prod (19s)
✔ [740/814] Built Mathlib.Data.List.Perm.Lattice (6.5s)
✔ [741/814] Built Mathlib.Data.List.Duplicate (5.9s)
✔ [742/814] Built Mathlib.Algebra.GroupWithZero.Nat (3.6s)
✔ [743/814] Built Mathlib.Data.List.Dedup (5.0s)
✔ [744/814] Built Mathlib.Data.List.Rotate (7.7s)
✔ [745/814] Built Mathlib.Data.List.OffDiag (10s)
✔ [746/814] Built Mathlib.Algebra.Group.Hom.Instances (13s)
✔ [747/818] Built Mathlib.Data.Multiset.Basic (4.8s)
✔ [748/822] Built Mathlib.Data.List.Range (4.2s)
✔ [749/823] Built Mathlib.Algebra.BigOperators.Group.List.Basic (16s)
✔ [750/823] Built Mathlib.Algebra.Ring.Nat (3.6s)
✔ [751/825] Built Mathlib.Data.Multiset.Count (6.1s)
✔ [752/825] Built Mathlib.Algebra.Group.Int.Even (7.6s)
✔ [753/831] Built Mathlib.Logic.Nontrivial.Basic (4.1s)
✔ [754/831] Built Mathlib.Algebra.Ring.Semiconj (4.6s)
✔ [755/831] Built Mathlib.Tactic.TFAE (14s)
✔ [756/831] Built Mathlib.Algebra.Group.Semiconj.Units (5.6s)
✔ [757/834] Built Mathlib.Data.Bracket (2.2s)
✔ [758/834] Built Mathlib.Algebra.BigOperators.Group.List.Lemmas (6.8s)
✔ [759/834] Built Mathlib.Data.Multiset.AddSub (7.2s)
✔ [760/837] Built Mathlib.Tactic.Nontriviality.Core (6.8s)
✔ [761/841] Built Mathlib.Algebra.Group.Commute.Units (6.6s)
✔ [762/842] Built Mathlib.Algebra.Ring.Basic (7.5s)
✔ [763/845] Built Mathlib.Data.Set.Function (16s)
✔ [764/845] Built Mathlib.Data.Multiset.Replicate (5.7s)
✔ [765/845] Built Mathlib.Algebra.Order.Monoid.Defs (7.1s)
✔ [766/845] Built Mathlib.Tactic.Nontriviality (3.2s)
✔ [767/845] Built Mathlib.Algebra.Order.ZeroLEOne (4.5s)
✔ [768/845] Built Mathlib.Algebra.Ring.InjSurj (18s)
✔ [769/849] Built Mathlib.Data.Set.Piecewise (6.8s)
✔ [771/849] Built Mathlib.Algebra.Order.GroupWithZero.Unbundled.Defs (8.5s)
✔ [772/849] Built Mathlib.Algebra.Order.Group.Synonym (12s)
✔ [773/849] Built Mathlib.Algebra.Order.Group.Unbundled.Basic (18s)
✔ [774/851] Built Mathlib.Algebra.Ring.Hom.Defs (13s)
✔ [775/851] Built Mathlib.Data.Set.Pairwise.Basic (9.8s)
✔ [776/851] Built Mathlib.Algebra.Group.Action.Pi (6.6s)
✔ [777/853] Built Mathlib.Tactic.Bound.Init (4.3s)
✔ [778/854] Built Mathlib.Algebra.GroupWithZero.Units.Basic (8.9s)
✔ [779/854] Built Mathlib.Data.Multiset.MapFold (9.7s)
✔ [780/854] Built Mathlib.Logic.Equiv.Set (15s)
✔ [781/854] Built Mathlib.Algebra.Order.Monoid.Unbundled.OrderDual (4.1s)
✔ [782/854] Built Mathlib.Algebra.Order.Monoid.NatCast (5.8s)
✔ [784/856] Built Mathlib.Algebra.Order.Group.Defs (4.9s)
✔ [785/856] Built Mathlib.Algebra.Order.Group.OrderIso (6.2s)
✔ [786/856] Built Mathlib.Algebra.Order.Monoid.Unbundled.MinMax (5.3s)
✔ [787/856] Built Mathlib.Data.Nat.Cast.Basic (5.1s)
✔ [788/856] Built Mathlib.Algebra.Ring.Units (5.8s)
✔ [789/856] Built Mathlib.Data.Finset.Defs (5.5s)
✔ [790/859] Built Mathlib.Algebra.Ring.GrindInstances (5.3s)
✔ [791/859] Built Mathlib.Tactic.Bound.Attribute (7.0s)
✔ [792/859] Built Mathlib.Algebra.GroupWithZero.Commute (3.3s)
✔ [793/859] Built Mathlib.Order.Bounds.Defs (3.3s)
✔ [794/859] Built Mathlib.Data.Multiset.Filter (7.6s)
✔ [795/859] Built Mathlib.Algebra.Order.Group.Lattice (6.9s)
✔ [796/859] Built Mathlib.Algebra.Order.Monoid.Unbundled.Pow (8.5s)
✔ [797/859] Built Mathlib.Data.Nat.Cast.NeZero (3.9s)
✔ [798/859] Built Mathlib.Data.Finset.Empty (5.6s)
✔ [799/861] Built Mathlib.Data.Finset.Attach (5.2s)
✔ [800/861] Built Mathlib.Algebra.Ring.Commute (7.5s)
✔ [801/861] Built Mathlib.Data.Finset.Erase (5.7s)
✔ [802/861] Built Mathlib.Algebra.BigOperators.Group.Multiset.Defs (6.0s)
✔ [803/861] Built Mathlib.Data.Multiset.UnionInter (7.3s)
✔ [804/862] Built Mathlib.Data.Int.GCD (9.4s)
✔ [805/862] Built Mathlib.Data.Nat.Cast.Order.Basic (8.5s)
✔ [806/864] Built Mathlib.Data.Finset.Filter (7.2s)
✔ [807/864] Built Mathlib.Data.Fin.SuccPred (22s)
✔ [808/865] Built Mathlib.Algebra.Order.Group.Unbundled.Abs (12s)
✔ [809/865] Built Mathlib.Data.Nat.Cast.Commute (6.2s)
✔ [810/865] Built Mathlib.Data.Multiset.Range (5.5s)
✔ [811/865] Built Mathlib.Data.Multiset.Dedup (5.9s)
✔ [812/865] Built Mathlib.Algebra.Order.Monoid.Canonical.Defs (8.3s)
✔ [813/865] Built Mathlib.Data.Option.NAry (3.7s)
✔ [814/867] Built Mathlib.Algebra.Group.WithOne.Defs (6.9s)
✔ [815/867] Built Mathlib.Data.Fin.Embedding (6.7s)
✔ [816/867] Built Mathlib.Algebra.GroupWithZero.Regular (3.9s)
✔ [817/867] Built Mathlib.Algebra.Order.Group.Unbundled.Int (6.1s)
✔ [818/867] Built Mathlib.Data.Fin.Rev (6.4s)
✔ [820/867] Built Mathlib.Algebra.Order.GroupWithZero.Unbundled.Basic (25s)
✔ [821/867] Built Mathlib.Data.Fintype.Defs (10s)
✔ [822/867] Built Mathlib.Algebra.Order.Group.Abs (10s)
✔ [823/873] Built Mathlib.Data.Finset.Dedup (5.5s)
✔ [824/873] Built Mathlib.Algebra.Group.WithOne.Map (4.9s)
✔ [825/876] Built Mathlib.Data.Multiset.Fold (5.8s)
✔ [826/876] Built Mathlib.Algebra.GroupWithZero.Equiv (4.4s)
✔ [827/876] Built Mathlib.Data.Multiset.FinsetOps (6.4s)
✔ [828/876] Built Mathlib.Order.TypeTags (3.5s)
✔ [829/876] Built Mathlib.Algebra.Order.Monoid.OrderDual (3.8s)
✔ [830/876] Built Mathlib.Order.Fin.Basic (7.0s)
✔ [831/883] Built Mathlib.Algebra.Order.Group.Multiset (5.1s)
✔ [832/883] Built Mathlib.Algebra.Regular.Basic (5.9s)
✔ [833/883] Built Mathlib.Algebra.Order.Monoid.Units (5.6s)
✔ [834/883] Built Mathlib.Algebra.Ring.Parity (19s)
✔ [835/886] Built Mathlib.Data.Finset.Lattice.Basic (9.8s)
✔ [836/886] Built Mathlib.Algebra.GroupWithZero.WithZero (13s)
✔ [837/886] Built Mathlib.Algebra.BigOperators.Group.Multiset.Basic (12s)
✔ [838/886] Built Mathlib.Data.Finset.Insert (14s)
✔ [839/886] Built Mathlib.Algebra.Order.Monoid.Unbundled.TypeTags (6.8s)
✔ [840/886] Built Mathlib.Algebra.Order.Group.Units (4.0s)
✔ [841/887] Built Mathlib.Algebra.Order.Ring.Unbundled.Basic (23s)
✔ [842/887] Built Mathlib.Algebra.Order.Sub.Basic (8.1s)
✔ [843/887] Built Mathlib.Data.Int.LeastGreatest (4.4s)
✔ [844/887] Built Mathlib.Data.Fin.Tuple.Basic (20s)
✔ [845/887] Built Mathlib.Data.Finset.Lattice.Lemmas (5.7s)
✔ [846/887] Built Mathlib.Data.Multiset.Bind (9.5s)
✔ [847/887] Built Mathlib.Data.Int.Cast.Lemmas (11s)
✔ [848/887] Built Mathlib.Algebra.Ring.Int.Parity (13s)
✔ [849/889] Built Mathlib.Data.Finset.Range (8.8s)
✔ [850/889] Built Mathlib.Data.Finset.SDiff (9.4s)
✔ [851/889] Built Mathlib.Algebra.Order.Monoid.TypeTags (4.6s)
✔ [852/890] Built Mathlib.Data.Finset.Disjoint (7.8s)
✔ [853/890] Built Mathlib.Util.AtomM.Recurse (4.6s)
✔ [854/890] Built Mathlib.Tactic.HaveI (2.8s)
✔ [855/892] Built Mathlib.Algebra.Order.Ring.Defs (6.5s)
✔ [856/892] Built Mathlib.Lean.Expr.Rat (1.9s)
✔ [857/892] Built Mathlib.Data.List.OfFn (6.2s)
✔ [858/898] Built Mathlib.Algebra.Group.Invertible.Defs (5.4s)
✔ [859/901] Built Mathlib.Data.Rat.Init (2.2s)
✔ [860/901] Built Mathlib.Algebra.Module.NatInt (8.3s)
✔ [861/901] Built Mathlib.Data.List.FinRange (6.8s)
✔ [862/901] Built Mathlib.Algebra.Group.Invertible.Basic (5.0s)
✔ [864/904] Built Mathlib.Algebra.Order.Ring.Int (8.7s)
✔ [865/906] Built Mathlib.Util.Qq (5.2s)
✔ [866/908] Built Mathlib.Data.Finset.Basic (13s)
✔ [867/909] Built Mathlib.Data.Finset.Image (12s)
✔ [868/909] Built Mathlib.Order.WithBot (42s)
✔ [869/909] Built Mathlib.Algebra.Field.Defs (4.9s)
✔ [870/909] Built Mathlib.Algebra.GroupWithZero.Units.Lemmas (4.5s)
✔ [871/909] Built Mathlib.Algebra.GroupWithZero.Invertible (4.7s)
✔ [872/909] Built Mathlib.Algebra.Ring.Int.Units (3.9s)
✔ [873/909] Built Mathlib.Algebra.Ring.Divisibility.Basic (6.3s)
✔ [874/909] Built Mathlib.Algebra.Order.Ring.Basic (8.7s)
✔ [875/909] Built Mathlib.Data.Finset.BooleanAlgebra (7.5s)
✔ [876/909] Built Mathlib.Data.Finset.SymmDiff (5.1s)
✔ [877/910] Built Mathlib.Data.Fintype.OfMap (6.5s)
✔ [878/910] Built Mathlib.Data.Finset.Fold (7.8s)
✔ [879/911] Built Mathlib.Data.List.Sort (21s)
✔ [880/914] Built Mathlib.Data.Set.Monotone (6.8s)
✔ [881/914] Built Mathlib.Algebra.Ring.Invertible (8.7s)
✔ [882/914] Built Mathlib.Data.Fintype.Sets (9.8s)
✔ [883/914] Built Mathlib.Tactic.NormNum.Result (12s)
✔ [884/914] Built Mathlib.Data.Set.NAry (9.8s)
✔ [885/917] Built Mathlib.Order.BoundedOrder.Monotone (3.5s)
✔ [886/917] Built Mathlib.Data.List.NodupEquivFin (8.9s)
✔ [887/920] Built Mathlib.Data.Finset.Union (11s)
✔ [888/925] Built Mathlib.Data.Fintype.Basic (7.0s)
✔ [889/925] Built Mathlib.Control.Basic (4.5s)
✔ [890/925] Built Mathlib.Order.WellFounded (6.6s)
✔ [891/927] Built Mathlib.Algebra.Order.Monoid.Unbundled.WithTop (21s)
✔ [893/927] Built Mathlib.Data.Ineq (2.0s)
✔ [894/929] Built Mathlib.Tactic.FieldSimp.Attr (2.5s)
✔ [895/931] Built Mathlib.Util.DischargerAsTactic (2.4s)
✔ [896/931] Built Mathlib.Algebra.GroupWithZero.Units.Equiv (4.7s)
✔ [897/931] Built Mathlib.Order.Interval.Set.Basic (13s)
✔ [898/931] Built Mathlib.Tactic.NormNum.Core (11s)
✔ [899/931] Built Mathlib.Algebra.Field.Basic (14s)
✔ [900/932] Built Mathlib.Order.Hom.Set (6.7s)
✔ [901/937] Built Mathlib.Util.SynthesizeUsing (3.2s)
✔ [902/939] Built Mathlib.Algebra.Order.GroupWithZero.Unbundled.OrderIso (4.2s)
✔ [903/939] Built Mathlib.Algebra.Field.Power (4.5s)
✔ [904/939] Built Mathlib.Algebra.Order.AddGroupWithTop (6.6s)
✔ [905/941] Built Mathlib.Data.Finset.Card (37s)
✔ [906/941] Built Mathlib.Algebra.Group.Semiconj.Basic (4.2s)
✔ [907/941] Built Mathlib.Data.Rat.Defs (6.6s)
✔ [908/944] Built Mathlib.Algebra.Order.Nonneg.Basic (10s)
✔ [909/944] Built Mathlib.Tactic.FieldSimp.Lemmas (10s)
✔ [910/944] Built Mathlib.Algebra.Divisibility.Units (7.3s)
✔ [911/948] Built Mathlib.Data.Fintype.Card (8.7s)
✔ [912/949] Built Mathlib.Data.PNat.Notation (1.0s)
✔ [913/949] Built Mathlib.Data.Finset.Prod (12s)
✔ [914/949] Built Mathlib.Algebra.Group.Commute.Basic (6.5s)
✔ [915/949] Built Mathlib.Order.Bounds.Basic (19s)
✔ [916/952] Built Mathlib.Algebra.Ring.Rat (6.9s)
✔ [917/952] Built Mathlib.Algebra.GroupWithZero.Divisibility (5.6s)
✔ [918/959] Built Mathlib.Order.Nat (4.7s)
✔ [919/959] Built Mathlib.Tactic.NormNum.Basic (24s)
✔ [920/959] Built Mathlib.Data.PNat.Defs (5.9s)
✔ [921/960] Built Mathlib.Tactic.Linarith.Oracle.SimplexAlgorithm.Datatypes (2.9s)
✔ [922/960] Built Imscribing.Paraconsistent.Belnap (9.3s)
✔ [923/960] Built Mathlib.Data.Fintype.EquivFin (10s)
✔ [924/960] Built Mathlib.Algebra.Order.Ring.Unbundled.Rat (14s)
✔ [925/960] Built Mathlib.Tactic.Linarith.Oracle.SimplexAlgorithm.SimplexAlgorithm (4.4s)
✔ [926/960] Built Mathlib.Tactic.Linarith.Oracle.SimplexAlgorithm.Gauss (2.8s)
✔ [927/962] Built Mathlib.Order.Bounds.Image (8.8s)
✔ [928/964] Built Mathlib.Lean.Meta.Tactic.Rewrite (2.5s)
✔ [929/964] Built Mathlib.Tactic.Linarith.Oracle.SimplexAlgorithm.PositiveVector (2.2s)
✔ [930/964] Built Mathlib.Algebra.Order.GroupWithZero.Canonical (31s)
✔ [931/964] Built Mathlib.Data.Rat.Lemmas (8.7s)
✔ [932/966] Built Mathlib.Data.Fintype.Prod (4.9s)
✔ [933/970] Built Mathlib.Order.Bounds.OrderIso (4.2s)
✔ [935/970] Built Mathlib.Data.Tree.Basic (3.5s)
✔ [936/972] Built Mathlib.Tactic.NormNum.Pow (13s)
✔ [937/972] Built Mathlib.Data.NNRat.Defs (7.9s)
✔ [938/972] Built Mathlib.Tactic.Zify (4.8s)
✔ [939/972] Built Mathlib.Algebra.Order.Ring.Nat (4.5s)
✔ [940/977] Built Mathlib.Algebra.Order.Ring.Canonical (6.2s)
✔ [941/977] Built Mathlib.Data.Bool.Set (4.7s)
✔ [943/981] Built Mathlib.Tactic.Abel (17s)
✔ [944/984] Built Mathlib.Data.Nat.Set (4.3s)
✔ [945/984] Built Mathlib.Algebra.Field.Rat (5.5s)
✔ [946/984] Built Mathlib.Data.Nat.Cast.Order.Ring (7.3s)
✔ [947/984] Built Mathlib.Data.ULift (5.5s)
✔ [948/984] Built Mathlib.Algebra.Order.Field.Canonical (6.2s)
✔ [949/984] Built Mathlib.Tactic.CancelDenoms.Core (12s)
✔ [950/984] Built Mathlib.Order.ConditionallyCompleteLattice.Defs (7.1s)
✔ [951/984] Built Mathlib.Order.CompleteLattice.Defs (9.3s)
✔ [952/985] Built Mathlib.Order.LatticeIntervals (9.4s)
✔ [953/986] Built Mathlib.Algebra.Order.Invertible (7.2s)
✔ [954/989] Built Mathlib.Tactic.Linarith.Lemmas (8.0s)
✔ [955/989] Built Mathlib.Data.Rat.Cast.Defs (10s)
✔ [956/989] Built Mathlib.Algebra.Order.Ring.Cast (12s)
✔ [957/989] Built Mathlib.Data.Set.Order (7.7s)
✔ [958/989] Built Mathlib.Algebra.Order.Ring.Abs (14s)
✔ [959/989] Built Mathlib.Algebra.Order.Ring.Pow (12s)
✔ [960/996] Built Mathlib.Order.Interval.Set.Image (9.7s)
✔ [961/999] Built Mathlib.Tactic.Linarith.Datatypes (9.6s)
✔ [962/1001] Built Mathlib.Lean.Expr.ExtraRecognizers (2.4s)
✔ [963/1001] Built Mathlib.Data.Rat.Cast.CharZero (7.2s)
✔ [964/1001] Built Mathlib.Tactic.Linarith.Parsing (7.6s)
✔ [965/1004] Built Mathlib.Order.CompleteLattice.Basic (20s)
✔ [966/1004] Built Mathlib.Algebra.Order.Floor.Defs (9.6s)
✔ [967/1004] Built Mathlib.Tactic.Linarith.Oracle.SimplexAlgorithm (6.4s)
✔ [968/1004] Built Mathlib.Algebra.Order.Monoid.Basic (3.9s)
✔ [969/1004] Built Mathlib.Data.Set.Notation (3.8s)
✔ [970/1004] Built Mathlib.Tactic.Linarith.Preprocessing (11s)
✔ [971/1005] Built Mathlib.Algebra.Order.Positive.Ring (5.8s)
✔ [972/1005] Built Mathlib.Tactic.Positivity.Core (19s)
✔ [973/1005] Built Mathlib.Order.Interval.Set.LinearOrder (19s)
✔ [974/1005] Built Mathlib.Order.CompleteLattice.Lemmas (5.4s)
✔ [975/1005] Built Mathlib.Algebra.Order.Ring.Rat (5.1s)
✔ [976/1005] Built Mathlib.Tactic.NormNum.Inv (8.7s)
✔ [977/1005] Built Mathlib.Tactic.Linarith.Verification (8.8s)
✔ [978/1008] Built Imscribing.Paraconsistent.SixteenThreeTrilattice (51s)
✔ [979/1008] Built Mathlib.Algebra.Order.Ring.InjSurj (4.4s)
✔ [980/1008] Built Mathlib.Order.GaloisConnection.Basic (8.4s)
✔ [981/1008] Built Mathlib.Order.Preorder.Chain (7.4s)
✔ [982/1008] Built Mathlib.Tactic.NormNum.Abs (6.8s)
✔ [983/1008] Built Mathlib.Tactic.FieldSimp.Discharger (6.3s)
✔ [984/1010] Built Mathlib.Tactic.NormNum.Eq (8.8s)
✔ [985/1011] Built Mathlib.Algebra.Order.Floor.Semiring (14s)
✔ [987/1011] Built Mathlib.Order.Interval.Set.UnorderedInterval (13s)
✔ [988/1011] Built Mathlib.Order.Antichain (11s)
✔ [989/1013] Built Mathlib.Order.Interval.Set.OrderEmbedding (7.6s)
✔ [990/1023] Built Mathlib.Algebra.Order.Group.PosPart (15s)
✔ [994/1023] Built Mathlib.Data.Nat.Factorial.Basic (13s)
✔ [995/1023] Built Mathlib.Tactic.NormNum.Ineq (19s)
✔ [996/1029] Built Mathlib.Data.Int.CharZero (4.0s)
✔ [997/1033] Built Mathlib.Algebra.Order.Field.Basic (31s)
✔ [998/1033] Built Mathlib.Order.CompleteBooleanAlgebra (26s)
✔ [999/1034] Built Mathlib.Order.Interval.Set.OrdConnected (7.0s)
✔ [1000/1034] Built Mathlib.Data.PNat.Equiv (3.6s)
✔ [1001/1038] Built Mathlib.Algebra.Order.Hom.Basic (6.9s)
✔ [1002/1038] Built Mathlib.Data.Set.BooleanAlgebra (4.0s)
✔ [1003/1038] Built Mathlib.Tactic.NormNum.DivMod (6.0s)
✔ [1004/1038] Built Mathlib.Algebra.Order.Group.Basic (6.2s)
✔ [1005/1039] Built Mathlib.Algebra.AddTorsor.Defs (5.8s)
✔ [1006/1044] Built Mathlib.Data.PNat.Basic (6.7s)
✔ [1007/1046] Built Mathlib.Algebra.Group.Action.Units (6.1s)
✔ [1008/1046] Built Mathlib.Algebra.Group.Pointwise.Set.Scalar (9.2s)
✔ [1009/1046] Built Mathlib.Logic.Function.DependsOn (7.3s)
✔ [1010/1046] Built Mathlib.Data.Multiset.Pi (7.8s)
✔ [1011/1046] Built Mathlib.Data.Set.Finite.Basic (14s)
✔ [1012/1052] Built Mathlib.Algebra.Group.Action.Basic (8.9s)
✔ [1013/1052] Built Mathlib.Tactic.Ring.Common (55s)
✔ [1014/1054] Built Mathlib.Data.Set.Lattice (20s)
✔ [1015/1054] Built Mathlib.Algebra.Group.Action.TypeTags (4.6s)
✔ [1016/1054] Built Mathlib.Data.Finset.Pi (9.4s)
✔ [1017/1054] Built Mathlib.Algebra.AddTorsor.Basic (6.9s)
✔ [1018/1054] Built Mathlib.Algebra.Group.Conj (4.7s)
✔ [1019/1054] Built Mathlib.Tactic.Ring.Basic (6.6s)
✔ [1020/1054] Built Mathlib.Algebra.Group.Action.Pretransitive (5.6s)
✔ [1021/1054] Built Mathlib.Tactic.Positivity.Basic (34s)
✔ [1022/1054] Built Mathlib.Data.Fintype.Pi (8.5s)
✔ [1023/1054] Built Mathlib.Order.ConditionallyCompleteLattice.Basic (14s)
✔ [1024/1054] Built Mathlib.Tactic.FieldSimp (65s)
✔ [1025/1054] Built Mathlib.Tactic.Ring.PNat (3.5s)
✔ [1026/1054] Built Mathlib.Algebra.Group.Action.Hom (5.1s)
✔ [1027/1056] Built Mathlib.Data.Finite.Prod (5.5s)
✔ [1028/1058] Built Mathlib.Tactic.Ring.RingNF (10s)
✔ [1029/1058] Built Mathlib.Algebra.Group.Pi.Lemmas (18s)
✔ [1030/1060] Built Mathlib.Algebra.Group.Pointwise.Set.Basic (32s)
✔ [1031/1070] Built Mathlib.Tactic.Field (5.3s)
✔ [1032/1070] Built Mathlib.Tactic.Linarith.Frontend (11s)
✔ [1033/1071] Built Mathlib.Order.CompleteLatticeIntervals (10s)
✔ [1034/1075] Built Mathlib.Algebra.Group.Action.End (5.9s)
✔ [1035/1080] Built Mathlib.Tactic.Ring (4.6s)
✔ [1036/1081] Built Mathlib.Data.Set.Lattice.Image (28s)
✔ [1037/1081] Built Mathlib.Data.Countable.Defs (4.2s)
✔ [1038/1081] Built Mathlib.Algebra.Group.Subsemigroup.Defs (8.1s)
✔ [1039/1081] Built Mathlib.Algebra.Group.Pointwise.Set.Finite (6.7s)
✔ [1040/1081] Built Mathlib.Algebra.Order.Nonneg.Lattice (5.5s)
✔ [1041/1081] Built Mathlib.Tactic.ApplyFun (7.4s)
✔ [1042/1081] Built Mathlib.Data.Nat.Bits (6.7s)
✔ [1043/1081] Built Mathlib.Algebra.Group.Idempotent (5.2s)
✔ [1044/1083] Built Mathlib.Data.Nat.Pairing (5.5s)
✔ [1045/1085] Built Mathlib.Algebra.Group.Pointwise.Set.Lattice (8.8s)
✔ [1047/1085] Built Mathlib.Algebra.Group.Subsemigroup.Basic (7.8s)
✔ [1048/1088] Built Mathlib.Algebra.FreeMonoid.Basic (13s)
✔ [1049/1088] Built Mathlib.Algebra.Order.BigOperators.Group.List (8.4s)
✔ [1050/1088] Built Mathlib.Algebra.Order.Nonneg.Ring (8.6s)
✔ [1051/1089] Built Mathlib.Algebra.Group.Action.Pointwise.Set.Basic (13s)
✔ [1052/1093] Built Mathlib.Data.Prod.Lex (7.9s)
✔ [1053/1093] Built Mathlib.Logic.Equiv.Nat (4.7s)
✔ [1054/1093] Built Mathlib.Algebra.Group.Submonoid.Defs (10s)
✔ [1055/1093] Built Mathlib.Data.Multiset.Sum (4.6s)
✔ [1056/1093] Built Mathlib.Algebra.Group.Subsemigroup.MulOpposite (6.8s)
✔ [1057/1093] Built Mathlib.Logic.Embedding.Set (7.5s)
✔ [1058/1093] Built Mathlib.Data.Multiset.Lattice (6.6s)
✔ [1059/1094] Built Mathlib.Logic.Encodable.Basic (6.7s)
✔ [1060/1094] Built Mathlib.Algebra.Order.Nonneg.Field (10s)
✔ [1062/1094] Built Mathlib.Algebra.Group.Submonoid.MulAction (7.3s)
✔ [1063/1096] Built Mathlib.Algebra.Group.Submonoid.Basic (8.2s)
✔ [1064/1098] Built Mathlib.Order.RelIso.Set (5.8s)
✔ [1065/1098] Built Mathlib.Order.Hom.Bounded (13s)
✔ [1066/1101] Built Mathlib.Order.Hom.Lattice (13s)
✔ [1067/1103] Built Mathlib.Algebra.Order.Field.Rat (4.3s)
✔ [1068/1103] Built Mathlib.Data.Finset.Sum (9.0s)
✔ [1069/1105] Built Mathlib.Tactic.NormNum.OfScientific (6.5s)
✔ [1070/1105] Built Mathlib.Data.List.Zip (4.5s)
✔ [1071/1105] Built Mathlib.Algebra.Group.Submonoid.MulOpposite (7.4s)
✔ [1072/1106] Built Mathlib.Algebra.Group.Subgroup.Defs (18s)
✔ [1073/1106] Built Mathlib.Data.Set.Pairwise.Lattice (7.8s)
✔ [1074/1106] Built Mathlib.Data.Nat.Choose.Basic (10s)
✔ [1075/1108] Built Mathlib.Data.Set.Finite.Range (6.8s)
✔ [1076/1110] Built Mathlib.Algebra.Group.Embedding (4.8s)
✔ [1077/1111] Built Mathlib.Algebra.Group.Subgroup.MulOpposite (8.5s)
✔ [1078/1116] Built Mathlib.Data.List.Sublists (7.1s)
✔ [1079/1116] Built Mathlib.Order.ConditionallyCompleteLattice.Indexed (12s)
✔ [1080/1122] Built Mathlib.Data.Rat.Cast.Order (15s)
✔ [1081/1122] Built Mathlib.Order.Antisymmetrization (9.4s)
✔ [1082/1123] Built Mathlib.Order.Hom.BoundedLattice (20s)
✔ [1083/1129] Built Mathlib.Order.Interval.Set.WithBotTop (7.1s)
✔ [1084/1129] Built Mathlib.Data.Multiset.Powerset (6.6s)
✔ [1085/1129] Built Mathlib.Tactic.NormNum (4.9s)
✔ [1087/1130] Built Mathlib.Data.Finset.Option (6.0s)
✔ [1088/1130] Built Mathlib.Data.Nat.Order.Lemmas (5.6s)
✔ [1089/1130] Built Mathlib.Data.Set.Sigma (15s)
✔ [1090/1130] Built Mathlib.Order.Hom.WithTopBot (11s)
✔ [1091/1130] Built Mathlib.Order.Minimal (12s)
✔ [1092/1134] Built Mathlib.Order.CompleteLattice.Finset (7.8s)
✔ [1093/1139] Built Mathlib.Data.List.MinMax (11s)
✔ [1094/1139] Built Mathlib.Algebra.Group.Submonoid.Operations (37s)
✔ [1095/1139] Built Mathlib.Order.Preorder.Finite (6.4s)
✔ [1096/1145] Built Mathlib.GroupTheory.GroupAction.Defs (14s)
✔ [1098/1146] Built Mathlib.Data.Finset.Lattice.Fold (24s)
✔ [1100/1146] Built Mathlib.Logic.Denumerable (10s)
✔ [1101/1146] Built Mathlib.Order.Cover (17s)
✔ [1102/1146] Built Mathlib.Data.Finset.Lattice.Union (8.5s)
✔ [1103/1149] Built Mathlib.Data.Finset.Sigma (10s)
