warning: mathlib: repository '/home/mrnob0dy666/imsgct/p4rakernel/p4ramill/.lake/packages/mathlib' has local changes
warning: plausible: repository '/home/mrnob0dy666/imsgct/p4rakernel/p4ramill/.lake/packages/plausible' has local changes
warning: LeanSearchClient: repository '/home/mrnob0dy666/imsgct/p4rakernel/p4ramill/.lake/packages/LeanSearchClient' has local changes
warning: importGraph: repository '/home/mrnob0dy666/imsgct/p4rakernel/p4ramill/.lake/packages/importGraph' has local changes
warning: proofwidgets: repository '/home/mrnob0dy666/imsgct/p4rakernel/p4ramill/.lake/packages/proofwidgets' has local changes
warning: aesop: repository '/home/mrnob0dy666/imsgct/p4rakernel/p4ramill/.lake/packages/aesop' has local changes
warning: Qq: repository '/home/mrnob0dy666/imsgct/p4rakernel/p4ramill/.lake/packages/Qq' has local changes
warning: batteries: repository '/home/mrnob0dy666/imsgct/p4rakernel/p4ramill/.lake/packages/batteries' has local changes
warning: Cli: repository '/home/mrnob0dy666/imsgct/p4rakernel/p4ramill/.lake/packages/Cli' has local changes
ℹ [8029/8033] Replayed Imscribing.Paraconsistent.DialetheicWitness
info: Imscribing/Paraconsistent/DialetheicWitness.lean:79:0: 'Imscribing.Paraconsistent.DialetheicWitness.anAdmittedVerdict' does not depend on any axioms
info: Imscribing/Paraconsistent/DialetheicWitness.lean:117:0: 'Imscribing.Paraconsistent.DialetheicWitness.engagrVerdict_is_B' depends on axioms: [propext,
 Classical.choice,
 Quot.sound]
info: Imscribing/Paraconsistent/DialetheicWitness.lean:158:0: 'Imscribing.Paraconsistent.DialetheicWitness.unionCreatesVerdict_is_B' does not depend on any axioms
info: Imscribing/Paraconsistent/DialetheicWitness.lean:193:0: 'Imscribing.Paraconsistent.DialetheicWitness.cosmicHolonomyVerdict_is_B' depends on axioms: [propext,
 Classical.choice,
 Quot.sound]
✔ [8033/8033] Built Imscribing.NS_DifferentialConvention (23s)
Build completed successfully (8033 jobs).
